core_cm3.h:1762:34:void __NVIC_SystemReset()	0	static,ignoring_inline_asm
FFBoardMain.cpp:29:23:virtual const ClassIdentifier FFBoardMain::getInfo()	0	static
FFBoardMain.cpp:42:6:virtual bool FFBoardMain::command(ParsedCommand*, std::__cxx11::string*)	0	static
FFBoardMain.cpp:132:6:virtual void FFBoardMain::update()	0	static
FFBoardMain.cpp:102:6:virtual void FFBoardMain::executeCommands(std::vector<ParsedCommand>)	96	static
FFBoardMain.cpp:123:6:virtual void FFBoardMain::usbInit()	8	static
FFBoardMain.cpp:36:6:virtual void FFBoardMain::cdcRcv(char*, uint32_t*)	32	static
FFBoardMain.h:42:15:virtual bool FFBoardMain::_ZThn4_N11FFBoardMain7commandEP13ParsedCommandPNSt7__cxx1112basic_stringIcSt11char_traitsIcESaIcEEE(ParsedCommand*, std::__cxx11::string*)	0	static
std_function.h:273:5:std::_Function_base::~_Function_base()	8	static
FFBoardMain.cpp:25:1:FFBoardMain::FFBoardMain()	8	static
string_conversions.h:99:5:) [with _String = std::__cxx11::basic_string<char>; _CharT = char]	36	dynamic
basic_string.h:6405:3:std::__cxx11::string std::__cxx11::to_string(int)	16	static
basic_string.h:6034:5:bool std::operator==(const std::__cxx11::basic_string<_CharT, _Traits, _Alloc>&, const _CharT*) [with _CharT = char; _Traits = std::char_traits<char>; _Alloc = std::allocator<char>]	8	static
std_function.h:671:5:)>&) [with _Res = FFBoardMain*; _ArgTypes = {}]	16	static
FFBoardMain.cpp:47:6:virtual bool FFBoardMain::executeSysCommand(ParsedCommand*, std::__cxx11::string*)	112	static
FFBoardMain.cpp:142:1:FFBoardMain::~FFBoardMain()	8	static
FFBoardMain.cpp:142:1:virtual FFBoardMain::~FFBoardMain()	8	static
