string_conversions.h:99:5:) [with _String = std::__cxx11::basic_string<char>; _CharT = char]	36	dynamic
basic_string.h:6405:3:std::__cxx11::string std::__cxx11::to_string(int)	16	static
basic_string.h:6034:5:bool std::operator==(const std::__cxx11::basic_string<_CharT, _Traits, _Alloc>&, const _CharT*) [with _CharT = char; _Traits = std::char_traits<char>; _Alloc = std::allocator<char>]	8	static
FFBWheel_commands.cpp:33:6:bool FFBWheel::executeSysCommand(ParsedCommand*, std::__cxx11::string*)	40	static,ignoring_inline_asm
FFBWheel_commands.cpp:11:6:void FFBWheel::executeCommands(std::vector<ParsedCommand>)	96	static
FFBWheel_commands.cpp:61:6:virtual bool FFBWheel::command(ParsedCommand*, std::__cxx11::string*)	80	static
