FFBWheel.cpp:140:6:virtual void FFBWheel::adcUpd(volatile uint32_t*)	4	static
FFBWheel.cpp:228:6:virtual void FFBWheel::timerElapsed(TIM_HandleTypeDef*)	0	static
FFBWheel.h:46:7:virtual void FFBWheel::_ZThn4_N8FFBWheel12timerElapsedEP17TIM_HandleTypeDef(TIM_HandleTypeDef*)	0	static
FFBWheel.cpp:33:6:void FFBWheel::setCfFilter(uint32_t, uint8_t)	24	static
FFBWheel.cpp:44:6:void FFBWheel::restoreFlash()	64	static
FFBWheel.cpp:9:1:FFBWheel::FFBWheel()	32	static
FFBWheel.cpp:58:6:void FFBWheel::saveFlash()	64	static
FFBWheel.cpp:120:9:int32_t FFBWheel::map(int32_t, int32_t, int32_t, int32_t, int32_t)	4	static
FFBWheel.cpp:126:9:int16_t FFBWheel::updateEndstop()	16	static
FFBWheel.cpp:158:9:int32_t FFBWheel::getEncValue(EncoderLocal*, uint16_t)	24	static
FFBWheel.cpp:183:6:void FFBWheel::send_report()	16	static
FFBWheel.cpp:73:6:void FFBWheel::update()	32	static
FFBWheel.cpp:234:6:void FFBWheel::cdcRcv(char*, uint32_t*)	32	static
FFBWheel.cpp:240:6:void FFBWheel::usbInit()	0	static
FFBWheel.cpp:243:6:void FFBWheel::SOF()	0	static
FFBWheel.cpp:248:16:static FFBWheelConfig FFBWheel::decodeConf()	16	static
FFBWheel.cpp:260:6:void FFBWheel::initEncoder()	24	static
FFBWheel.cpp:28:1:FFBWheel::~FFBWheel()	8	static
FFBWheel.h:26:10:virtual void* FFBWheel::_ZThn8_N8FFBWheelD0Ev()	16	static
FFBWheel.h:26:10:virtual void* FFBWheel::_ZThn4_N8FFBWheelD0Ev()	16	static
FFBWheel.cpp:28:1:virtual FFBWheel::~FFBWheel()	8	static
FFBWheel.h:26:10:virtual void* FFBWheel::_ZThn8_N8FFBWheelD1Ev()	16	static
FFBWheel.h:26:10:virtual void* FFBWheel::_ZThn4_N8FFBWheelD1Ev()	16	static
