ffb_defs.h:143:27:FFB_BlockLoad_Feature_Data_t::FFB_BlockLoad_Feature_Data_t()	16	static
ffb_defs.h:158:27:constexpr FFB_PIDPool_Feature_Data_t::FFB_PIDPool_Feature_Data_t()	16	static
ffb_defs.h:105:27:constexpr reportFFB_status_t::reportFFB_status_t()	16	static
ffb_defs.h:198:3:FFB_Effect::FFB_Effect()	16	static
HidFFB.cpp:4:1:HidFFB::HidFFB()	24	static
HidFFB.cpp:8:1:HidFFB::~HidFFB()	16	static
HidFFB.cpp:8:1:virtual HidFFB::~HidFFB()	16	static
HidFFB.cpp:13:6:virtual void HidFFB::hidOut(uint8_t*)	24	static
HidFFB.cpp:82:6:void HidFFB::free_effect(uint16_t)	24	static
HidFFB.cpp:93:6:virtual void HidFFB::hidGet(uint8_t, uint16_t, uint8_t**)	24	static
HidFFB.cpp:110:6:void HidFFB::start_FFB()	16	static
HidFFB.cpp:115:6:void HidFFB::stop_FFB()	16	static
HidFFB.cpp:122:6:void HidFFB::ffb_control(uint8_t)	16	static
HidFFB.cpp:145:6:void HidFFB::set_constant_effect(FFB_SetConstantForce_Data_t*)	16	static
HidFFB.cpp:149:6:void HidFFB::new_effect(FFB_CreateNewEffect_Feature_Data_t*)	96	static
HidFFB.cpp:174:6:void HidFFB::set_effect(FFB_SetEffect_t*)	24	static
HidFFB.cpp:203:6:void HidFFB::set_envelope(FFB_SetEnvelope_Data_t*)	24	static
HidFFB.cpp:213:6:void HidFFB::set_ramp_effect(FFB_SetRampForce_Data_t*)	24	static
HidFFB.cpp:221:6:void HidFFB::set_filters(FFB_Effect*)	40	static
HidFFB.cpp:238:6:void HidFFB::set_condition(FFB_SetCondition_Data_t*)	24	static
HidFFB.cpp:252:6:void HidFFB::set_periodic(FFB_SetPeriodic_Data_t*)	24	static
HidFFB.cpp:262:9:uint8_t HidFFB::find_free_effect(uint8_t)	24	static
HidFFB.cpp:273:6:void HidFFB::reset_ffb()	24	static
HidFFB.cpp:282:9:int32_t HidFFB::calculateEffects(int32_t, uint8_t)	128	static
cppmain.h:40:3:T clip(T, C, C) [with T = long int; C = long int]	24	static
stl_algobase.h:219:5:constexpr const _Tp& std::max(const _Tp&, const _Tp&) [with _Tp = short unsigned int]	16	static
