MotorPWM.cpp:39:1:MotorPWM_HB::~MotorPWM_HB()	8	static
MotorPWM.cpp:39:1:virtual MotorPWM_HB::~MotorPWM_HB()	8	static
MotorPWM.cpp:23:1:MotorPWM_HB::MotorPWM_HB()	0	static
MotorPWM.cpp:44:6:void MotorPWM_HB::start()	0	static
MotorPWM.cpp:55:6:void pwmInitTimer(TIM_HandleTypeDef*, uint32_t, uint32_t)	48	static
MotorPWM.cpp:75:6:void setPWM(uint16_t, TIM_HandleTypeDef*, uint32_t, uint32_t)	48	static
MotorPWM.cpp:8:6:void MotorPWM_HB::turn(int16_t)	16	static
MotorPWM.cpp:48:6:void MotorPWM_HB::stop()	0	static
