CmdParser.cpp:16:1:CmdParser::~CmdParser()	8	static
CmdParser.cpp:16:1:virtual CmdParser::~CmdParser()	8	static
CmdParser.cpp:11:1:CmdParser::CmdParser()	24	static
CmdParser.cpp:20:6:void CmdParser::clear()	0	static
CmdParser.cpp:25:6:bool CmdParser::add(char*, uint32_t*)	32	static
vector.tcc:426:7:) [with _Args = {const ParsedCommand&}; _Tp = ParsedCommand; _Alloc = std::allocator<ParsedCommand>]	56	static
vector.tcc:426:7:) [with _Args = {const std::__cxx11::basic_string<char, std::char_traits<char>, std::allocator<char> >&}; _Tp = std::__cxx11::basic_string<char>; _Alloc = std::allocator<std::__cxx11::basic_string<char> >]	56	static
CmdParser.cpp:55:28:std::vector<ParsedCommand> CmdParser::parse()	376	static
