EncoderLocal.cpp:38:6:virtual void EncoderLocal::exti(uint16_t)	0	static
EncoderLocal.cpp:20:1:EncoderLocal::~EncoderLocal()	8	static
EncoderLocal.cpp:44:6:virtual void EncoderLocal::timerElapsed(TIM_HandleTypeDef*)	0	static
EncoderLocal.h:23:7:virtual void EncoderLocal::_ZThn4_N12EncoderLocal12timerElapsedEP17TIM_HandleTypeDef(TIM_HandleTypeDef*)	0	static
EncoderLocal.h:15:10:virtual void* EncoderLocal::_ZThn4_N12EncoderLocalD0Ev()	16	static
EncoderLocal.cpp:20:1:virtual EncoderLocal::~EncoderLocal()	8	static
EncoderLocal.h:15:10:virtual void* EncoderLocal::_ZThn4_N12EncoderLocalD1Ev()	16	static
EncoderLocal.cpp:10:1:EncoderLocal::EncoderLocal()	24	static
EncoderLocal.cpp:25:9:int32_t EncoderLocal::getPos()	0	static
EncoderLocal.cpp:29:6:void EncoderLocal::setPos(int32_t)	0	static
EncoderLocal.cpp:34:6:void EncoderLocal::setPeriod(uint32_t)	0	static
EncoderLocal.cpp:50:6:void EncoderLocal::overflowCallback()	0	static
EncoderLocal.cpp:63:10:uint32_t EncoderLocal::getPpr()	0	static
EncoderLocal.cpp:67:10:uint32_t EncoderLocal::getPosCpr()	0	static
EncoderLocal.cpp:71:6:void EncoderLocal::setPpr(uint32_t)	0	static
