global_callbacks.cpp:22:6:void HAL_ADC_ConvCpltCallback(ADC_HandleTypeDef*)	16	static
global_callbacks.cpp:29:6:void HAL_TIM_PeriodElapsedCallback(TIM_HandleTypeDef*)	16	static
global_callbacks.cpp:36:6:void HAL_GPIO_EXTI_Callback(uint16_t)	16	static
global_callbacks.cpp:42:6:void CDC_Callback(uint8_t*, uint32_t*)	16	static
global_callbacks.cpp:49:6:void USBD_OutEvent_HID(uint8_t*)	0	static
global_callbacks.cpp:53:6:void USBD_GetEvent_HID(uint8_t, uint16_t, uint8_t**)	8	static
global_callbacks.cpp:58:6:void USB_SOF()	0	static
global_callbacks.cpp:61:1:cpp)	0	static
global_callbacks.cpp:61:1:cpp)	8	static
