HidFFB.cpp:92:6:virtual void HidFFB::hidGet(uint8_t, uint16_t, uint8_t**)	0	static
HidFFB.cpp:12:1:HidFFB::~HidFFB()	8	static
HidFFB.cpp:12:1:virtual HidFFB::~HidFFB()	8	static
HidFFB.cpp:4:1:HidFFB::HidFFB()	192	static
HidFFB.cpp:86:6:void HidFFB::free_effect(uint16_t)	0	static
HidFFB.cpp:107:6:void HidFFB::start_FFB()	0	static
HidFFB.cpp:112:6:void HidFFB::stop_FFB()	0	static
HidFFB.cpp:119:6:void HidFFB::ffb_control(uint8_t)	4	static
HidFFB.cpp:141:6:void HidFFB::set_constant_effect(FFB_SetConstantForce_Data_t*)	4	static
HidFFB.cpp:145:6:void HidFFB::new_effect(FFB_CreateNewEffect_Feature_Data_t*)	80	static
HidFFB.cpp:17:6:virtual void HidFFB::hidOut(uint8_t*)	24	static
HidFFB.cpp:167:6:void HidFFB::set_effect(FFB_SetEffect_t*)	16	static
HidFFB.cpp:195:6:void HidFFB::set_envelope(FFB_SetEnvelope_Data_t*)	4	static
HidFFB.cpp:205:6:void HidFFB::set_ramp_effect(FFB_SetRampForce_Data_t*)	0	static
HidFFB.cpp:214:6:void HidFFB::set_condition(FFB_SetCondition_Data_t*)	8	static
HidFFB.cpp:228:6:void HidFFB::set_periodic(FFB_SetPeriodic_Data_t*)	12	static
HidFFB.cpp:238:9:uint8_t HidFFB::find_free_effect(uint8_t)	0	static
HidFFB.cpp:249:6:void HidFFB::reset_ffb()	0	static
HidFFB.cpp:258:9:int32_t HidFFB::ConstantForceCalculator(FFB_Effect*)	8	static
HidFFB.cpp:264:9:int32_t HidFFB::RampForceCalculator(FFB_Effect*)	0	static
HidFFB.cpp:338:9:int32_t HidFFB::SquareForceCalculator(FFB_Effect*)	24	static
HidFFB.cpp:357:9:int32_t HidFFB::SinForceCalculator(FFB_Effect*)	24	static
HidFFB.cpp:371:9:int32_t HidFFB::TriangleForceCalculator(FFB_Effect*)	40	static
HidFFB.cpp:393:9:int32_t HidFFB::SawtoothDownForceCalculator(FFB_Effect*)	32	static
HidFFB.cpp:414:9:int32_t HidFFB::SawtoothUpForceCalculator(FFB_Effect*)	32	static
HidFFB.cpp:435:9:int32_t HidFFB::ConditionForceCalculator(FFB_Effect*, float)	48	static
HidFFB.cpp:270:9:int32_t HidFFB::calculateEffects(EncoderLocal*)	64	static
HidFFB.cpp:468:9:int32_t HidFFB::ApplyGain(uint32_t, uint8_t)	0	static
HidFFB.cpp:473:9:int32_t HidFFB::ApplyEnvelope(FFB_Effect*, int32_t)	24	static
HidFFB.cpp:502:7:float HidFFB::NormalizeRange(int32_t, int32_t)	16	static
HidFFB.cpp:507:6:void HidFFB::set_config(FFBWheelConfig*)	0	static
