stm32f1xx_hal_msp.c:69:6:HAL_MspInit	16	static
stm32f1xx_hal_msp.c:107:6:HAL_ADC_MspInit	48	static
stm32f1xx_hal_msp.c:157:6:HAL_ADC_MspDeInit	8	static
stm32f1xx_hal_msp.c:188:6:HAL_I2C_MspInit	48	static
stm32f1xx_hal_msp.c:229:6:HAL_I2C_MspDeInit	8	static
stm32f1xx_hal_msp.c:263:6:HAL_TIM_Base_MspInit	40	static
stm32f1xx_hal_msp.c:328:6:HAL_TIM_Encoder_MspInit	48	static
stm32f1xx_hal_msp.c:359:6:HAL_TIM_MspPostInit	40	static
stm32f1xx_hal_msp.c:410:6:HAL_TIM_Base_MspDeInit	0	static
stm32f1xx_hal_msp.c:460:6:HAL_TIM_Encoder_MspDeInit	8	static
stm32f1xx_hal_msp.c:491:6:HAL_PCD_MspInit	16	static
stm32f1xx_hal_msp.c:514:6:HAL_PCD_MspDeInit	0	static
