stm32f1xx_hal_msp.c:69:6:HAL_MspInit	8	static
stm32f1xx_hal_msp.c:95:6:HAL_ADC_MspInit	40	static
stm32f1xx_hal_msp.c:145:6:HAL_ADC_MspDeInit	8	static
stm32f1xx_hal_msp.c:176:6:HAL_I2C_MspInit	32	static
stm32f1xx_hal_msp.c:212:6:HAL_I2C_MspDeInit	0	static
stm32f1xx_hal_msp.c:241:6:HAL_TIM_Base_MspInit	32	static
stm32f1xx_hal_msp.c:306:6:HAL_TIM_Encoder_MspInit	32	static
stm32f1xx_hal_msp.c:337:6:HAL_TIM_MspPostInit	32	static
stm32f1xx_hal_msp.c:388:6:HAL_TIM_Base_MspDeInit	0	static
stm32f1xx_hal_msp.c:438:6:HAL_TIM_Encoder_MspDeInit	8	static
stm32f1xx_hal_msp.c:469:6:HAL_PCD_MspInit	16	static
stm32f1xx_hal_msp.c:492:6:HAL_PCD_MspDeInit	0	static
