usbd_cdc.c:384:17:USBD_CDC_DataIn	0	static
usbd_cdc.c:438:17:USBD_CDC_EP0_RxReady	8	static
usbd_cdc.c:460:18:USBD_CDC_GetFSCfgDesc	0	static
usbd_cdc.c:498:11:USBD_CDC_GetDeviceQualifierDescriptor	0	static
usbd_cdc.c:408:17:USBD_CDC_DataOut	16	static
usbd_cdc.c:310:17:USBD_CDC_Setup	16	static
usbd_cdc.c:274:17:USBD_CDC_DeInit	16	static
usbd_cdc.c:186:17:USBD_CDC_Init	16	static
usbd_cdc.c:486:18:USBD_CDC_GetOtherSpeedCfgDesc	0	static
usbd_cdc.c:473:18:USBD_CDC_GetHSCfgDesc	0	static
usbd_cdc.c:510:10:USBD_CDC_RegisterInterface	0	static
usbd_cdc.c:531:10:USBD_CDC_SetTxBuffer	0	static
usbd_cdc.c:550:10:USBD_CDC_SetRxBuffer	0	static
usbd_cdc.c:566:10:USBD_CDC_TransmitPacket	8	static
usbd_cdc.c:603:10:USBD_CDC_ReceivePacket	8	static
