usbd_composite.c:83:16:USBD_Composite_IsoINIncomplete	0	static
usbd_composite.c:153:16:USBD_Composite_Init	24	static
usbd_composite.c:165:17:USBD_Composite_DeInit	24	static
usbd_composite.c:208:16:USBD_Composite_DataIn	0	static
usbd_composite.c:216:16:USBD_Composite_DataOut	0	static
usbd_composite.c:226:16:USBD_Composite_EP0_RxReady	24	static
usbd_composite.c:238:16:USBD_Composite_EP0_TxSent	0	static
usbd_composite.c:242:18:USBD_Composite_GetFSCfgDesc	0	static
usbd_composite.c:272:11:USBD_Composite_GetDeviceQualifierDescriptor	0	static
usbd_composite.c:90:17:USBD_Composite_SOF	24	static
usbd_composite.c:176:16:USBD_Composite_Setup	32	static
usbd_composite.c:87:16:USBD_Composite_IsoOUTIncomplete	0	static
usbd_composite.c:247:18:USBD_Composite_GetHSCfgDesc	0	static
usbd_composite.c:252:18:USBD_Composite_GetOtherSpeedCfgDesc	0	static
usbd_composite.c:100:6:USBD_Composite_EPIN_To_Class	0	static
usbd_composite.c:104:6:USBD_Composite_EPOUT_To_Class	0	static
usbd_composite.c:108:6:USBD_Composite_Set_Descriptor	0	static
usbd_composite.c:113:6:USBD_InitCompositeDescriptor	8	static
usbd_composite.c:123:6:USBD_AddToCompositeDescriptor	24	static
usbd_composite.c:130:6:USBD_Composite_Set_Classes	56	static
usbd_composite.c:278:6:USBD_Composite_InterfaceToClass	0	static
