usbd_customhid.c:607:18:USBD_CUSTOM_HID_GetFSCfgDesc	0	static
usbd_customhid.c:620:18:USBD_CUSTOM_HID_GetHSCfgDesc	0	static
usbd_customhid.c:633:18:USBD_CUSTOM_HID_GetOtherSpeedCfgDesc	0	static
usbd_customhid.c:646:17:USBD_CUSTOM_HID_DataIn	0	static
usbd_customhid.c:685:16:USBD_CUSTOM_HID_EP0_RxReady	8	static
usbd_customhid.c:704:18:USBD_CUSTOM_HID_GetDeviceQualifierDesc	0	static
usbd_customhid.c:663:17:USBD_CUSTOM_HID_DataOut	16	static
usbd_customhid.c:444:17:USBD_CUSTOM_HID_Setup	24	static
usbd_customhid.c:416:17:USBD_CUSTOM_HID_DeInit	8	static
usbd_customhid.c:369:17:USBD_CUSTOM_HID_Init	16	static
usbd_customhid.c:579:9:USBD_CUSTOM_HID_SendReport	16	static
usbd_customhid.c:716:10:USBD_CUSTOM_HID_RegisterInterface	0	static
