usbd_conf.c:38:6:HAL_PCD_SetupStageCallback	0	static
usbd_conf.c:53:6:HAL_PCD_DataOutStageCallback	0	static
usbd_conf.c:68:6:HAL_PCD_DataInStageCallback	0	static
usbd_conf.c:82:6:HAL_PCD_SOFCallback	0	static
usbd_conf.c:96:6:HAL_PCD_ResetCallback	8	static
usbd_conf.c:121:6:HAL_PCD_SuspendCallback	8	static
usbd_conf.c:145:6:HAL_PCD_ResumeCallback	0	static
usbd_conf.c:163:6:HAL_PCD_ISOOUTIncompleteCallback	0	static
usbd_conf.c:178:6:HAL_PCD_ISOINIncompleteCallback	0	static
usbd_conf.c:192:6:HAL_PCD_ConnectCallback	0	static
usbd_conf.c:206:6:HAL_PCD_DisconnectCallback	0	static
usbd_conf.c:221:20:USBD_LL_Init	16	static
usbd_conf.c:276:20:USBD_LL_DeInit	8	static
usbd_conf.c:293:20:USBD_LL_Start	8	static
usbd_conf.c:310:20:USBD_LL_Stop	8	static
usbd_conf.c:330:20:USBD_LL_OpenEP	8	static
usbd_conf.c:348:20:USBD_LL_CloseEP	8	static
usbd_conf.c:366:20:USBD_LL_FlushEP	8	static
usbd_conf.c:384:20:USBD_LL_StallEP	8	static
usbd_conf.c:402:20:USBD_LL_ClearStallEP	8	static
usbd_conf.c:420:9:USBD_LL_IsStallEP	0	static
usbd_conf.c:440:20:USBD_LL_SetUSBAddress	8	static
usbd_conf.c:460:20:USBD_LL_Transmit	8	static
usbd_conf.c:480:20:USBD_LL_PrepareReceive	8	static
usbd_conf.c:498:10:USBD_LL_GetRxDataSize	0	static
usbd_conf.c:508:6:USBD_LL_Delay	0	static
usbd_conf.c:524:6:HAL_PCDEx_SetConnectionState	0	static
