Archive member included to satisfy reference by file (symbol)

f:/stm32cubeide_1.3.0/stm32cubeide/plugins/com.st.stm32cube.ide.mcu.externaltools.gnu-tools-for-stm32.9-2020-q2-update.win32_2.0.0.202105311346/tools/bin/../lib/gcc/arm-none-eabi/9.3.1/../../../../arm-none-eabi/lib/thumb/v7-m/nofp\libstdc++_nano.a(del_op.o)
                              ./MyLibs/Src/AdcHandler.o (operator delete(void*))
f:/stm32cubeide_1.3.0/stm32cubeide/plugins/com.st.stm32cube.ide.mcu.externaltools.gnu-tools-for-stm32.9-2020-q2-update.win32_2.0.0.202105311346/tools/bin/../lib/gcc/arm-none-eabi/9.3.1/../../../../arm-none-eabi/lib/thumb/v7-m/nofp\libstdc++_nano.a(del_ops.o)
                              ./MyLibs/Src/AdcHandler.o (operator delete(void*, unsigned int))
f:/stm32cubeide_1.3.0/stm32cubeide/plugins/com.st.stm32cube.ide.mcu.externaltools.gnu-tools-for-stm32.9-2020-q2-update.win32_2.0.0.202105311346/tools/bin/../lib/gcc/arm-none-eabi/9.3.1/../../../../arm-none-eabi/lib/thumb/v7-m/nofp\libstdc++_nano.a(new_op.o)
                              ./Core/Src/cppmain.o (operator new(unsigned int))
f:/stm32cubeide_1.3.0/stm32cubeide/plugins/com.st.stm32cube.ide.mcu.externaltools.gnu-tools-for-stm32.9-2020-q2-update.win32_2.0.0.202105311346/tools/bin/../lib/gcc/arm-none-eabi/9.3.1/../../../../arm-none-eabi/lib/thumb/v7-m/nofp\libstdc++_nano.a(new_opv.o)
                              ./MyLibs/Src/FFBWheel.o (operator new[](unsigned int))
f:/stm32cubeide_1.3.0/stm32cubeide/plugins/com.st.stm32cube.ide.mcu.externaltools.gnu-tools-for-stm32.9-2020-q2-update.win32_2.0.0.202105311346/tools/bin/../lib/gcc/arm-none-eabi/9.3.1/../../../../arm-none-eabi/lib/thumb/v7-m/nofp\libstdc++_nano.a(functexcept.o)
                              ./MyLibs/Src/CmdParser.o (std::__throw_logic_error(char const*))
f:/stm32cubeide_1.3.0/stm32cubeide/plugins/com.st.stm32cube.ide.mcu.externaltools.gnu-tools-for-stm32.9-2020-q2-update.win32_2.0.0.202105311346/tools/bin/../lib/gcc/arm-none-eabi/9.3.1/../../../../arm-none-eabi/lib/thumb/v7-m/nofp\libstdc++_nano.a(snprintf_lite.o)
                              f:/stm32cubeide_1.3.0/stm32cubeide/plugins/com.st.stm32cube.ide.mcu.externaltools.gnu-tools-for-stm32.9-2020-q2-update.win32_2.0.0.202105311346/tools/bin/../lib/gcc/arm-none-eabi/9.3.1/../../../../arm-none-eabi/lib/thumb/v7-m/nofp\libstdc++_nano.a(functexcept.o) (__gnu_cxx::__snprintf_lite(char*, unsigned int, char const*, std::__va_list))
f:/stm32cubeide_1.3.0/stm32cubeide/plugins/com.st.stm32cube.ide.mcu.externaltools.gnu-tools-for-stm32.9-2020-q2-update.win32_2.0.0.202105311346/tools/bin/../lib/gcc/arm-none-eabi/9.3.1/../../../../arm-none-eabi/lib/thumb/v7-m/nofp\libstdc++_nano.a(string-inst.o)
                              ./MyLibs/Src/CmdParser.o (std::__cxx11::basic_string<char, std::char_traits<char>, std::allocator<char> >::_M_create(unsigned int&, unsigned int))
f:/stm32cubeide_1.3.0/stm32cubeide/plugins/com.st.stm32cube.ide.mcu.externaltools.gnu-tools-for-stm32.9-2020-q2-update.win32_2.0.0.202105311346/tools/bin/../lib/gcc/arm-none-eabi/9.3.1/../../../../arm-none-eabi/lib/thumb/v7-m/nofp\libstdc++_nano.a(new_handler.o)
                              f:/stm32cubeide_1.3.0/stm32cubeide/plugins/com.st.stm32cube.ide.mcu.externaltools.gnu-tools-for-stm32.9-2020-q2-update.win32_2.0.0.202105311346/tools/bin/../lib/gcc/arm-none-eabi/9.3.1/../../../../arm-none-eabi/lib/thumb/v7-m/nofp\libstdc++_nano.a(new_op.o) (std::get_new_handler())
f:/stm32cubeide_1.3.0/stm32cubeide/plugins/com.st.stm32cube.ide.mcu.externaltools.gnu-tools-for-stm32.9-2020-q2-update.win32_2.0.0.202105311346/tools/bin/../lib/gcc/arm-none-eabi/9.3.1/../../../../arm-none-eabi/lib/thumb/v7-m/nofp\libm.a(lib_a-s_tan.o)
                              ./MyLibs/Src/Filters.o (tan)
f:/stm32cubeide_1.3.0/stm32cubeide/plugins/com.st.stm32cube.ide.mcu.externaltools.gnu-tools-for-stm32.9-2020-q2-update.win32_2.0.0.202105311346/tools/bin/../lib/gcc/arm-none-eabi/9.3.1/../../../../arm-none-eabi/lib/thumb/v7-m/nofp\libm.a(lib_a-sf_sin.o)
                              ./MyLibs/Src/HidFFB.o (sinf)
f:/stm32cubeide_1.3.0/stm32cubeide/plugins/com.st.stm32cube.ide.mcu.externaltools.gnu-tools-for-stm32.9-2020-q2-update.win32_2.0.0.202105311346/tools/bin/../lib/gcc/arm-none-eabi/9.3.1/../../../../arm-none-eabi/lib/thumb/v7-m/nofp\libm.a(lib_a-w_exp.o)
                              ./MyLibs/Src/Filters.o (exp)
f:/stm32cubeide_1.3.0/stm32cubeide/plugins/com.st.stm32cube.ide.mcu.externaltools.gnu-tools-for-stm32.9-2020-q2-update.win32_2.0.0.202105311346/tools/bin/../lib/gcc/arm-none-eabi/9.3.1/../../../../arm-none-eabi/lib/thumb/v7-m/nofp\libm.a(lib_a-wf_sqrt.o)
                              ./MyLibs/Src/Filters.o (sqrtf)
f:/stm32cubeide_1.3.0/stm32cubeide/plugins/com.st.stm32cube.ide.mcu.externaltools.gnu-tools-for-stm32.9-2020-q2-update.win32_2.0.0.202105311346/tools/bin/../lib/gcc/arm-none-eabi/9.3.1/../../../../arm-none-eabi/lib/thumb/v7-m/nofp\libm.a(lib_a-e_exp.o)
[...]
Memory Configuration

Name             Origin             Length             Attributes
RAM              0x0000000020000000 0x0000000000005000 xrw
FLASH            0x0000000008000000 0x0000000000020000 xr
*default*        0x0000000000000000 0xffffffffffffffff

Linker script and memory map

LOAD f:/stm32cubeide_1.3.0/stm32cubeide/plugins/com.st.stm32cube.ide.mcu.externaltools.gnu-tools-for-stm32.9-2020-q2-update.win32_2.0.0.202105311346/tools/bin/../lib/gcc/arm-none-eabi/9.3.1/thumb/v7-m/nofp/crti.o
LOAD f:/stm32cubeide_1.3.0/stm32cubeide/plugins/com.st.stm32cube.ide.mcu.externaltools.gnu-tools-for-stm32.9-2020-q2-update.win32_2.0.0.202105311346/tools/bin/../lib/gcc/arm-none-eabi/9.3.1/thumb/v7-m/nofp/crtbegin.o
LOAD f:/stm32cubeide_1.3.0/stm32cubeide/plugins/com.st.stm32cube.ide.mcu.externaltools.gnu-tools-for-stm32.9-2020-q2-update.win32_2.0.0.202105311346/tools/bin/../lib/gcc/arm-none-eabi/9.3.1/../../../../arm-none-eabi/lib/thumb/v7-m/nofp/crt0.o
LOAD ./Core/Src/cppmain.o
LOAD ./Core/Src/eeprom.o
LOAD ./Core/Src/main.o
LOAD ./Core/Src/stm32f1xx_hal_msp.o
LOAD ./Core/Src/stm32f1xx_it.o
LOAD ./Core/Src/syscalls.o
LOAD ./Core/Src/sysmem.o
LOAD ./Core/Src/system_stm32f1xx.o
LOAD ./Core/Startup/startup_stm32f103c8tx.o
LOAD ./Drivers/STM32F1xx_HAL_Driver/Src/stm32f1xx_hal.o
LOAD ./Drivers/STM32F1xx_HAL_Driver/Src/stm32f1xx_hal_adc.o
LOAD ./Drivers/STM32F1xx_HAL_Driver/Src/stm32f1xx_hal_adc_ex.o
LOAD ./Drivers/STM32F1xx_HAL_Driver/Src/stm32f1xx_hal_cortex.o
LOAD ./Drivers/STM32F1xx_HAL_Driver/Src/stm32f1xx_hal_dma.o
LOAD ./Drivers/STM32F1xx_HAL_Driver/Src/stm32f1xx_hal_exti.o
LOAD ./Drivers/STM32F1xx_HAL_Driver/Src/stm32f1xx_hal_flash.o
LOAD ./Drivers/STM32F1xx_HAL_Driver/Src/stm32f1xx_hal_flash_ex.o
LOAD ./Drivers/STM32F1xx_HAL_Driver/Src/stm32f1xx_hal_gpio.o
LOAD ./Drivers/STM32F1xx_HAL_Driver/Src/stm32f1xx_hal_gpio_ex.o
LOAD ./Drivers/STM32F1xx_HAL_Driver/Src/stm32f1xx_hal_i2c.o
LOAD ./Drivers/STM32F1xx_HAL_Driver/Src/stm32f1xx_hal_pcd.o
LOAD ./Drivers/STM32F1xx_HAL_Driver/Src/stm32f1xx_hal_pcd_ex.o
LOAD ./Drivers/STM32F1xx_HAL_Driver/Src/stm32f1xx_hal_pwr.o
LOAD ./Drivers/STM32F1xx_HAL_Driver/Src/stm32f1xx_hal_rcc.o
LOAD ./Drivers/STM32F1xx_HAL_Driver/Src/stm32f1xx_hal_rcc_ex.o
LOAD ./Drivers/STM32F1xx_HAL_Driver/Src/stm32f1xx_hal_tim.o
LOAD ./Drivers/STM32F1xx_HAL_Driver/Src/stm32f1xx_hal_tim_ex.o
LOAD ./Drivers/STM32F1xx_HAL_Driver/Src/stm32f1xx_ll_usb.o
LOAD ./MyLibs/Src/AdcHandler.o
LOAD ./MyLibs/Src/CmdParser.o
LOAD ./MyLibs/Src/CommandHandler.o
LOAD ./MyLibs/Src/EncoderLocal.o
LOAD ./MyLibs/Src/ExtiHandler.o
LOAD ./MyLibs/Src/FFBWheel.o
LOAD ./MyLibs/Src/FFBWheel_commands.o
LOAD ./MyLibs/Src/FFBWheel_usb_init.o
LOAD ./MyLibs/Src/Filters.o
LOAD ./MyLibs/Src/HidFFB.o
LOAD ./MyLibs/Src/LocalButtons.o
LOAD ./MyLibs/Src/MotorBTS7960.o
LOAD ./MyLibs/Src/TimerHandler.o
LOAD ./MyLibs/Src/UsbHidHandler.o
LOAD ./MyLibs/Src/global_callbacks.o
LOAD ./MyLibs/Src/i2ckeypad.o
LOAD ./MyLibs/Src/ledEffects.o
LOAD ./MyLibs/Src/ws2812.o
LOAD ./USB/Src/usb_device.o
LOAD ./USB/Src/usbd_cdc.o
LOAD ./USB/Src/usbd_cdc_if.o
LOAD ./USB/Src/usbd_composite.o
LOAD ./USB/Src/usbd_conf.o
LOAD ./USB/Src/usbd_core.o
LOAD ./USB/Src/usbd_ctlreq.o
LOAD ./USB/Src/usbd_custom_hid_if.o
LOAD ./USB/Src/usbd_customhid.o
LOAD ./USB/Src/usbd_desc.o
LOAD ./USB/Src/usbd_ioreq.o
START GROUP
LOAD f:/stm32cubeide_1.3.0/stm32cubeide/plugins/com.st.stm32cube.ide.mcu.externaltools.gnu-tools-for-stm32.9-2020-q2-update.win32_2.0.0.202105311346/tools/bin/../lib/gcc/arm-none-eabi/9.3.1/../../../../arm-none-eabi/lib/thumb/v7-m/nofp\libstdc++_nano.a
LOAD f:/stm32cubeide_1.3.0/stm32cubeide/plugins/com.st.stm32cube.ide.mcu.externaltools.gnu-tools-for-stm32.9-2020-q2-update.win32_2.0.0.202105311346/tools/bin/../lib/gcc/arm-none-eabi/9.3.1/../../../../arm-none-eabi/lib/thumb/v7-m/nofp\libsupc++_nano.a
END GROUP
LOAD f:/stm32cubeide_1.3.0/stm32cubeide/plugins/com.st.stm32cube.ide.mcu.externaltools.gnu-tools-for-stm32.9-2020-q2-update.win32_2.0.0.202105311346/tools/bin/../lib/gcc/arm-none-eabi/9.3.1/../../../../arm-none-eabi/lib/thumb/v7-m/nofp\libstdc++_nano.a
LOAD f:/stm32cubeide_1.3.0/stm32cubeide/plugins/com.st.stm32cube.ide.mcu.externaltools.gnu-tools-for-stm32.9-2020-q2-update.win32_2.0.0.202105311346/tools/bin/../lib/gcc/arm-none-eabi/9.3.1/../../../../arm-none-eabi/lib/thumb/v7-m/nofp\libm.a
LOAD f:/stm32cubeide_1.3.0/stm32cubeide/plugins/com.st.stm32cube.ide.mcu.externaltools.gnu-tools-for-stm32.9-2020-q2-update.win32_2.0.0.202105311346/tools/bin/../lib/gcc/arm-none-eabi/9.3.1/../../../../arm-none-eabi/lib/thumb/v7-m/nofp\libc_nano.a
START GROUP
LOAD f:/stm32cubeide_1.3.0/stm32cubeide/plugins/com.st.stm32cube.ide.mcu.externaltools.gnu-tools-for-stm32.9-2020-q2-update.win32_2.0.0.202105311346/tools/bin/../lib/gcc/arm-none-eabi/9.3.1/thumb/v7-m/nofp\libgcc.a
LOAD f:/stm32cubeide_1.3.0/stm32cubeide/plugins/com.st.stm32cube.ide.mcu.externaltools.gnu-tools-for-stm32.9-2020-q2-update.win32_2.0.0.202105311346/tools/bin/../lib/gcc/arm-none-eabi/9.3.1/../../../../arm-none-eabi/lib/thumb/v7-m/nofp\libc_nano.a
END GROUP
START GROUP
LOAD f:/stm32cubeide_1.3.0/stm32cubeide/plugins/com.st.stm32cube.ide.mcu.externaltools.gnu-tools-for-stm32.9-2020-q2-update.win32_2.0.0.202105311346/tools/bin/../lib/gcc/arm-none-eabi/9.3.1/thumb/v7-m/nofp\libgcc.a
LOAD f:/stm32cubeide_1.3.0/stm32cubeide/plugins/com.st.stm32cube.ide.mcu.externaltools.gnu-tools-for-stm32.9-2020-q2-update.win32_2.0.0.202105311346/tools/bin/../lib/gcc/arm-none-eabi/9.3.1/../../../../arm-none-eabi/lib/thumb/v7-m/nofp\libc_nano.a
LOAD f:/stm32cubeide_1.3.0/stm32cubeide/plugins/com.st.stm32cube.ide.mcu.externaltools.gnu-tools-for-stm32.9-2020-q2-update.win32_2.0.0.202105311346/tools/bin/../lib/gcc/arm-none-eabi/9.3.1/../../../../arm-none-eabi/lib/thumb/v7-m/nofp\libnosys.a
END GROUP
START GROUP
LOAD f:/stm32cubeide_1.3.0/stm32cubeide/plugins/com.st.stm32cube.ide.mcu.externaltools.gnu-tools-for-stm32.9-2020-q2-update.win32_2.0.0.202105311346/tools/bin/../lib/gcc/arm-none-eabi/9.3.1/thumb/v7-m/nofp\libgcc.a
LOAD f:/stm32cubeide_1.3.0/stm32cubeide/plugins/com.st.stm32cube.ide.mcu.externaltools.gnu-tools-for-stm32.9-2020-q2-update.win32_2.0.0.202105311346/tools/bin/../lib/gcc/arm-none-eabi/9.3.1/../../../../arm-none-eabi/lib/thumb/v7-m/nofp\libc_nano.a
LOAD f:/stm32cubeide_1.3.0/stm32cubeide/plugins/com.st.stm32cube.ide.mcu.externaltools.gnu-tools-for-stm32.9-2020-q2-update.win32_2.0.0.202105311346/tools/bin/../lib/gcc/arm-none-eabi/9.3.1/../../../../arm-none-eabi/lib/thumb/v7-m/nofp\libnosys.a
END GROUP
LOAD f:/stm32cubeide_1.3.0/stm32cubeide/plugins/com.st.stm32cube.ide.mcu.externaltools.gnu-tools-for-stm32.9-2020-q2-update.win32_2.0.0.202105311346/tools/bin/../lib/gcc/arm-none-eabi/9.3.1/thumb/v7-m/nofp/crtend.o
LOAD f:/stm32cubeide_1.3.0/stm32cubeide/plugins/com.st.stm32cube.ide.mcu.externaltools.gnu-tools-for-stm32.9-2020-q2-update.win32_2.0.0.202105311346/tools/bin/../lib/gcc/arm-none-eabi/9.3.1/thumb/v7-m/nofp/crtn.o
                0x0000000020005000                _estack = (ORIGIN (RAM) + LENGTH (RAM))
                0x0000000000000000                _Min_Heap_Size = 0x0
                0x0000000000000800                _Min_Stack_Size = 0x800

.isr_vector     0x0000000008000000      0x10c
                0x0000000008000000                . = ALIGN (0x4)
 *(.isr_vector)
 .isr_vector    0x0000000008000000      0x10c ./Core/Startup/startup_stm32f103c8tx.o
                0x0000000008000000                g_pfnVectors
                0x000000000800010c                . = ALIGN (0x4)

.text           0x0000000008000110    0x105d0
                0x0000000008000110                . = ALIGN (0x4)
 *(.text)
 .text          0x0000000008000110       0x40 f:/stm32cubeide_1.3.0/stm32cubeide/plugins/com.st.stm32cube.ide.mcu.externaltools.gnu-tools-for-stm32.9-2020-q2-update.win32_2.0.0.202105311346/tools/bin/../lib/gcc/arm-none-eabi/9.3.1/thumb/v7-m/nofp/crtbegin.o
 .text          0x0000000008000150       0x10 f:/stm32cubeide_1.3.0/stm32cubeide/plugins/com.st.stm32cube.ide.mcu.externaltools.gnu-tools-for-stm32.9-2020-q2-update.win32_2.0.0.202105311346/tools/bin/../lib/gcc/arm-none-eabi/9.3.1/../../../../arm-none-eabi/lib/thumb/v7-m/nofp\libc_nano.a(lib_a-strlen.o)
                0x0000000008000150                strlen
 .text          0x0000000008000160      0x378 f:/stm32cubeide_1.3.0/stm32cubeide/plugins/com.st.stm32cube.ide.mcu.externaltools.gnu-tools-for-stm32.9-2020-q2-update.win32_2.0.0.202105311346/tools/bin/../lib/gcc/arm-none-eabi/9.3.1/thumb/v7-m/nofp\libgcc.a(_arm_addsubdf3.o)
                0x0000000008000160                __aeabi_drsub
                0x0000000008000168                __aeabi_dsub
                0x0000000008000168                __subdf3
                0x000000000800016c                __aeabi_dadd
                0x000000000800016c                __adddf3
                0x00000000080003e4                __floatunsidf
                0x00000000080003e4                __aeabi_ui2d
                0x0000000008000404                __floatsidf
                0x0000000008000404                __aeabi_i2d
                0x0000000008000428                __aeabi_f2d
                0x0000000008000428                __extendsfdf2
                0x000000000800046c                __floatundidf
                0x000000000800046c                __aeabi_ul2d
                0x000000000800047c                __floatdidf
                0x000000000800047c                __aeabi_l2d
 .text          0x00000000080004d8      0x424 f:/stm32cubeide_1.3.0/stm32cubeide/plugins/com.st.stm32cube.ide.mcu.externaltools.gnu-tools-for-stm32.9-2020-q2-update.win32_2.0.0.202105311346/tools/bin/../lib/gcc/arm-none-eabi/9.3.1/thumb/v7-m/nofp\libgcc.a(_arm_muldivdf3.o)
                0x00000000080004d8                __aeabi_dmul
                0x00000000080004d8                __muldf3
                0x000000000800072c                __divdf3
                0x000000000800072c                __aeabi_ddiv
 .text          0x00000000080008fc      0x110 f:/stm32cubeide_1.3.0/stm32cubeide/plugins/com.st.stm32cube.ide.mcu.externaltools.gnu-tools-for-stm32.9-2020-q2-update.win32_2.0.0.202105311346/tools/bin/../lib/gcc/arm-none-eabi/9.3.1/thumb/v7-m/nofp\libgcc.a(_arm_cmpdf2.o)
                0x00000000080008fc                __gtdf2
                0x00000000080008fc                __gedf2
                0x0000000008000904                __ltdf2
                0x0000000008000904                __ledf2
                0x000000000800090c                __nedf2
                0x000000000800090c                __eqdf2
                0x000000000800090c                __cmpdf2
                0x0000000008000988                __aeabi_cdrcmple
                0x0000000008000998                __aeabi_cdcmpeq
                0x0000000008000998                __aeabi_cdcmple
                0x00000000080009a8                __aeabi_dcmpeq
                0x00000000080009bc                __aeabi_dcmplt
                0x00000000080009d0                __aeabi_dcmple
                0x00000000080009e4                __aeabi_dcmpge
                0x00000000080009f8                __aeabi_dcmpgt
 .text          0x0000000008000a0c       0x50 f:/stm32cubeide_1.3.0/stm32cubeide/plugins/com.st.stm32cube.ide.mcu.externaltools.gnu-tools-for-stm32.9-2020-q2-update.win32_2.0.0.202105311346/tools/bin/../lib/gcc/arm-none-eabi/9.3.1/thumb/v7-m/nofp\libgcc.a(_arm_fixdfsi.o)
                0x0000000008000a0c                __aeabi_d2iz
                0x0000000008000a0c                __fixdfsi
 .text          0x0000000008000a5c       0xa0 f:/stm32cubeide_1.3.0/stm32cubeide/plugins/com.st.stm32cube.ide.mcu.externaltools.gnu-tools-for-stm32.9-2020-q2-update.win32_2.0.0.202105311346/tools/bin/../lib/gcc/arm-none-eabi/9.3.1/thumb/v7-m/nofp\libgcc.a(_arm_truncdfsf2.o)
                0x0000000008000a5c                __truncdfsf2
                0x0000000008000a5c                __aeabi_d2f
 .text          0x0000000008000afc      0x21c f:/stm32cubeide_1.3.0/stm32cubeide/plugins/com.st.stm32cube.ide.mcu.externaltools.gnu-tools-for-stm32.9-2020-q2-update.win32_2.0.0.202105311346/tools/bin/../lib/gcc/arm-none-eabi/9.3.1/thumb/v7-m/nofp\libgcc.a(_arm_addsubsf3.o)
                0x0000000008000afc                __aeabi_frsub
                0x0000000008000b04                __subsf3
                0x0000000008000b04                __aeabi_fsub
                0x0000000008000b08                __aeabi_fadd
                0x0000000008000b08                __addsf3
                0x0000000008000c68                __aeabi_ui2f
                0x0000000008000c68                __floatunsisf
                0x0000000008000c70                __aeabi_i2f
                0x0000000008000c70                __floatsisf
                0x0000000008000c8c                __aeabi_ul2f
                0x0000000008000c8c                __floatundisf
                0x0000000008000c9c                __aeabi_l2f
                0x0000000008000c9c                __floatdisf
 .text          0x0000000008000d18      0x2a0 f:/stm32cubeide_1.3.0/stm32cubeide/plugins/com.st.stm32cube.ide.mcu.externaltools.gnu-tools-for-stm32.9-2020-q2-update.win32_2.0.0.202105311346/tools/bin/../lib/gcc/arm-none-eabi/9.3.1/thumb/v7-m/nofp\libgcc.a(_arm_muldivsf3.o)
                0x0000000008000d18                __mulsf3
                0x0000000008000d18                __aeabi_fmul
                0x0000000008000e80                __aeabi_fdiv
                0x0000000008000e80                __divsf3
 .text          0x0000000008000fb8       0xec f:/stm32cubeide_1.3.0/stm32cubeide/plugins/com.st.stm32cube.ide.mcu.externaltools.gnu-tools-for-stm32.9-2020-q2-update.win32_2.0.0.202105311346/tools/bin/../lib/gcc/arm-none-eabi/9.3.1/thumb/v7-m/nofp\libgcc.a(_arm_cmpsf2.o)
                0x0000000008000fb8                __gesf2
                0x0000000008000fb8                __gtsf2
                0x0000000008000fc0                __lesf2
                0x0000000008000fc0                __ltsf2
                0x0000000008000fc8                __nesf2
                0x0000000008000fc8                __eqsf2
                0x0000000008000fc8                __cmpsf2
                0x0000000008001028                __aeabi_cfrcmple
                0x0000000008001030                __aeabi_cfcmpeq
                0x0000000008001030                __aeabi_cfcmple
                0x0000000008001040                __aeabi_fcmpeq
                0x0000000008001054                __aeabi_fcmplt
                0x0000000008001068                __aeabi_fcmple
                0x000000000800107c                __aeabi_fcmpge
                0x0000000008001090                __aeabi_fcmpgt
 .text          0x00000000080010a4       0x2c f:/stm32cubeide_1.3.0/stm32cubeide/plugins/com.st.stm32cube.ide.mcu.externaltools.gnu-tools-for-stm32.9-2020-q2-update.win32_2.0.0.202105311346/tools/bin/../lib/gcc/arm-none-eabi/9.3.1/thumb/v7-m/nofp\libgcc.a(_arm_unordsf2.o)
                0x00000000080010a4                __unordsf2
                0x00000000080010a4                __aeabi_fcmpun
 .text          0x00000000080010d0       0x4c f:/stm32cubeide_1.3.0/stm32cubeide/plugins/com.st.stm32cube.ide.mcu.externaltools.gnu-tools-for-stm32.9-2020-q2-update.win32_2.0.0.202105311346/tools/bin/../lib/gcc/arm-none-eabi/9.3.1/thumb/v7-m/nofp\libgcc.a(_arm_fixsfsi.o)
                0x00000000080010d0                __aeabi_f2iz
                0x00000000080010d0                __fixsfsi
 .text          0x000000000800111c       0x40 f:/stm32cubeide_1.3.0/stm32cubeide/plugins/com.st.stm32cube.ide.mcu.externaltools.gnu-tools-for-stm32.9-2020-q2-update.win32_2.0.0.202105311346/tools/bin/../lib/gcc/arm-none-eabi/9.3.1/thumb/v7-m/nofp\libgcc.a(_arm_fixunssfsi.o)
                0x000000000800111c                __fixunssfsi
                0x000000000800111c                __aeabi_f2uiz
 *(.text*)
 .text.HAL_I2C_ListenCpltCallback
                0x000000000800115c       0x3c ./Core/Src/cppmain.o
                0x000000000800115c                HAL_I2C_ListenCpltCallback
 .text.HAL_I2C_AddrCallback
                0x0000000008001198       0x44 ./Core/Src/cppmain.o
                0x0000000008001198                HAL_I2C_AddrCallback
 .text.HAL_I2C_SlaveRxCpltCallback
                0x00000000080011dc       0x28 ./Core/Src/cppmain.o
                0x00000000080011dc                HAL_I2C_SlaveRxCpltCallback
 .text.HAL_I2C_SlaveTxCpltCallback
                0x0000000008001204       0x24 ./Core/Src/cppmain.o
                0x0000000008001204                HAL_I2C_SlaveTxCpltCallback
 .text.HAL_I2C_ErrorCallback
                0x0000000008001228       0x1c ./Core/Src/cppmain.o
                0x0000000008001228                HAL_I2C_ErrorCallback
 .text.HAL_I2C_AbortCpltCallback
                0x0000000008001244        0x4 ./Core/Src/cppmain.o
                0x0000000008001244                HAL_I2C_AbortCpltCallback
 .text.cppmain  0x0000000008001248       0xc8 ./Core/Src/cppmain.o
                0x0000000008001248                cppmain
 .text.EE_Format
                0x0000000008001310       0x44 ./Core/Src/eeprom.o
                0x0000000008001310                EE_Format
 .text.EE_Reads
                0x0000000008001354       0x2c ./Core/Src/eeprom.o
                0x0000000008001354                EE_Reads
 .text.EE_Writes
                0x0000000008001380       0x5c ./Core/Src/eeprom.o
                0x0000000008001380                EE_Writes
 .text.Error_Handler
                0x00000000080013dc       0x1c ./Core/Src/main.o
                0x00000000080013dc                Error_Handler
 .text.SystemClock_Config
                0x00000000080013f8       0x8c ./Core/Src/main.o
                0x00000000080013f8                SystemClock_Config
 .text.startup.main
                0x0000000008001484      0x3c0 ./Core/Src/main.o
                0x0000000008001484                main
 .text.HAL_MspInit
                0x0000000008001844       0x8c ./Core/Src/stm32f1xx_hal_msp.o
                0x0000000008001844                HAL_MspInit
 .text.HAL_ADC_MspInit
                0x00000000080018d0       0x9c ./Core/Src/stm32f1xx_hal_msp.o
                0x00000000080018d0                HAL_ADC_MspInit
 .text.HAL_I2C_MspInit
                0x000000000800196c       0x98 ./Core/Src/stm32f1xx_hal_msp.o
                0x000000000800196c                HAL_I2C_MspInit
 .text.HAL_TIM_Base_MspInit
                0x0000000008001a04       0xc4 ./Core/Src/stm32f1xx_hal_msp.o
                0x0000000008001a04                HAL_TIM_Base_MspInit
 .text.HAL_TIM_Encoder_MspInit
                0x0000000008001ac8       0x74 ./Core/Src/stm32f1xx_hal_msp.o
                0x0000000008001ac8                HAL_TIM_Encoder_MspInit
 .text.HAL_TIM_MspPostInit
                0x0000000008001b3c       0xa4 ./Core/Src/stm32f1xx_hal_msp.o
                0x0000000008001b3c                HAL_TIM_MspPostInit
 .text.HAL_PCD_MspInit
                0x0000000008001be0       0x40 ./Core/Src/stm32f1xx_hal_msp.o
                0x0000000008001be0                HAL_PCD_MspInit
 .text.NMI_Handler
                0x0000000008001c20        0x4 ./Core/Src/stm32f1xx_it.o
                0x0000000008001c20                NMI_Handler
 .text.HardFault_Handler
                0x0000000008001c24        0x4 ./Core/Src/stm32f1xx_it.o
                0x0000000008001c24                HardFault_Handler
 .text.MemManage_Handler
                0x0000000008001c28        0x4 ./Core/Src/stm32f1xx_it.o
                0x0000000008001c28                MemManage_Handler
 .text.BusFault_Handler
                0x0000000008001c2c        0x4 ./Core/Src/stm32f1xx_it.o
                0x0000000008001c2c                BusFault_Handler
 .text.UsageFault_Handler
                0x0000000008001c30        0x4 ./Core/Src/stm32f1xx_it.o
                0x0000000008001c30                UsageFault_Handler
 .text.SVC_Handler
                0x0000000008001c34        0x4 ./Core/Src/stm32f1xx_it.o
                0x0000000008001c34                SVC_Handler
 .text.DebugMon_Handler
                0x0000000008001c38        0x4 ./Core/Src/stm32f1xx_it.o
                0x0000000008001c38                DebugMon_Handler
 .text.PendSV_Handler
                0x0000000008001c3c        0x4 ./Core/Src/stm32f1xx_it.o
                0x0000000008001c3c                PendSV_Handler
 .text.SysTick_Handler
                0x0000000008001c40        0x4 ./Core/Src/stm32f1xx_it.o
                0x0000000008001c40                SysTick_Handler
 .text.DMA1_Channel1_IRQHandler
                0x0000000008001c44        0xc ./Core/Src/stm32f1xx_it.o
                0x0000000008001c44                DMA1_Channel1_IRQHandler
 .text.DMA1_Channel5_IRQHandler
                0x0000000008001c50        0xc ./Core/Src/stm32f1xx_it.o
                0x0000000008001c50                DMA1_Channel5_IRQHandler
 .text.TIM3_IRQHandler
                0x0000000008001c5c        0xc ./Core/Src/stm32f1xx_it.o
                0x0000000008001c5c                TIM3_IRQHandler
 .text.TIM4_IRQHandler
                0x0000000008001c68        0xc ./Core/Src/stm32f1xx_it.o
                0x0000000008001c68                TIM4_IRQHandler
 .text.I2C1_EV_IRQHandler
                0x0000000008001c74        0xc ./Core/Src/stm32f1xx_it.o
                0x0000000008001c74                I2C1_EV_IRQHandler
 .text.I2C1_ER_IRQHandler
                0x0000000008001c80        0xc ./Core/Src/stm32f1xx_it.o
                0x0000000008001c80                I2C1_ER_IRQHandler
 .text.USB_LP_CAN1_RX0_IRQHandler
                0x0000000008001c8c        0xc ./Core/Src/stm32f1xx_it.o
                0x0000000008001c8c                USB_LP_CAN1_RX0_IRQHandler
 .text._getpid  0x0000000008001c98        0x4 ./Core/Src/syscalls.o
                0x0000000008001c98                _getpid
 .text._kill    0x0000000008001c9c       0x14 ./Core/Src/syscalls.o
                0x0000000008001c9c                _kill
 .text._exit    0x0000000008001cb0        0xc ./Core/Src/syscalls.o
                0x0000000008001cb0                _exit
 .text._sbrk    0x0000000008001cbc       0x3c ./Core/Src/sysmem.o
                0x0000000008001cbc                _sbrk
 .text.SystemInit
                0x0000000008001cf8       0x50 ./Core/Src/system_stm32f1xx.o
                0x0000000008001cf8                SystemInit
 .text.Reset_Handler
                0x0000000008001d48       0x48 ./Core/Startup/startup_stm32f103c8tx.o
                0x0000000008001d48                Reset_Handler
 .text.Default_Handler
                0x0000000008001d90        0x2 ./Core/Startup/startup_stm32f103c8tx.o
                0x0000000008001d90                RTC_Alarm_IRQHandler
                0x0000000008001d90                EXTI2_IRQHandler
                0x0000000008001d90                TIM1_CC_IRQHandler
                0x0000000008001d90                PVD_IRQHandler
                0x0000000008001d90                EXTI3_IRQHandler
                0x0000000008001d90                EXTI0_IRQHandler
                0x0000000008001d90                I2C2_EV_IRQHandler
                0x0000000008001d90                ADC1_2_IRQHandler
                0x0000000008001d90                SPI1_IRQHandler
                0x0000000008001d90                TAMPER_IRQHandler
                0x0000000008001d90                DMA1_Channel4_IRQHandler
                0x0000000008001d90                USART3_IRQHandler
                0x0000000008001d90                RTC_IRQHandler
                0x0000000008001d90                DMA1_Channel7_IRQHandler
                0x0000000008001d90                CAN1_RX1_IRQHandler
                0x0000000008001d90                DMA1_Channel6_IRQHandler
                0x0000000008001d90                RCC_IRQHandler
                0x0000000008001d90                TIM1_TRG_COM_IRQHandler
                0x0000000008001d90                Default_Handler
                0x0000000008001d90                EXTI15_10_IRQHandler
                0x0000000008001d90                EXTI9_5_IRQHandler
                0x0000000008001d90                SPI2_IRQHandler
                0x0000000008001d90                EXTI4_IRQHandler
                0x0000000008001d90                USB_HP_CAN1_TX_IRQHandler
                0x0000000008001d90                DMA1_Channel3_IRQHandler
                0x0000000008001d90                TIM1_UP_IRQHandler
                0x0000000008001d90                WWDG_IRQHandler
                0x0000000008001d90                TIM2_IRQHandler
                0x0000000008001d90                TIM1_BRK_IRQHandler
                0x0000000008001d90                EXTI1_IRQHandler
                0x0000000008001d90                USART2_IRQHandler
                0x0000000008001d90                I2C2_ER_IRQHandler
                0x0000000008001d90                DMA1_Channel2_IRQHandler
                0x0000000008001d90                CAN1_SCE_IRQHandler
                0x0000000008001d90                FLASH_IRQHandler
                0x0000000008001d90                USART1_IRQHandler
                0x0000000008001d90                USBWakeUp_IRQHandler
 *fill*         0x0000000008001d92        0x2 
 .text.HAL_InitTick
                0x0000000008001d94       0x48 ./Drivers/STM32F1xx_HAL_Driver/Src/stm32f1xx_hal.o
                0x0000000008001d94                HAL_InitTick
 .text.HAL_Init
                0x0000000008001ddc       0x24 ./Drivers/STM32F1xx_HAL_Driver/Src/stm32f1xx_hal.o
                0x0000000008001ddc                HAL_Init
 .text.HAL_IncTick
                0x0000000008001e00       0x18 ./Drivers/STM32F1xx_HAL_Driver/Src/stm32f1xx_hal.o
                0x0000000008001e00                HAL_IncTick
 .text.HAL_GetTick
                0x0000000008001e18        0xc ./Drivers/STM32F1xx_HAL_Driver/Src/stm32f1xx_hal.o
                0x0000000008001e18                HAL_GetTick
 .text.HAL_Delay
                0x0000000008001e24       0x24 ./Drivers/STM32F1xx_HAL_Driver/Src/stm32f1xx_hal.o
                0x0000000008001e24                HAL_Delay
 .text.HAL_ADC_Init
                0x0000000008001e48      0x160 ./Drivers/STM32F1xx_HAL_Driver/Src/stm32f1xx_hal_adc.o
                0x0000000008001e48                HAL_ADC_Init
 .text.ADC_DMAConvCplt
                0x0000000008001fa8       0x50 ./Drivers/STM32F1xx_HAL_Driver/Src/stm32f1xx_hal_adc.o
                0x0000000008001fa8                ADC_DMAConvCplt
 .text.HAL_ADC_ConvHalfCpltCallback
                0x0000000008001ff8        0x4 ./Drivers/STM32F1xx_HAL_Driver/Src/stm32f1xx_hal_adc.o
                0x0000000008001ff8                HAL_ADC_ConvHalfCpltCallback
 .text.ADC_DMAHalfConvCplt
                0x0000000008001ffc        0xc ./Drivers/STM32F1xx_HAL_Driver/Src/stm32f1xx_hal_adc.o
                0x0000000008001ffc                ADC_DMAHalfConvCplt
 .text.HAL_ADC_ErrorCallback
                0x0000000008002008        0x4 ./Drivers/STM32F1xx_HAL_Driver/Src/stm32f1xx_hal_adc.o
                0x0000000008002008                HAL_ADC_ErrorCallback
 .text.ADC_DMAError
                0x000000000800200c       0x1c ./Drivers/STM32F1xx_HAL_Driver/Src/stm32f1xx_hal_adc.o
                0x000000000800200c                ADC_DMAError
 .text.HAL_ADC_ConfigChannel
                0x0000000008002028      0x118 ./Drivers/STM32F1xx_HAL_Driver/Src/stm32f1xx_hal_adc.o
                0x0000000008002028                HAL_ADC_ConfigChannel
 .text.ADC_Enable
                0x0000000008002140       0x7c ./Drivers/STM32F1xx_HAL_Driver/Src/stm32f1xx_hal_adc.o
                0x0000000008002140                ADC_Enable
 .text.HAL_ADC_Start_DMA
                0x00000000080021bc      0x11c ./Drivers/STM32F1xx_HAL_Driver/Src/stm32f1xx_hal_adc.o
                0x00000000080021bc                HAL_ADC_Start_DMA
 .text.HAL_NVIC_SetPriorityGrouping
                0x00000000080022d8       0x24 ./Drivers/STM32F1xx_HAL_Driver/Src/stm32f1xx_hal_cortex.o
                0x00000000080022d8                HAL_NVIC_SetPriorityGrouping
 .text.HAL_NVIC_SetPriority
                0x00000000080022fc       0x70 ./Drivers/STM32F1xx_HAL_Driver/Src/stm32f1xx_hal_cortex.o
                0x00000000080022fc                HAL_NVIC_SetPriority
 .text.HAL_NVIC_EnableIRQ
                0x000000000800236c       0x1c ./Drivers/STM32F1xx_HAL_Driver/Src/stm32f1xx_hal_cortex.o
                0x000000000800236c                HAL_NVIC_EnableIRQ
 .text.HAL_SYSTICK_Config
                0x0000000008002388       0x30 ./Drivers/STM32F1xx_HAL_Driver/Src/stm32f1xx_hal_cortex.o
                0x0000000008002388                HAL_SYSTICK_Config
 .text.HAL_DMA_Init
                0x00000000080023b8       0x64 ./Drivers/STM32F1xx_HAL_Driver/Src/stm32f1xx_hal_dma.o
                0x00000000080023b8                HAL_DMA_Init
 .text.HAL_DMA_Start_IT
                0x000000000800241c       0x84 ./Drivers/STM32F1xx_HAL_Driver/Src/stm32f1xx_hal_dma.o
                0x000000000800241c                HAL_DMA_Start_IT
 .text.HAL_DMA_Abort_IT
                0x00000000080024a0       0x94 ./Drivers/STM32F1xx_HAL_Driver/Src/stm32f1xx_hal_dma.o
                0x00000000080024a0                HAL_DMA_Abort_IT
 .text.HAL_DMA_IRQHandler
                0x0000000008002534      0x128 ./Drivers/STM32F1xx_HAL_Driver/Src/stm32f1xx_hal_dma.o
                0x0000000008002534                HAL_DMA_IRQHandler
 .text.HAL_DMA_GetState
                0x000000000800265c        0x8 ./Drivers/STM32F1xx_HAL_Driver/Src/stm32f1xx_hal_dma.o
                0x000000000800265c                HAL_DMA_GetState
 .text.HAL_FLASH_Program
                0x0000000008002664      0x1bc ./Drivers/STM32F1xx_HAL_Driver/Src/stm32f1xx_hal_flash.o
                0x0000000008002664                HAL_FLASH_Program
 .text.HAL_FLASH_Unlock
                0x0000000008002820       0x28 ./Drivers/STM32F1xx_HAL_Driver/Src/stm32f1xx_hal_flash.o
                0x0000000008002820                HAL_FLASH_Unlock
 .text.HAL_FLASH_Lock
                0x0000000008002848       0x14 ./Drivers/STM32F1xx_HAL_Driver/Src/stm32f1xx_hal_flash.o
                0x0000000008002848                HAL_FLASH_Lock
 .text.FLASH_WaitForLastOperation
                0x000000000800285c       0xac ./Drivers/STM32F1xx_HAL_Driver/Src/stm32f1xx_hal_flash.o
                0x000000000800285c                FLASH_WaitForLastOperation
 .text.HAL_FLASHEx_Erase
                0x0000000008002908       0xc4 ./Drivers/STM32F1xx_HAL_Driver/Src/stm32f1xx_hal_flash_ex.o
                0x0000000008002908                HAL_FLASHEx_Erase
 .text.HAL_GPIO_Init
                0x00000000080029cc      0x218 ./Drivers/STM32F1xx_HAL_Driver/Src/stm32f1xx_hal_gpio.o
                0x00000000080029cc                HAL_GPIO_Init
 .text.HAL_GPIO_WritePin
                0x0000000008002be4        0x8 ./Drivers/STM32F1xx_HAL_Driver/Src/stm32f1xx_hal_gpio.o
                0x0000000008002be4                HAL_GPIO_WritePin
 .text.HAL_GPIO_TogglePin
                0x0000000008002bec        0xc ./Drivers/STM32F1xx_HAL_Driver/Src/stm32f1xx_hal_gpio.o
                0x0000000008002bec                HAL_GPIO_TogglePin
 .text.HAL_I2C_Init
                0x0000000008002bf8      0x178 ./Drivers/STM32F1xx_HAL_Driver/Src/stm32f1xx_hal_i2c.o
                0x0000000008002bf8                HAL_I2C_Init
 .text.HAL_I2C_Slave_Seq_Transmit_IT
                0x0000000008002d70       0x84 ./Drivers/STM32F1xx_HAL_Driver/Src/stm32f1xx_hal_i2c.o
                0x0000000008002d70                HAL_I2C_Slave_Seq_Transmit_IT
 .text.HAL_I2C_Slave_Seq_Receive_IT
                0x0000000008002df4       0x84 ./Drivers/STM32F1xx_HAL_Driver/Src/stm32f1xx_hal_i2c.o
                0x0000000008002df4                HAL_I2C_Slave_Seq_Receive_IT
 .text.HAL_I2C_EnableListen_IT
                0x0000000008002e78       0x38 ./Drivers/STM32F1xx_HAL_Driver/Src/stm32f1xx_hal_i2c.o
                0x0000000008002e78                HAL_I2C_EnableListen_IT
 .text.HAL_I2C_MasterTxCpltCallback
                0x0000000008002eb0        0x4 ./Drivers/STM32F1xx_HAL_Driver/Src/stm32f1xx_hal_i2c.o
                0x0000000008002eb0                HAL_I2C_MasterTxCpltCallback
 .text.HAL_I2C_MasterRxCpltCallback
                0x0000000008002eb4        0x4 ./Drivers/STM32F1xx_HAL_Driver/Src/stm32f1xx_hal_i2c.o
                0x0000000008002eb4                HAL_I2C_MasterRxCpltCallback
 .text.HAL_I2C_MemTxCpltCallback
                0x0000000008002eb8        0x4 ./Drivers/STM32F1xx_HAL_Driver/Src/stm32f1xx_hal_i2c.o
                0x0000000008002eb8                HAL_I2C_MemTxCpltCallback
 .text.HAL_I2C_MemRxCpltCallback
                0x0000000008002ebc        0x4 ./Drivers/STM32F1xx_HAL_Driver/Src/stm32f1xx_hal_i2c.o
                0x0000000008002ebc                HAL_I2C_MemRxCpltCallback
 .text.I2C_DMAAbort
                0x0000000008002ec0       0x78 ./Drivers/STM32F1xx_HAL_Driver/Src/stm32f1xx_hal_i2c.o
 .text.I2C_ITError
                0x0000000008002f38      0x15c ./Drivers/STM32F1xx_HAL_Driver/Src/stm32f1xx_hal_i2c.o
 .text.HAL_I2C_EV_IRQHandler
                0x0000000008003094      0x954 ./Drivers/STM32F1xx_HAL_Driver/Src/stm32f1xx_hal_i2c.o
                0x0000000008003094                HAL_I2C_EV_IRQHandler
 .text.HAL_I2C_ER_IRQHandler
                0x00000000080039e8      0x174 ./Drivers/STM32F1xx_HAL_Driver/Src/stm32f1xx_hal_i2c.o
                0x00000000080039e8                HAL_I2C_ER_IRQHandler
 .text.HAL_I2C_GetError
                0x0000000008003b5c        0x4 ./Drivers/STM32F1xx_HAL_Driver/Src/stm32f1xx_hal_i2c.o
                0x0000000008003b5c                HAL_I2C_GetError
 .text.HAL_PCD_Init
                0x0000000008003b60      0x100 ./Drivers/STM32F1xx_HAL_Driver/Src/stm32f1xx_hal_pcd.o
                0x0000000008003b60                HAL_PCD_Init
 .text.HAL_PCD_Start
                0x0000000008003c60       0x30 ./Drivers/STM32F1xx_HAL_Driver/Src/stm32f1xx_hal_pcd.o
                0x0000000008003c60                HAL_PCD_Start
 .text.HAL_PCD_IRQHandler
                0x0000000008003c90      0x4e4 ./Drivers/STM32F1xx_HAL_Driver/Src/stm32f1xx_hal_pcd.o
                0x0000000008003c90                HAL_PCD_IRQHandler
 .text.HAL_PCD_SetAddress
                0x0000000008004174       0x28 ./Drivers/STM32F1xx_HAL_Driver/Src/stm32f1xx_hal_pcd.o
                0x0000000008004174                HAL_PCD_SetAddress
 .text.HAL_PCD_EP_Open
                0x000000000800419c       0x68 ./Drivers/STM32F1xx_HAL_Driver/Src/stm32f1xx_hal_pcd.o
                0x000000000800419c                HAL_PCD_EP_Open
 .text.HAL_PCD_EP_Close
                0x0000000008004204       0x5c ./Drivers/STM32F1xx_HAL_Driver/Src/stm32f1xx_hal_pcd.o
                0x0000000008004204                HAL_PCD_EP_Close
 .text.HAL_PCD_EP_Receive
                0x0000000008004260       0x30 ./Drivers/STM32F1xx_HAL_Driver/Src/stm32f1xx_hal_pcd.o
                0x0000000008004260                HAL_PCD_EP_Receive
 .text.HAL_PCD_EP_GetRxCount
                0x0000000008004290       0x10 ./Drivers/STM32F1xx_HAL_Driver/Src/stm32f1xx_hal_pcd.o
                0x0000000008004290                HAL_PCD_EP_GetRxCount
 .text.HAL_PCD_EP_Transmit
                0x00000000080042a0       0x2c ./Drivers/STM32F1xx_HAL_Driver/Src/stm32f1xx_hal_pcd.o
                0x00000000080042a0                HAL_PCD_EP_Transmit
 .text.HAL_PCD_EP_SetStall
                0x00000000080042cc       0x78 ./Drivers/STM32F1xx_HAL_Driver/Src/stm32f1xx_hal_pcd.o
                0x00000000080042cc                HAL_PCD_EP_SetStall
 .text.HAL_PCD_EP_ClrStall
                0x0000000008004344       0x74 ./Drivers/STM32F1xx_HAL_Driver/Src/stm32f1xx_hal_pcd.o
                0x0000000008004344                HAL_PCD_EP_ClrStall
 .text.HAL_PCDEx_PMAConfig
                0x00000000080043b8       0x30 ./Drivers/STM32F1xx_HAL_Driver/Src/stm32f1xx_hal_pcd_ex.o
                0x00000000080043b8                HAL_PCDEx_PMAConfig
 .text.HAL_RCC_OscConfig
                0x00000000080043e8      0x400 ./Drivers/STM32F1xx_HAL_Driver/Src/stm32f1xx_hal_rcc.o
                0x00000000080043e8                HAL_RCC_OscConfig
 .text.HAL_RCC_ClockConfig
                0x00000000080047e8      0x19c ./Drivers/STM32F1xx_HAL_Driver/Src/stm32f1xx_hal_rcc.o
                0x00000000080047e8                HAL_RCC_ClockConfig
 .text.HAL_RCC_GetPCLK1Freq
                0x0000000008004984       0x20 ./Drivers/STM32F1xx_HAL_Driver/Src/stm32f1xx_hal_rcc.o
                0x0000000008004984                HAL_RCC_GetPCLK1Freq
 .text.HAL_RCCEx_PeriphCLKConfig
                0x00000000080049a4      0x100 ./Drivers/STM32F1xx_HAL_Driver/Src/stm32f1xx_hal_rcc_ex.o
                0x00000000080049a4                HAL_RCCEx_PeriphCLKConfig
 .text.HAL_TIM_Base_Init
                0x0000000008004aa4       0xa4 ./Drivers/STM32F1xx_HAL_Driver/Src/stm32f1xx_hal_tim.o
                0x0000000008004aa4                HAL_TIM_Base_Init
 .text.HAL_TIM_Base_Start_IT
                0x0000000008004b48       0x20 ./Drivers/STM32F1xx_HAL_Driver/Src/stm32f1xx_hal_tim.o
                0x0000000008004b48                HAL_TIM_Base_Start_IT
 .text.HAL_TIM_PWM_MspInit
                0x0000000008004b68        0x4 ./Drivers/STM32F1xx_HAL_Driver/Src/stm32f1xx_hal_tim.o
                0x0000000008004b68                HAL_TIM_PWM_MspInit
 .text.HAL_TIM_PWM_Init
                0x0000000008004b6c       0xa4 ./Drivers/STM32F1xx_HAL_Driver/Src/stm32f1xx_hal_tim.o
                0x0000000008004b6c                HAL_TIM_PWM_Init
 .text.HAL_TIM_PWM_Start
                0x0000000008004c10       0x44 ./Drivers/STM32F1xx_HAL_Driver/Src/stm32f1xx_hal_tim.o
                0x0000000008004c10                HAL_TIM_PWM_Start
 .text.HAL_TIM_PWM_Stop
                0x0000000008004c54       0x6c ./Drivers/STM32F1xx_HAL_Driver/Src/stm32f1xx_hal_tim.o
                0x0000000008004c54                HAL_TIM_PWM_Stop
 .text.HAL_TIM_PWM_Start_DMA
                0x0000000008004cc0      0x12c ./Drivers/STM32F1xx_HAL_Driver/Src/stm32f1xx_hal_tim.o
                0x0000000008004cc0                HAL_TIM_PWM_Start_DMA
 .text.HAL_TIM_Encoder_Init
                0x0000000008004dec      0x110 ./Drivers/STM32F1xx_HAL_Driver/Src/stm32f1xx_hal_tim.o
                0x0000000008004dec                HAL_TIM_Encoder_Init
 .text.HAL_TIM_PWM_ConfigChannel
                0x0000000008004efc      0x1fc ./Drivers/STM32F1xx_HAL_Driver/Src/stm32f1xx_hal_tim.o
                0x0000000008004efc                HAL_TIM_PWM_ConfigChannel
 .text.HAL_TIM_ConfigClockSource
                0x00000000080050f8      0x148 ./Drivers/STM32F1xx_HAL_Driver/Src/stm32f1xx_hal_tim.o
                0x00000000080050f8                HAL_TIM_ConfigClockSource
 .text.HAL_TIM_OC_DelayElapsedCallback
                0x0000000008005240        0x4 ./Drivers/STM32F1xx_HAL_Driver/Src/stm32f1xx_hal_tim.o
                0x0000000008005240                HAL_TIM_OC_DelayElapsedCallback
 .text.HAL_TIM_IC_CaptureCallback
                0x0000000008005244        0x4 ./Drivers/STM32F1xx_HAL_Driver/Src/stm32f1xx_hal_tim.o
                0x0000000008005244                HAL_TIM_IC_CaptureCallback
 .text.HAL_TIM_PWM_PulseFinishedCallback
                0x0000000008005248        0x4 ./Drivers/STM32F1xx_HAL_Driver/Src/stm32f1xx_hal_tim.o
                0x0000000008005248                HAL_TIM_PWM_PulseFinishedCallback
 .text.TIM_DMADelayPulseCplt
                0x000000000800524c       0x60 ./Drivers/STM32F1xx_HAL_Driver/Src/stm32f1xx_hal_tim.o
                0x000000000800524c                TIM_DMADelayPulseCplt
 .text.HAL_TIM_PWM_PulseFinishedHalfCpltCallback
                0x00000000080052ac        0x4 ./Drivers/STM32F1xx_HAL_Driver/Src/stm32f1xx_hal_tim.o
                0x00000000080052ac                HAL_TIM_PWM_PulseFinishedHalfCpltCallback
 .text.TIM_DMADelayPulseHalfCplt
                0x00000000080052b0       0x60 ./Drivers/STM32F1xx_HAL_Driver/Src/stm32f1xx_hal_tim.o
                0x00000000080052b0                TIM_DMADelayPulseHalfCplt
 .text.HAL_TIM_TriggerCallback
                0x0000000008005310        0x4 ./Drivers/STM32F1xx_HAL_Driver/Src/stm32f1xx_hal_tim.o
                0x0000000008005310                HAL_TIM_TriggerCallback
 .text.HAL_TIM_IRQHandler
                0x0000000008005314      0x154 ./Drivers/STM32F1xx_HAL_Driver/Src/stm32f1xx_hal_tim.o
                0x0000000008005314                HAL_TIM_IRQHandler
 .text.HAL_TIM_ErrorCallback
                0x0000000008005468        0x4 ./Drivers/STM32F1xx_HAL_Driver/Src/stm32f1xx_hal_tim.o
                0x0000000008005468                HAL_TIM_ErrorCallback
 .text.TIM_DMAError
                0x000000000800546c       0x10 ./Drivers/STM32F1xx_HAL_Driver/Src/stm32f1xx_hal_tim.o
                0x000000000800546c                TIM_DMAError
 .text.HAL_TIMEx_MasterConfigSynchronization
                0x000000000800547c       0x44 ./Drivers/STM32F1xx_HAL_Driver/Src/stm32f1xx_hal_tim_ex.o
                0x000000000800547c                HAL_TIMEx_MasterConfigSynchronization
 .text.HAL_TIMEx_ConfigBreakDeadTime
                0x00000000080054c0       0x54 ./Drivers/STM32F1xx_HAL_Driver/Src/stm32f1xx_hal_tim_ex.o
                0x00000000080054c0                HAL_TIMEx_ConfigBreakDeadTime
 .text.HAL_TIMEx_CommutCallback
                0x0000000008005514        0x4 ./Drivers/STM32F1xx_HAL_Driver/Src/stm32f1xx_hal_tim_ex.o
                0x0000000008005514                HAL_TIMEx_CommutCallback
 .text.HAL_TIMEx_BreakCallback
                0x0000000008005518        0x4 ./Drivers/STM32F1xx_HAL_Driver/Src/stm32f1xx_hal_tim_ex.o
                0x0000000008005518                HAL_TIMEx_BreakCallback
 .text.USB_CoreInit
                0x000000000800551c       0x10 ./Drivers/STM32F1xx_HAL_Driver/Src/stm32f1xx_ll_usb.o
                0x000000000800551c                USB_CoreInit
 .text.USB_EnableGlobalInt
                0x000000000800552c       0x14 ./Drivers/STM32F1xx_HAL_Driver/Src/stm32f1xx_ll_usb.o
                0x000000000800552c                USB_EnableGlobalInt
 .text.USB_DisableGlobalInt
                0x0000000008005540       0x14 ./Drivers/STM32F1xx_HAL_Driver/Src/stm32f1xx_ll_usb.o
                0x0000000008005540                USB_DisableGlobalInt
 .text.USB_SetCurrentMode
                0x0000000008005554        0x4 ./Drivers/STM32F1xx_HAL_Driver/Src/stm32f1xx_ll_usb.o
                0x0000000008005554                USB_SetCurrentMode
 .text.USB_DevInit
                0x0000000008005558       0x34 ./Drivers/STM32F1xx_HAL_Driver/Src/stm32f1xx_ll_usb.o
                0x0000000008005558                USB_DevInit
 .text.USB_ActivateEndpoint
                0x000000000800558c      0x340 ./Drivers/STM32F1xx_HAL_Driver/Src/stm32f1xx_ll_usb.o
                0x000000000800558c                USB_ActivateEndpoint
 .text.USB_DeactivateEndpoint
                0x00000000080058cc      0x1ec ./Drivers/STM32F1xx_HAL_Driver/Src/stm32f1xx_ll_usb.o
                0x00000000080058cc                USB_DeactivateEndpoint
 .text.USB_EPStartXfer
                0x0000000008005ab8      0x2b0 ./Drivers/STM32F1xx_HAL_Driver/Src/stm32f1xx_ll_usb.o
                0x0000000008005ab8                USB_EPStartXfer
 .text.USB_EPSetStall
                0x0000000008005d68       0x50 ./Drivers/STM32F1xx_HAL_Driver/Src/stm32f1xx_ll_usb.o
                0x0000000008005d68                USB_EPSetStall
 .text.USB_EPClearStall
                0x0000000008005db8       0xb0 ./Drivers/STM32F1xx_HAL_Driver/Src/stm32f1xx_ll_usb.o
                0x0000000008005db8                USB_EPClearStall
 .text.USB_SetDevAddress
                0x0000000008005e68        0xc ./Drivers/STM32F1xx_HAL_Driver/Src/stm32f1xx_ll_usb.o
                0x0000000008005e68                USB_SetDevAddress
 .text.USB_DevConnect
                0x0000000008005e74        0x4 ./Drivers/STM32F1xx_HAL_Driver/Src/stm32f1xx_ll_usb.o
                0x0000000008005e74                USB_DevConnect
 .text.USB_DevDisconnect
                0x0000000008005e78        0x4 ./Drivers/STM32F1xx_HAL_Driver/Src/stm32f1xx_ll_usb.o
                0x0000000008005e78                USB_DevDisconnect
 .text.USB_ReadInterrupts
                0x0000000008005e7c        0x8 ./Drivers/STM32F1xx_HAL_Driver/Src/stm32f1xx_ll_usb.o
                0x0000000008005e7c                USB_ReadInterrupts
 .text.USB_EP0_OutStart
                0x0000000008005e84        0x4 ./Drivers/STM32F1xx_HAL_Driver/Src/stm32f1xx_ll_usb.o
                0x0000000008005e84                USB_EP0_OutStart
 .text.USB_ReadPMA
                0x0000000008005e88       0x48 ./Drivers/STM32F1xx_HAL_Driver/Src/stm32f1xx_ll_usb.o
                0x0000000008005e88                USB_ReadPMA
 .text._ZN10AdcHandler6adcUpdEPVm
                0x0000000008005ed0        0x4 ./MyLibs/Src/AdcHandler.o
                0x0000000008005ed0                AdcHandler::adcUpd(unsigned long volatile*)
 .text._ZN10AdcHandlerD2Ev
                0x0000000008005ed4       0x50 ./MyLibs/Src/AdcHandler.o
                0x0000000008005ed4                AdcHandler::~AdcHandler()
                0x0000000008005ed4                AdcHandler::~AdcHandler()
 .text._ZN10AdcHandlerD0Ev
                0x0000000008005f24       0x58 ./MyLibs/Src/AdcHandler.o
                0x0000000008005f24                AdcHandler::~AdcHandler()
 .text._ZN10AdcHandlerC2Ev
                0x0000000008005f7c       0xac ./MyLibs/Src/AdcHandler.o
                0x0000000008005f7c                AdcHandler::AdcHandler()
                0x0000000008005f7c                AdcHandler::AdcHandler()
 .text._ZN9CmdParserD2Ev
                0x0000000008006028       0x2c ./MyLibs/Src/CmdParser.o
                0x0000000008006028                CmdParser::~CmdParser()
                0x0000000008006028                CmdParser::~CmdParser()
 .text._ZN9CmdParserD0Ev
                0x0000000008006054       0x34 ./MyLibs/Src/CmdParser.o
                0x0000000008006054                CmdParser::~CmdParser()
 .text._ZN9CmdParserC2Ev
                0x0000000008006088       0x50 ./MyLibs/Src/CmdParser.o
                0x0000000008006088                CmdParser::CmdParser()
                0x0000000008006088                CmdParser::CmdParser()
 .text._ZN9CmdParser3addEPcPm
                0x00000000080060d8       0xbc ./MyLibs/Src/CmdParser.o
                0x00000000080060d8                CmdParser::add(char*, unsigned long*)
 .text._ZNSt6vectorI13ParsedCommandSaIS0_EE17_M_realloc_insertIJRKS0_EEEvN9__gnu_cxx17__normal_iteratorIPS0_S2_EEDpOT_
                0x0000000008006194      0x238 ./MyLibs/Src/CmdParser.o
                0x0000000008006194                void std::vector<ParsedCommand, std::allocator<ParsedCommand> >::_M_realloc_insert<ParsedCommand const&>(__gnu_cxx::__normal_iterator<ParsedCommand*, std::vector<ParsedCommand, std::allocator<ParsedCommand> > >, ParsedCommand const&)
 .text._ZNSt6vectorINSt7__cxx1112basic_stringIcSt11char_traitsIcESaIcEEESaIS5_EE17_M_realloc_insertIJRKS5_EEEvN9__gnu_cxx17__normal_iteratorIPS5_S7_EEDpOT_
                0x00000000080063cc      0x23c ./MyLibs/Src/CmdParser.o
                0x00000000080063cc                void std::vector<std::__cxx11::basic_string<char, std::char_traits<char>, std::allocator<char> >, std::allocator<std::__cxx11::basic_string<char, std::char_traits<char>, std::allocator<char> > > >::_M_realloc_insert<std::__cxx11::basic_string<char, std::char_traits<char>, std::allocator<char> > const&>(__gnu_cxx::__normal_iterator<std::__cxx11::basic_string<char, std::char_traits<char>, std::allocator<char> >*, std::vector<std::__cxx11::basic_string<char, std::char_traits<char>, std::allocator<char> >, std::allocator<std::__cxx11::basic_string<char, std::char_traits<char>, std::allocator<char> > > > >, std::__cxx11::basic_string<char, std::char_traits<char>, std::allocator<char> > const&)
 .text._ZN9CmdParser5parseEv
                0x0000000008006608      0xe44 ./MyLibs/Src/CmdParser.o
                0x0000000008006608                CmdParser::parse()
 .text._ZN14CommandHandler11hasCommandsEv
                0x000000000800744c        0x4 ./MyLibs/Src/CommandHandler.o
                0x000000000800744c                CommandHandler::hasCommands()
 .text._ZN14CommandHandler18setCommandsEnabledEb
                0x0000000008007450        0x4 ./MyLibs/Src/CommandHandler.o
                0x0000000008007450                CommandHandler::setCommandsEnabled(bool)
 .text._ZN14CommandHandler7commandEP13ParsedCommandPNSt7__cxx1112basic_stringIcSt11char_traitsIcESaIcEEE
                0x0000000008007454        0x4 ./MyLibs/Src/CommandHandler.o
                0x0000000008007454                CommandHandler::command(ParsedCommand*, std::__cxx11::basic_string<char, std::char_traits<char>, std::allocator<char> >*)
 .text._ZN14CommandHandler20removeCommandHandlerEv
                0x0000000008007458       0x44 ./MyLibs/Src/CommandHandler.o
                0x0000000008007458                CommandHandler::removeCommandHandler()
 .text._ZN14CommandHandlerD2Ev
                0x000000000800749c       0x50 ./MyLibs/Src/CommandHandler.o
                0x000000000800749c                CommandHandler::~CommandHandler()
                0x000000000800749c                CommandHandler::~CommandHandler()
 .text._ZN14CommandHandlerD0Ev
                0x00000000080074ec       0x58 ./MyLibs/Src/CommandHandler.o
                0x00000000080074ec                CommandHandler::~CommandHandler()
 .text._ZNSt6vectorIP14CommandHandlerSaIS1_EE17_M_realloc_insertIJS1_EEEvN9__gnu_cxx17__normal_iteratorIPS1_S3_EEDpOT_
                0x0000000008007544       0xd4 ./MyLibs/Src/CommandHandler.o
                0x0000000008007544                void std::vector<CommandHandler*, std::allocator<CommandHandler*> >::_M_realloc_insert<CommandHandler*>(__gnu_cxx::__normal_iterator<CommandHandler**, std::vector<CommandHandler*, std::allocator<CommandHandler*> > >, CommandHandler*&&)
 .text._ZN14CommandHandler17addCommandHandlerEv
                0x0000000008007618       0x4c ./MyLibs/Src/CommandHandler.o
                0x0000000008007618                CommandHandler::addCommandHandler()
 .text._ZN14CommandHandlerC2Ev
                0x0000000008007664       0x60 ./MyLibs/Src/CommandHandler.o
                0x0000000008007664                CommandHandler::CommandHandler()
                0x0000000008007664                CommandHandler::CommandHandler()
 .text._ZN12EncoderLocal4extiEt
                0x00000000080076c4        0x4 ./MyLibs/Src/EncoderLocal.o
                0x00000000080076c4                EncoderLocal::exti(unsigned short)
 .text._ZN12EncoderLocalD2Ev
                0x00000000080076c8       0x2c ./MyLibs/Src/EncoderLocal.o
                0x00000000080076c8                EncoderLocal::~EncoderLocal()
                0x00000000080076c8                EncoderLocal::~EncoderLocal()
 .text._ZN12EncoderLocal12timerElapsedEP17TIM_HandleTypeDef
                0x00000000080076f4       0x38 ./MyLibs/Src/EncoderLocal.o
                0x00000000080076f4                EncoderLocal::timerElapsed(TIM_HandleTypeDef*)
 .text._ZThn4_N12EncoderLocal12timerElapsedEP17TIM_HandleTypeDef
                0x000000000800772c       0x38 ./MyLibs/Src/EncoderLocal.o
                0x000000000800772c                non-virtual thunk to EncoderLocal::timerElapsed(TIM_HandleTypeDef*)
 .text._ZThn4_N12EncoderLocalD0Ev
                0x0000000008007764       0x34 ./MyLibs/Src/EncoderLocal.o
                0x0000000008007764                non-virtual thunk to EncoderLocal::~EncoderLocal()
 .text._ZN12EncoderLocalD0Ev
                0x0000000008007798       0x34 ./MyLibs/Src/EncoderLocal.o
                0x0000000008007798                EncoderLocal::~EncoderLocal()
 .text._ZThn4_N12EncoderLocalD1Ev
                0x00000000080077cc       0x2c ./MyLibs/Src/EncoderLocal.o
                0x00000000080077cc                non-virtual thunk to EncoderLocal::~EncoderLocal()
 .text._ZN12EncoderLocalC2Ev
                0x00000000080077f8       0x4c ./MyLibs/Src/EncoderLocal.o
                0x00000000080077f8                EncoderLocal::EncoderLocal()
                0x00000000080077f8                EncoderLocal::EncoderLocal()
 .text._ZN12EncoderLocal6getPosEv
                0x0000000008007844       0x14 ./MyLibs/Src/EncoderLocal.o
                0x0000000008007844                EncoderLocal::getPos()
 .text._ZN12EncoderLocal6setPosEl
                0x0000000008007858       0x10 ./MyLibs/Src/EncoderLocal.o
                0x0000000008007858                EncoderLocal::setPos(long)
 .text._ZN12EncoderLocal6getPprEv
                0x0000000008007868        0x4 ./MyLibs/Src/EncoderLocal.o
                0x0000000008007868                EncoderLocal::getPpr()
 .text._ZN12EncoderLocal9getPosCprEv
                0x000000000800786c        0x4 ./MyLibs/Src/EncoderLocal.o
                0x000000000800786c                EncoderLocal::getPosCpr()
 .text._ZN12EncoderLocal6setPprEm
                0x0000000008007870        0x4 ./MyLibs/Src/EncoderLocal.o
                0x0000000008007870                EncoderLocal::setPpr(unsigned long)
 .text._ZN11ExtiHandler4extiEt
                0x0000000008007874        0x4 ./MyLibs/Src/ExtiHandler.o
                0x0000000008007874                ExtiHandler::exti(unsigned short)
 .text._ZN11ExtiHandlerD2Ev
                0x0000000008007878       0x50 ./MyLibs/Src/ExtiHandler.o
                0x0000000008007878                ExtiHandler::~ExtiHandler()
                0x0000000008007878                ExtiHandler::~ExtiHandler()
 .text._ZN11ExtiHandlerD0Ev
                0x00000000080078c8       0x58 ./MyLibs/Src/ExtiHandler.o
                0x00000000080078c8                ExtiHandler::~ExtiHandler()
 .text._ZN11ExtiHandlerC2Ev
                0x0000000008007920       0xac ./MyLibs/Src/ExtiHandler.o
                0x0000000008007920                ExtiHandler::ExtiHandler()
                0x0000000008007920                ExtiHandler::ExtiHandler()
 .text._ZN8FFBWheel6adcUpdEPVm
                0x00000000080079cc       0x58 ./MyLibs/Src/FFBWheel.o
                0x00000000080079cc                FFBWheel::adcUpd(unsigned long volatile*)
 .text._ZN8FFBWheel12timerElapsedEP17TIM_HandleTypeDef
                0x0000000008007a24       0x10 ./MyLibs/Src/FFBWheel.o
                0x0000000008007a24                FFBWheel::timerElapsed(TIM_HandleTypeDef*)
 .text._ZThn4_N8FFBWheel12timerElapsedEP17TIM_HandleTypeDef
                0x0000000008007a34       0x10 ./MyLibs/Src/FFBWheel.o
                0x0000000008007a34                non-virtual thunk to FFBWheel::timerElapsed(TIM_HandleTypeDef*)
 .text._ZN8FFBWheel11setCfFilterEmh
                0x0000000008007a44       0x64 ./MyLibs/Src/FFBWheel.o
                0x0000000008007a44                FFBWheel::setCfFilter(unsigned long, unsigned char)
 .text._ZN8FFBWheel12restoreFlashEv
                0x0000000008007aa8       0xdc ./MyLibs/Src/FFBWheel.o
                0x0000000008007aa8                FFBWheel::restoreFlash()
 .text._ZN8FFBWheelC2Ev
                0x0000000008007b84      0x208 ./MyLibs/Src/FFBWheel.o
                0x0000000008007b84                FFBWheel::FFBWheel()
                0x0000000008007b84                FFBWheel::FFBWheel()
 .text._ZN8FFBWheel9saveFlashEv
                0x0000000008007d8c       0xd8 ./MyLibs/Src/FFBWheel.o
                0x0000000008007d8c                FFBWheel::saveFlash()
 .text._ZN8FFBWheel11getEncValueEP12EncoderLocalt
                0x0000000008007e64       0xa4 ./MyLibs/Src/FFBWheel.o
                0x0000000008007e64                FFBWheel::getEncValue(EncoderLocal*, unsigned short)
 .text._ZN8FFBWheel11send_reportEv
                0x0000000008007f08      0x15c ./MyLibs/Src/FFBWheel.o
                0x0000000008007f08                FFBWheel::send_report()
 *fill*         0x0000000008008064        0x4 
 .text._ZN8FFBWheel6updateEv
                0x0000000008008068      0x1f0 ./MyLibs/Src/FFBWheel.o
                0x0000000008008068                FFBWheel::update()
 .text._ZN8FFBWheel6cdcRcvEPcPm
                0x0000000008008258       0x64 ./MyLibs/Src/FFBWheel.o
                0x0000000008008258                FFBWheel::cdcRcv(char*, unsigned long*)
 .text._ZN8FFBWheel7usbInitEv
                0x00000000080082bc        0x4 ./MyLibs/Src/FFBWheel.o
                0x00000000080082bc                FFBWheel::usbInit()
 .text._ZN8FFBWheel3SOFEv
                0x00000000080082c0        0x8 ./MyLibs/Src/FFBWheel.o
                0x00000000080082c0                FFBWheel::SOF()
 .text._ZN8FFBWheelD2Ev
                0x00000000080082c8       0x50 ./MyLibs/Src/FFBWheel.o
                0x00000000080082c8                FFBWheel::~FFBWheel()
                0x00000000080082c8                FFBWheel::~FFBWheel()
 .text._ZThn8_N8FFBWheelD0Ev
                0x0000000008008318       0x5c ./MyLibs/Src/FFBWheel.o
                0x0000000008008318                non-virtual thunk to FFBWheel::~FFBWheel()
 .text._ZThn4_N8FFBWheelD0Ev
                0x0000000008008374       0x5c ./MyLibs/Src/FFBWheel.o
                0x0000000008008374                non-virtual thunk to FFBWheel::~FFBWheel()
 .text._ZN8FFBWheelD0Ev
                0x00000000080083d0       0x5c ./MyLibs/Src/FFBWheel.o
                0x00000000080083d0                FFBWheel::~FFBWheel()
 .text._ZThn8_N8FFBWheelD1Ev
                0x000000000800842c       0x54 ./MyLibs/Src/FFBWheel.o
                0x000000000800842c                non-virtual thunk to FFBWheel::~FFBWheel()
 .text._ZThn4_N8FFBWheelD1Ev
                0x0000000008008480       0x50 ./MyLibs/Src/FFBWheel.o
                0x0000000008008480                non-virtual thunk to FFBWheel::~FFBWheel()
 .text._ZN8FFBWheel15executeCommandsESt6vectorI13ParsedCommandSaIS1_EE
                0x00000000080084d0      0x1d4 ./MyLibs/Src/FFBWheel_commands.o
                0x00000000080084d0                FFBWheel::executeCommands(std::vector<ParsedCommand, std::allocator<ParsedCommand> >)
 .text._ZN9__gnu_cxx12__to_xstringINSt7__cxx1112basic_stringIcSt11char_traitsIcESaIcEEEcEET_PFiPT0_jPKS8_St9__va_listEjSB_z
                0x00000000080086a4       0x80 ./MyLibs/Src/FFBWheel_commands.o
                0x00000000080086a4                std::__cxx11::basic_string<char, std::char_traits<char>, std::allocator<char> > __gnu_cxx::__to_xstring<std::__cxx11::basic_string<char, std::char_traits<char>, std::allocator<char> >, char>(int (*)(char*, unsigned int, char const*, std::__va_list), unsigned int, char const*, ...)
 .text._ZN8FFBWheel7commandEP13ParsedCommandPNSt7__cxx1112basic_stringIcSt11char_traitsIcESaIcEEE
                0x0000000008008724      0x900 ./MyLibs/Src/FFBWheel_commands.o
                0x0000000008008724                FFBWheel::command(ParsedCommand*, std::__cxx11::basic_string<char, std::char_traits<char>, std::allocator<char> >*)
 .text._ZThn8_N8FFBWheel7commandEP13ParsedCommandPNSt7__cxx1112basic_stringIcSt11char_traitsIcESaIcEEE
                0x0000000008009024        0x8 ./MyLibs/Src/FFBWheel_commands.o
                0x0000000008009024                non-virtual thunk to FFBWheel::command(ParsedCommand*, std::__cxx11::basic_string<char, std::char_traits<char>, std::allocator<char> >*)
 .text._Z17usbInit_HID_Wheelv
                0x000000000800902c       0xb4 ./MyLibs/Src/FFBWheel_usb_init.o
                0x000000000800902c                usbInit_HID_Wheel()
 .text._ZN6BiquadC2Ev
                0x00000000080090e0        0x8 ./MyLibs/Src/Filters.o
                0x00000000080090e0                Biquad::Biquad()
                0x00000000080090e0                Biquad::Biquad()
 .text._ZN6BiquadC2E10BiquadTypefff
                0x00000000080090e8      0x814 ./MyLibs/Src/Filters.o
                0x00000000080090e8                Biquad::Biquad(BiquadType, float, float, float)
                0x00000000080090e8                Biquad::Biquad(BiquadType, float, float, float)
 .text._ZN6BiquadD2Ev
                0x00000000080098fc        0x4 ./MyLibs/Src/Filters.o
                0x00000000080098fc                Biquad::~Biquad()
                0x00000000080098fc                Biquad::~Biquad()
 .text._ZN6Biquad5setFcEf
                0x0000000008009900      0x7fc ./MyLibs/Src/Filters.o
                0x0000000008009900                Biquad::setFc(float)
 *fill*         0x000000000800a0fc        0x4 
 .text._ZN6Biquad4setQEf
                0x000000000800a100      0x7e4 ./MyLibs/Src/Filters.o
                0x000000000800a100                Biquad::setQ(float)
 .text._ZN6Biquad7processEf
                0x000000000800a8e4       0x5c ./MyLibs/Src/Filters.o
                0x000000000800a8e4                Biquad::process(float)
 .text._ZN6HidFFB6hidGetEhtPPh
                0x000000000800a940       0x18 ./MyLibs/Src/HidFFB.o
                0x000000000800a940                HidFFB::hidGet(unsigned char, unsigned short, unsigned char**)
 .text._ZN6HidFFBD2Ev
                0x000000000800a958       0x38 ./MyLibs/Src/HidFFB.o
                0x000000000800a958                HidFFB::~HidFFB()
                0x000000000800a958                HidFFB::~HidFFB()
 .text._ZN6HidFFBD0Ev
                0x000000000800a990       0x40 ./MyLibs/Src/HidFFB.o
                0x000000000800a990                HidFFB::~HidFFB()
 .text._ZN6HidFFBC2Ev
                0x000000000800a9d0      0x234 ./MyLibs/Src/HidFFB.o
                0x000000000800a9d0                HidFFB::HidFFB()
                0x000000000800a9d0                HidFFB::HidFFB()
 .text._ZN6HidFFB11setFilterFQEff
                0x000000000800ac04       0x1c ./MyLibs/Src/HidFFB.o
                0x000000000800ac04                HidFFB::setFilterFQ(float, float)
 .text._ZN6HidFFB10new_effectEP34FFB_CreateNewEffect_Feature_Data_t
                0x000000000800ac20       0xac ./MyLibs/Src/HidFFB.o
                0x000000000800ac20                HidFFB::new_effect(FFB_CreateNewEffect_Feature_Data_t*)
 .text._ZN6HidFFB6hidOutEPh
                0x000000000800accc      0x228 ./MyLibs/Src/HidFFB.o
                0x000000000800accc                HidFFB::hidOut(unsigned char*)
 .text._ZN6HidFFB24ConditionForceCalculatorEP10FFB_Effectf
                0x000000000800aef4      0x11c ./MyLibs/Src/HidFFB.o
                0x000000000800aef4                HidFFB::ConditionForceCalculator(FFB_Effect*, float)
 .text._ZN6HidFFB16calculateEffectsEP12EncoderLocal
                0x000000000800b010      0x9c0 ./MyLibs/Src/HidFFB.o
                0x000000000800b010                HidFFB::calculateEffects(EncoderLocal*)
 .text._ZN6HidFFB10set_configEP14FFBWheelConfig
                0x000000000800b9d0        0x4 ./MyLibs/Src/HidFFB.o
                0x000000000800b9d0                HidFFB::set_config(FFBWheelConfig*)
 .text._ZN12MotorBTS7960D2Ev
                0x000000000800b9d4       0x20 ./MyLibs/Src/MotorBTS7960.o
                0x000000000800b9d4                MotorBTS7960::~MotorBTS7960()
                0x000000000800b9d4                MotorBTS7960::~MotorBTS7960()
 .text._ZN12MotorBTS7960D0Ev
                0x000000000800b9f4       0x28 ./MyLibs/Src/MotorBTS7960.o
                0x000000000800b9f4                MotorBTS7960::~MotorBTS7960()
 .text._ZN12MotorBTS79604turnEs
                0x000000000800ba1c       0x44 ./MyLibs/Src/MotorBTS7960.o
                0x000000000800ba1c                MotorBTS7960::turn(short)
 .text._ZN12MotorBTS7960C2Ev
                0x000000000800ba60       0x3c ./MyLibs/Src/MotorBTS7960.o
                0x000000000800ba60                MotorBTS7960::MotorBTS7960()
                0x000000000800ba60                MotorBTS7960::MotorBTS7960()
 .text._ZN12MotorBTS79605startEv
                0x000000000800ba9c        0x8 ./MyLibs/Src/MotorBTS7960.o
                0x000000000800ba9c                MotorBTS7960::start()
 .text._ZN12MotorBTS79604stopEv
                0x000000000800baa4       0x10 ./MyLibs/Src/MotorBTS7960.o
                0x000000000800baa4                MotorBTS7960::stop()
 .text._ZN12TimerHandler12timerElapsedEP17TIM_HandleTypeDef
                0x000000000800bab4        0x4 ./MyLibs/Src/TimerHandler.o
                0x000000000800bab4                TimerHandler::timerElapsed(TIM_HandleTypeDef*)
 .text._ZN12TimerHandlerD2Ev
                0x000000000800bab8       0x50 ./MyLibs/Src/TimerHandler.o
                0x000000000800bab8                TimerHandler::~TimerHandler()
                0x000000000800bab8                TimerHandler::~TimerHandler()
 .text._ZN12TimerHandlerD0Ev
                0x000000000800bb08       0x58 ./MyLibs/Src/TimerHandler.o
                0x000000000800bb08                TimerHandler::~TimerHandler()
 .text._ZN12TimerHandlerC2Ev
                0x000000000800bb60       0xac ./MyLibs/Src/TimerHandler.o
                0x000000000800bb60                TimerHandler::TimerHandler()
                0x000000000800bb60                TimerHandler::TimerHandler()
 .text._ZN13UsbHidHandlerD2Ev
                0x000000000800bc0c        0x4 ./MyLibs/Src/UsbHidHandler.o
                0x000000000800bc0c                UsbHidHandler::~UsbHidHandler()
                0x000000000800bc0c                UsbHidHandler::~UsbHidHandler()
 .text._ZN13UsbHidHandler6hidGetEhtPPh
                0x000000000800bc10        0x4 ./MyLibs/Src/UsbHidHandler.o
                0x000000000800bc10                UsbHidHandler::hidGet(unsigned char, unsigned short, unsigned char**)
 .text._ZN13UsbHidHandler6hidOutEPh
                0x000000000800bc14        0x4 ./MyLibs/Src/UsbHidHandler.o
                0x000000000800bc14                UsbHidHandler::hidOut(unsigned char*)
 .text._ZN13UsbHidHandlerD0Ev
                0x000000000800bc18       0x10 ./MyLibs/Src/UsbHidHandler.o
                0x000000000800bc18                UsbHidHandler::~UsbHidHandler()
 .text._ZN13UsbHidHandlerC2Ev
                0x000000000800bc28        0xc ./MyLibs/Src/UsbHidHandler.o
                0x000000000800bc28                UsbHidHandler::UsbHidHandler()
                0x000000000800bc28                UsbHidHandler::UsbHidHandler()
 .text._ZN13UsbHidHandler19registerHidCallbackEv
                0x000000000800bc34        0xc ./MyLibs/Src/UsbHidHandler.o
                0x000000000800bc34                UsbHidHandler::registerHidCallback()
 .text.HAL_ADC_ConvCpltCallback
                0x000000000800bc40       0x28 ./MyLibs/Src/global_callbacks.o
                0x000000000800bc40                HAL_ADC_ConvCpltCallback
 .text.HAL_TIM_PeriodElapsedCallback
                0x000000000800bc68       0x24 ./MyLibs/Src/global_callbacks.o
                0x000000000800bc68                HAL_TIM_PeriodElapsedCallback
 .text.CDC_Callback
                0x000000000800bc8c       0x2c ./MyLibs/Src/global_callbacks.o
                0x000000000800bc8c                CDC_Callback
 .text.USBD_OutEvent_HID
                0x000000000800bcb8       0x14 ./MyLibs/Src/global_callbacks.o
                0x000000000800bcb8                USBD_OutEvent_HID
 .text.USBD_GetEvent_HID
                0x000000000800bccc       0x24 ./MyLibs/Src/global_callbacks.o
                0x000000000800bccc                USBD_GetEvent_HID
 .text.USB_SOF  0x000000000800bcf0       0x10 ./MyLibs/Src/global_callbacks.o
                0x000000000800bcf0                USB_SOF
 .text.startup._GLOBAL__sub_I_adcHandlers
                0x000000000800bd00       0x3c ./MyLibs/Src/global_callbacks.o
 .text.exit._GLOBAL__sub_D_adcHandlers
                0x000000000800bd3c       0x40 ./MyLibs/Src/global_callbacks.o
 .text._Z10updateLedsv
                0x000000000800bd7c       0x30 ./MyLibs/Src/ledEffects.o
                0x000000000800bd7c                updateLeds()
 .text._Z11ws2812_initv
                0x000000000800bdac       0x18 ./MyLibs/Src/ws2812.o
                0x000000000800bdac                ws2812_init()
 .text._Z16setup_rpm_ws2812h
                0x000000000800bdc4      0x254 ./MyLibs/Src/ws2812.o
                0x000000000800bdc4                setup_rpm_ws2812(unsigned char)
 .text._Z12setup_ws2812P3RGBh
                0x000000000800c018      0x1f4 ./MyLibs/Src/ws2812.o
                0x000000000800c018                setup_ws2812(RGB*, unsigned char)
 .text.startup._GLOBAL__sub_I_BUF_DMA
                0x000000000800c20c       0x44 ./MyLibs/Src/ws2812.o
 .text.USBD_CDC_DataIn
                0x000000000800c250       0x34 ./USB/Src/usbd_cdc.o
 .text.USBD_CDC_EP0_RxReady
                0x000000000800c284       0x34 ./USB/Src/usbd_cdc.o
 .text.USBD_CDC_GetFSCfgDesc
                0x000000000800c2b8       0x10 ./USB/Src/usbd_cdc.o
 .text.USBD_CDC_GetDeviceQualifierDescriptor
                0x000000000800c2c8       0x10 ./USB/Src/usbd_cdc.o
                0x000000000800c2c8                USBD_CDC_GetDeviceQualifierDescriptor
 .text.USBD_CDC_DataOut
                0x000000000800c2d8       0x34 ./USB/Src/usbd_cdc.o
 .text.USBD_CDC_Setup
                0x000000000800c30c       0x74 ./USB/Src/usbd_cdc.o
 .text.USBD_CDC_DeInit
                0x000000000800c380       0x40 ./USB/Src/usbd_cdc.o
 .text.USBD_CDC_Init
                0x000000000800c3c0       0xa0 ./USB/Src/usbd_cdc.o
 .text.USBD_CDC_GetOtherSpeedCfgDesc
                0x000000000800c460       0x10 ./USB/Src/usbd_cdc.o
 .text.USBD_CDC_GetHSCfgDesc
                0x000000000800c470       0x10 ./USB/Src/usbd_cdc.o
 .text.USBD_CDC_RegisterInterface
                0x000000000800c480       0x18 ./USB/Src/usbd_cdc.o
                0x000000000800c480                USBD_CDC_RegisterInterface
 .text.USBD_CDC_SetTxBuffer
                0x000000000800c498       0x14 ./USB/Src/usbd_cdc.o
                0x000000000800c498                USBD_CDC_SetTxBuffer
 .text.USBD_CDC_SetRxBuffer
                0x000000000800c4ac       0x10 ./USB/Src/usbd_cdc.o
                0x000000000800c4ac                USBD_CDC_SetRxBuffer
 .text.USBD_CDC_TransmitPacket
                0x000000000800c4bc       0x50 ./USB/Src/usbd_cdc.o
                0x000000000800c4bc                USBD_CDC_TransmitPacket
 .text.USBD_CDC_ReceivePacket
                0x000000000800c50c       0x30 ./USB/Src/usbd_cdc.o
                0x000000000800c50c                USBD_CDC_ReceivePacket
 .text.CDC_DeInit_FS
                0x000000000800c53c        0x4 ./USB/Src/usbd_cdc_if.o
 .text.CDC_Receive_FS
                0x000000000800c540       0x24 ./USB/Src/usbd_cdc_if.o
 .text.CDC_Init_FS
                0x000000000800c564       0x28 ./USB/Src/usbd_cdc_if.o
 .text.CDC_Control_FS
                0x000000000800c58c       0x4c ./USB/Src/usbd_cdc_if.o
 .text.CDC_Transmit_FS
                0x000000000800c5d8       0x44 ./USB/Src/usbd_cdc_if.o
                0x000000000800c5d8                CDC_Transmit_FS
 .text.USBD_Composite_IsoINIncomplete
                0x000000000800c61c        0x4 ./USB/Src/usbd_composite.o
 .text.USBD_Composite_Init
                0x000000000800c620       0x48 ./USB/Src/usbd_composite.o
 .text.USBD_Composite_DeInit
                0x000000000800c668       0x48 ./USB/Src/usbd_composite.o
 .text.USBD_Composite_DataIn
                0x000000000800c6b0       0x18 ./USB/Src/usbd_composite.o
 .text.USBD_Composite_DataOut
                0x000000000800c6c8       0x18 ./USB/Src/usbd_composite.o
 .text.USBD_Composite_EP0_RxReady
                0x000000000800c6e0       0x38 ./USB/Src/usbd_composite.o
 .text.USBD_Composite_EP0_TxSent
                0x000000000800c718        0x4 ./USB/Src/usbd_composite.o
 .text.USBD_Composite_GetFSCfgDesc
                0x000000000800c71c       0x18 ./USB/Src/usbd_composite.o
 .text.USBD_Composite_GetDeviceQualifierDescriptor
                0x000000000800c734       0x10 ./USB/Src/usbd_composite.o
 .text.USBD_Composite_SOF
                0x000000000800c744       0x44 ./USB/Src/usbd_composite.o
 .text.USBD_Composite_Setup
                0x000000000800c788       0x78 ./USB/Src/usbd_composite.o
 .text.USBD_Composite_IsoOUTIncomplete
                0x000000000800c800        0x4 ./USB/Src/usbd_composite.o
 .text.USBD_Composite_GetHSCfgDesc
                0x000000000800c804       0x18 ./USB/Src/usbd_composite.o
 .text.USBD_Composite_GetOtherSpeedCfgDesc
                0x000000000800c81c       0x18 ./USB/Src/usbd_composite.o
 .text.USBD_Composite_EPIN_To_Class
                0x000000000800c834       0x10 ./USB/Src/usbd_composite.o
                0x000000000800c834                USBD_Composite_EPIN_To_Class
 .text.USBD_Composite_EPOUT_To_Class
                0x000000000800c844       0x10 ./USB/Src/usbd_composite.o
                0x000000000800c844                USBD_Composite_EPOUT_To_Class
 .text.USBD_Composite_Set_Classes
                0x000000000800c854      0x130 ./USB/Src/usbd_composite.o
                0x000000000800c854                USBD_Composite_Set_Classes
 .text.USBD_Composite_InterfaceToClass
                0x000000000800c984        0xc ./USB/Src/usbd_composite.o
                0x000000000800c984                USBD_Composite_InterfaceToClass
 .text.HAL_PCD_SetupStageCallback
                0x000000000800c990        0xc ./USB/Src/usbd_conf.o
                0x000000000800c990                HAL_PCD_SetupStageCallback
 .text.HAL_PCD_DataOutStageCallback
                0x000000000800c99c       0x10 ./USB/Src/usbd_conf.o
                0x000000000800c99c                HAL_PCD_DataOutStageCallback
 .text.HAL_PCD_DataInStageCallback
                0x000000000800c9ac       0x10 ./USB/Src/usbd_conf.o
                0x000000000800c9ac                HAL_PCD_DataInStageCallback
 .text.HAL_PCD_SOFCallback
                0x000000000800c9bc        0x8 ./USB/Src/usbd_conf.o
                0x000000000800c9bc                HAL_PCD_SOFCallback
 .text.HAL_PCD_ResetCallback
                0x000000000800c9c4       0x24 ./USB/Src/usbd_conf.o
                0x000000000800c9c4                HAL_PCD_ResetCallback
 .text.HAL_PCD_SuspendCallback
                0x000000000800c9e8       0x20 ./USB/Src/usbd_conf.o
                0x000000000800c9e8                HAL_PCD_SuspendCallback
 .text.HAL_PCD_ResumeCallback
                0x000000000800ca08        0x8 ./USB/Src/usbd_conf.o
                0x000000000800ca08                HAL_PCD_ResumeCallback
 .text.USBD_LL_Init
                0x000000000800ca10       0xa4 ./USB/Src/usbd_conf.o
                0x000000000800ca10                USBD_LL_Init
 .text.USBD_LL_Start
                0x000000000800cab4       0x1c ./USB/Src/usbd_conf.o
                0x000000000800cab4                USBD_LL_Start
 .text.USBD_LL_OpenEP
                0x000000000800cad0       0x20 ./USB/Src/usbd_conf.o
                0x000000000800cad0                USBD_LL_OpenEP
 .text.USBD_LL_CloseEP
                0x000000000800caf0       0x1c ./USB/Src/usbd_conf.o
                0x000000000800caf0                USBD_LL_CloseEP
 .text.USBD_LL_StallEP
                0x000000000800cb0c       0x1c ./USB/Src/usbd_conf.o
                0x000000000800cb0c                USBD_LL_StallEP
 .text.USBD_LL_ClearStallEP
                0x000000000800cb28       0x1c ./USB/Src/usbd_conf.o
                0x000000000800cb28                USBD_LL_ClearStallEP
 .text.USBD_LL_IsStallEP
                0x000000000800cb44       0x20 ./USB/Src/usbd_conf.o
                0x000000000800cb44                USBD_LL_IsStallEP
 .text.USBD_LL_SetUSBAddress
                0x000000000800cb64       0x1c ./USB/Src/usbd_conf.o
                0x000000000800cb64                USBD_LL_SetUSBAddress
 .text.USBD_LL_Transmit
                0x000000000800cb80       0x1c ./USB/Src/usbd_conf.o
                0x000000000800cb80                USBD_LL_Transmit
 .text.USBD_LL_PrepareReceive
                0x000000000800cb9c       0x1c ./USB/Src/usbd_conf.o
                0x000000000800cb9c                USBD_LL_PrepareReceive
 .text.USBD_LL_GetRxDataSize
                0x000000000800cbb8        0x8 ./USB/Src/usbd_conf.o
                0x000000000800cbb8                USBD_LL_GetRxDataSize
 .text.HAL_PCDEx_SetConnectionState
                0x000000000800cbc0        0x4 ./USB/Src/usbd_conf.o
                0x000000000800cbc0                HAL_PCDEx_SetConnectionState
 .text.USBD_Init
                0x000000000800cbc4       0x2c ./USB/Src/usbd_core.o
                0x000000000800cbc4                USBD_Init
 .text.USBD_RegisterClass
                0x000000000800cbf0       0x10 ./USB/Src/usbd_core.o
                0x000000000800cbf0                USBD_RegisterClass
 .text.USBD_Start
                0x000000000800cc00        0xc ./USB/Src/usbd_core.o
                0x000000000800cc00                USBD_Start
 .text.USBD_SetClassConfig
                0x000000000800cc0c       0x14 ./USB/Src/usbd_core.o
                0x000000000800cc0c                USBD_SetClassConfig
 .text.USBD_ClrClassConfig
                0x000000000800cc20       0x10 ./USB/Src/usbd_core.o
                0x000000000800cc20                USBD_ClrClassConfig
 .text.USBD_LL_SetupStage
                0x000000000800cc30       0x5c ./USB/Src/usbd_core.o
                0x000000000800cc30                USBD_LL_SetupStage
 .text.USBD_LL_DataOutStage
                0x000000000800cc8c       0x7c ./USB/Src/usbd_core.o
                0x000000000800cc8c                USBD_LL_DataOutStage
 .text.USBD_LL_DataInStage
                0x000000000800cd08       0xc0 ./USB/Src/usbd_core.o
                0x000000000800cd08                USBD_LL_DataInStage
 .text.USBD_LL_Reset
                0x000000000800cdc8       0x48 ./USB/Src/usbd_core.o
                0x000000000800cdc8                USBD_LL_Reset
 .text.USBD_LL_SetSpeed
                0x000000000800ce10        0x8 ./USB/Src/usbd_core.o
                0x000000000800ce10                USBD_LL_SetSpeed
 .text.USBD_LL_Suspend
                0x000000000800ce18       0x14 ./USB/Src/usbd_core.o
                0x000000000800ce18                USBD_LL_Suspend
 .text.USBD_LL_Resume
                0x000000000800ce2c       0x14 ./USB/Src/usbd_core.o
                0x000000000800ce2c                USBD_LL_Resume
 .text.USBD_LL_SOF
                0x000000000800ce40       0x1c ./USB/Src/usbd_core.o
                0x000000000800ce40                USBD_LL_SOF
 .text.USBD_StdDevReq
                0x000000000800ce5c      0x2f4 ./USB/Src/usbd_ctlreq.o
                0x000000000800ce5c                USBD_StdDevReq
 .text.USBD_StdItfReq
                0x000000000800d150       0x68 ./USB/Src/usbd_ctlreq.o
                0x000000000800d150                USBD_StdItfReq
 .text.USBD_StdEPReq
                0x000000000800d1b8      0x100 ./USB/Src/usbd_ctlreq.o
                0x000000000800d1b8                USBD_StdEPReq
 .text.USBD_ParseSetupRequest
                0x000000000800d2b8       0x28 ./USB/Src/usbd_ctlreq.o
                0x000000000800d2b8                USBD_ParseSetupRequest
 .text.USBD_CtlError
                0x000000000800d2e0       0x18 ./USB/Src/usbd_ctlreq.o
                0x000000000800d2e0                USBD_CtlError
 .text.USBD_GetString
                0x000000000800d2f8       0x4c ./USB/Src/usbd_ctlreq.o
                0x000000000800d2f8                USBD_GetString
 .text.CUSTOM_HID_Init_FS
                0x000000000800d344        0x4 ./USB/Src/usbd_custom_hid_if.o
 .text.CUSTOM_HID_GetEvent_FS
                0x000000000800d348       0x10 ./USB/Src/usbd_custom_hid_if.o
 .text.CUSTOM_HID_OutEvent_FS
                0x000000000800d358        0xc ./USB/Src/usbd_custom_hid_if.o
 .text.CUSTOM_HID_DeInit_FS
                0x000000000800d364        0x4 ./USB/Src/usbd_custom_hid_if.o
 .text.USBD_CUSTOM_HID_GetFSCfgDesc
                0x000000000800d368       0x10 ./USB/Src/usbd_customhid.o
 .text.USBD_CUSTOM_HID_GetHSCfgDesc
                0x000000000800d378       0x10 ./USB/Src/usbd_customhid.o
 .text.USBD_CUSTOM_HID_GetOtherSpeedCfgDesc
                0x000000000800d388       0x10 ./USB/Src/usbd_customhid.o
 .text.USBD_CUSTOM_HID_DataIn
                0x000000000800d398       0x10 ./USB/Src/usbd_customhid.o
 .text.USBD_CUSTOM_HID_EP0_RxReady
                0x000000000800d3a8       0x24 ./USB/Src/usbd_customhid.o
 .text.USBD_CUSTOM_HID_GetDeviceQualifierDesc
                0x000000000800d3cc       0x10 ./USB/Src/usbd_customhid.o
 .text.USBD_CUSTOM_HID_DataOut
                0x000000000800d3dc       0x20 ./USB/Src/usbd_customhid.o
 .text.USBD_CUSTOM_HID_Setup
                0x000000000800d3fc      0x15c ./USB/Src/usbd_customhid.o
 .text.USBD_CUSTOM_HID_DeInit
                0x000000000800d558       0x34 ./USB/Src/usbd_customhid.o
 .text.USBD_CUSTOM_HID_Init
                0x000000000800d58c       0x50 ./USB/Src/usbd_customhid.o
 .text.USBD_CUSTOM_HID_SendReport
                0x000000000800d5dc       0x34 ./USB/Src/usbd_customhid.o
                0x000000000800d5dc                USBD_CUSTOM_HID_SendReport
 .text.USBD_CUSTOM_HID_RegisterInterface
                0x000000000800d610       0x10 ./USB/Src/usbd_customhid.o
                0x000000000800d610                USBD_CUSTOM_HID_RegisterInterface
 .text.USBD_FS_DeviceDescriptor_Composite
                0x000000000800d620        0xc ./USB/Src/usbd_desc.o
                0x000000000800d620                USBD_FS_DeviceDescriptor_Composite
 .text.USBD_FS_LangIDStrDescriptor
                0x000000000800d62c        0xc ./USB/Src/usbd_desc.o
                0x000000000800d62c                USBD_FS_LangIDStrDescriptor
 .text.USBD_FS_ManufacturerStrDescriptor
                0x000000000800d638       0x1c ./USB/Src/usbd_desc.o
                0x000000000800d638                USBD_FS_ManufacturerStrDescriptor
 .text.USBD_FS_ProductStrDescriptor
                0x000000000800d654       0x1c ./USB/Src/usbd_desc.o
                0x000000000800d654                USBD_FS_ProductStrDescriptor
 .text.USBD_FS_SerialStrDescriptor
                0x000000000800d670       0x1c ./USB/Src/usbd_desc.o
                0x000000000800d670                USBD_FS_SerialStrDescriptor
 .text.USBD_FS_ConfigStrDescriptor
                0x000000000800d68c       0x1c ./USB/Src/usbd_desc.o
                0x000000000800d68c                USBD_FS_ConfigStrDescriptor
 .text.USBD_FS_InterfaceStrDescriptor
                0x000000000800d6a8       0x1c ./USB/Src/usbd_desc.o
                0x000000000800d6a8                USBD_FS_InterfaceStrDescriptor
 .text.USBD_CtlSendData
                0x000000000800d6c4       0x1c ./USB/Src/usbd_ioreq.o
                0x000000000800d6c4                USBD_CtlSendData
 .text.USBD_CtlContinueSendData
                0x000000000800d6e0       0x14 ./USB/Src/usbd_ioreq.o
                0x000000000800d6e0                USBD_CtlContinueSendData
 .text.USBD_CtlPrepareRx
                0x000000000800d6f4       0x1c ./USB/Src/usbd_ioreq.o
                0x000000000800d6f4                USBD_CtlPrepareRx
 .text.USBD_CtlContinueRx
                0x000000000800d710       0x14 ./USB/Src/usbd_ioreq.o
                0x000000000800d710                USBD_CtlContinueRx
 .text.USBD_CtlSendStatus
                0x000000000800d724       0x18 ./USB/Src/usbd_ioreq.o
                0x000000000800d724                USBD_CtlSendStatus
 .text.USBD_CtlReceiveStatus
                0x000000000800d73c       0x18 ./USB/Src/usbd_ioreq.o
                0x000000000800d73c                USBD_CtlReceiveStatus
 .text._ZdlPv   0x000000000800d754        0x4 f:/stm32cubeide_1.3.0/stm32cubeide/plugins/com.st.stm32cube.ide.mcu.externaltools.gnu-tools-for-stm32.9-2020-q2-update.win32_2.0.0.202105311346/tools/bin/../lib/gcc/arm-none-eabi/9.3.1/../../../../arm-none-eabi/lib/thumb/v7-m/nofp\libstdc++_nano.a(del_op.o)
                0x000000000800d754                operator delete(void*)
 .text._ZdlPvj  0x000000000800d758        0x4 f:/stm32cubeide_1.3.0/stm32cubeide/plugins/com.st.stm32cube.ide.mcu.externaltools.gnu-tools-for-stm32.9-2020-q2-update.win32_2.0.0.202105311346/tools/bin/../lib/gcc/arm-none-eabi/9.3.1/../../../../arm-none-eabi/lib/thumb/v7-m/nofp\libstdc++_nano.a(del_ops.o)
                0x000000000800d758                operator delete(void*, unsigned int)
 .text._Znwj    0x000000000800d75c       0x22 f:/stm32cubeide_1.3.0/stm32cubeide/plugins/com.st.stm32cube.ide.mcu.externaltools.gnu-tools-for-stm32.9-2020-q2-update.win32_2.0.0.202105311346/tools/bin/../lib/gcc/arm-none-eabi/9.3.1/../../../../arm-none-eabi/lib/thumb/v7-m/nofp\libstdc++_nano.a(new_op.o)
                0x000000000800d75c                operator new(unsigned int)
 .text._Znaj    0x000000000800d77e        0x4 f:/stm32cubeide_1.3.0/stm32cubeide/plugins/com.st.stm32cube.ide.mcu.externaltools.gnu-tools-for-stm32.9-2020-q2-update.win32_2.0.0.202105311346/tools/bin/../lib/gcc/arm-none-eabi/9.3.1/../../../../arm-none-eabi/lib/thumb/v7-m/nofp\libstdc++_nano.a(new_opv.o)
                0x000000000800d77e                operator new[](unsigned int)
 .text.unlikely._ZSt17__throw_bad_allocv
                0x000000000800d782        0x6 f:/stm32cubeide_1.3.0/stm32cubeide/plugins/com.st.stm32cube.ide.mcu.externaltools.gnu-tools-for-stm32.9-2020-q2-update.win32_2.0.0.202105311346/tools/bin/../lib/gcc/arm-none-eabi/9.3.1/../../../../arm-none-eabi/lib/thumb/v7-m/nofp\libstdc++_nano.a(functexcept.o)
                0x000000000800d782                std::__throw_bad_alloc()
 .text.unlikely._ZSt19__throw_logic_errorPKc
                0x000000000800d788        0x6 f:/stm32cubeide_1.3.0/stm32cubeide/plugins/com.st.stm32cube.ide.mcu.externaltools.gnu-tools-for-stm32.9-2020-q2-update.win32_2.0.0.202105311346/tools/bin/../lib/gcc/arm-none-eabi/9.3.1/../../../../arm-none-eabi/lib/thumb/v7-m/nofp\libstdc++_nano.a(functexcept.o)
                0x000000000800d788                std::__throw_logic_error(char const*)
 .text.unlikely._ZSt24__throw_invalid_argumentPKc
                0x000000000800d78e        0x6 f:/stm32cubeide_1.3.0/stm32cubeide/plugins/com.st.stm32cube.ide.mcu.externaltools.gnu-tools-for-stm32.9-2020-q2-update.win32_2.0.0.202105311346/tools/bin/../lib/gcc/arm-none-eabi/9.3.1/../../../../arm-none-eabi/lib/thumb/v7-m/nofp\libstdc++_nano.a(functexcept.o)
                0x000000000800d78e                std::__throw_invalid_argument(char const*)
 .text.unlikely._ZSt20__throw_length_errorPKc
                0x000000000800d794        0x6 f:/stm32cubeide_1.3.0/stm32cubeide/plugins/com.st.stm32cube.ide.mcu.externaltools.gnu-tools-for-stm32.9-2020-q2-update.win32_2.0.0.202105311346/tools/bin/../lib/gcc/arm-none-eabi/9.3.1/../../../../arm-none-eabi/lib/thumb/v7-m/nofp\libstdc++_nano.a(functexcept.o)
                0x000000000800d794                std::__throw_length_error(char const*)
 .text.unlikely._ZSt20__throw_out_of_rangePKc
                0x000000000800d79a        0x6 f:/stm32cubeide_1.3.0/stm32cubeide/plugins/com.st.stm32cube.ide.mcu.externaltools.gnu-tools-for-stm32.9-2020-q2-update.win32_2.0.0.202105311346/tools/bin/../lib/gcc/arm-none-eabi/9.3.1/../../../../arm-none-eabi/lib/thumb/v7-m/nofp\libstdc++_nano.a(functexcept.o)
                0x000000000800d79a                std::__throw_out_of_range(char const*)
 .text._ZSt24__throw_out_of_range_fmtPKcz
                0x000000000800d7a0       0x36 f:/stm32cubeide_1.3.0/stm32cubeide/plugins/com.st.stm32cube.ide.mcu.externaltools.gnu-tools-for-stm32.9-2020-q2-update.win32_2.0.0.202105311346/tools/bin/../lib/gcc/arm-none-eabi/9.3.1/../../../../arm-none-eabi/lib/thumb/v7-m/nofp\libstdc++_nano.a(functexcept.o)
                0x000000000800d7a0                std::__throw_out_of_range_fmt(char const*, ...)
 *fill*         0x000000000800d7d6        0x2 
 .text._ZN9__gnu_cxx26__throw_insufficient_spaceEPKcS1_
                0x000000000800d7d8       0x4c f:/stm32cubeide_1.3.0/stm32cubeide/plugins/com.st.stm32cube.ide.mcu.externaltools.gnu-tools-for-stm32.9-2020-q2-update.win32_2.0.0.202105311346/tools/bin/../lib/gcc/arm-none-eabi/9.3.1/../../../../arm-none-eabi/lib/thumb/v7-m/nofp\libstdc++_nano.a(snprintf_lite.o)
                0x000000000800d7d8                __gnu_cxx::__throw_insufficient_space(char const*, char const*)
 .text._ZN9__gnu_cxx15__concat_size_tEPcjj
                0x000000000800d824       0x58 f:/stm32cubeide_1.3.0/stm32cubeide/plugins/com.st.stm32cube.ide.mcu.externaltools.gnu-tools-for-stm32.9-2020-q2-update.win32_2.0.0.202105311346/tools/bin/../lib/gcc/arm-none-eabi/9.3.1/../../../../arm-none-eabi/lib/thumb/v7-m/nofp\libstdc++_nano.a(snprintf_lite.o)
                0x000000000800d824                __gnu_cxx::__concat_size_t(char*, unsigned int, unsigned int)
 .text._ZN9__gnu_cxx15__snprintf_liteEPcjPKcSt9__va_list
                0x000000000800d87c       0x82 f:/stm32cubeide_1.3.0/stm32cubeide/plugins/com.st.stm32cube.ide.mcu.externaltools.gnu-tools-for-stm32.9-2020-q2-update.win32_2.0.0.202105311346/tools/bin/../lib/gcc/arm-none-eabi/9.3.1/../../../../arm-none-eabi/lib/thumb/v7-m/nofp\libstdc++_nano.a(snprintf_lite.o)
                0x000000000800d87c                __gnu_cxx::__snprintf_lite(char*, unsigned int, char const*, std::__va_list)
 .text._ZNSt11char_traitsIcE7compareEPKcS2_j
                0x000000000800d8fe        0xa f:/stm32cubeide_1.3.0/stm32cubeide/plugins/com.st.stm32cube.ide.mcu.externaltools.gnu-tools-for-stm32.9-2020-q2-update.win32_2.0.0.202105311346/tools/bin/../lib/gcc/arm-none-eabi/9.3.1/../../../../arm-none-eabi/lib/thumb/v7-m/nofp\libstdc++_nano.a(string-inst.o)
                0x000000000800d8fe                std::char_traits<char>::compare(char const*, char const*, unsigned int)
 .text._ZNSt11char_traitsIcE4findEPKcjRS1_
                0x000000000800d908       0x10 f:/stm32cubeide_1.3.0/stm32cubeide/plugins/com.st.stm32cube.ide.mcu.externaltools.gnu-tools-for-stm32.9-2020-q2-update.win32_2.0.0.202105311346/tools/bin/../lib/gcc/arm-none-eabi/9.3.1/../../../../arm-none-eabi/lib/thumb/v7-m/nofp\libstdc++_nano.a(string-inst.o)
                0x000000000800d908                std::char_traits<char>::find(char const*, unsigned int, char const&)
 .text._ZNSt11char_traitsIcE4copyEPcPKcj
                0x000000000800d918        0x8 f:/stm32cubeide_1.3.0/stm32cubeide/plugins/com.st.stm32cube.ide.mcu.externaltools.gnu-tools-for-stm32.9-2020-q2-update.win32_2.0.0.202105311346/tools/bin/../lib/gcc/arm-none-eabi/9.3.1/../../../../arm-none-eabi/lib/thumb/v7-m/nofp\libstdc++_nano.a(string-inst.o)
                0x000000000800d918                std::char_traits<char>::copy(char*, char const*, unsigned int)
 .text._ZNSt7__cxx1112basic_stringIcSt11char_traitsIcESaIcEE9_M_createERjj
                0x000000000800d920       0x44 f:/stm32cubeide_1.3.0/stm32cubeide/plugins/com.st.stm32cube.ide.mcu.externaltools.gnu-tools-for-stm32.9-2020-q2-update.win32_2.0.0.202105311346/tools/bin/../lib/gcc/arm-none-eabi/9.3.1/../../../../arm-none-eabi/lib/thumb/v7-m/nofp\libstdc++_nano.a(string-inst.o)
                0x000000000800d920                std::__cxx11::basic_string<char, std::char_traits<char>, std::allocator<char> >::_M_create(unsigned int&, unsigned int)
 .text._ZNSt7__cxx1112basic_stringIcSt11char_traitsIcESaIcEE10_M_disposeEv
                0x000000000800d964       0x10 f:/stm32cubeide_1.3.0/stm32cubeide/plugins/com.st.stm32cube.ide.mcu.externaltools.gnu-tools-for-stm32.9-2020-q2-update.win32_2.0.0.202105311346/tools/bin/../lib/gcc/arm-none-eabi/9.3.1/../../../../arm-none-eabi/lib/thumb/v7-m/nofp\libstdc++_nano.a(string-inst.o)
                0x000000000800d964                std::__cxx11::basic_string<char, std::char_traits<char>, std::allocator<char> >::_M_dispose()
 .text._ZNKSt7__cxx1112basic_stringIcSt11char_traitsIcESaIcEE15_M_check_lengthEjjPKc
                0x000000000800d974       0x18 f:/stm32cubeide_1.3.0/stm32cubeide/plugins/com.st.stm32cube.ide.mcu.externaltools.gnu-tools-for-stm32.9-2020-q2-update.win32_2.0.0.202105311346/tools/bin/../lib/gcc/arm-none-eabi/9.3.1/../../../../arm-none-eabi/lib/thumb/v7-m/nofp\libstdc++_nano.a(string-inst.o)
                0x000000000800d974                std::__cxx11::basic_string<char, std::char_traits<char>, std::allocator<char> >::_M_check_length(unsigned int, unsigned int, char const*) const
 .text._ZNSt7__cxx1112basic_stringIcSt11char_traitsIcESaIcEE7_S_copyEPcPKcj
                0x000000000800d98c       0x12 f:/stm32cubeide_1.3.0/stm32cubeide/plugins/com.st.stm32cube.ide.mcu.externaltools.gnu-tools-for-stm32.9-2020-q2-update.win32_2.0.0.202105311346/tools/bin/../lib/gcc/arm-none-eabi/9.3.1/../../../../arm-none-eabi/lib/thumb/v7-m/nofp\libstdc++_nano.a(string-inst.o)
                0x000000000800d98c                std::__cxx11::basic_string<char, std::char_traits<char>, std::allocator<char> >::_S_copy(char*, char const*, unsigned int)
 .text._ZNSt7__cxx1112basic_stringIcSt11char_traitsIcESaIcEE9_M_assignERKS4_
                0x000000000800d99e       0x4c f:/stm32cubeide_1.3.0/stm32cubeide/plugins/com.st.stm32cube.ide.mcu.externaltools.gnu-tools-for-stm32.9-2020-q2-update.win32_2.0.0.202105311346/tools/bin/../lib/gcc/arm-none-eabi/9.3.1/../../../../arm-none-eabi/lib/thumb/v7-m/nofp\libstdc++_nano.a(string-inst.o)
                0x000000000800d99e                std::__cxx11::basic_string<char, std::char_traits<char>, std::allocator<char> >::_M_assign(std::__cxx11::basic_string<char, std::char_traits<char>, std::allocator<char> > const&)
 .text._ZNSt7__cxx1112basic_stringIcSt11char_traitsIcESaIcEE9_M_mutateEjjPKcj
                0x000000000800d9ea       0x76 f:/stm32cubeide_1.3.0/stm32cubeide/plugins/com.st.stm32cube.ide.mcu.externaltools.gnu-tools-for-stm32.9-2020-q2-update.win32_2.0.0.202105311346/tools/bin/../lib/gcc/arm-none-eabi/9.3.1/../../../../arm-none-eabi/lib/thumb/v7-m/nofp\libstdc++_nano.a(string-inst.o)
                0x000000000800d9ea                std::__cxx11::basic_string<char, std::char_traits<char>, std::allocator<char> >::_M_mutate(unsigned int, unsigned int, char const*, unsigned int)
 .text._ZNSt7__cxx1112basic_stringIcSt11char_traitsIcESaIcEE9push_backEc
                0x000000000800da60       0x3a f:/stm32cubeide_1.3.0/stm32cubeide/plugins/com.st.stm32cube.ide.mcu.externaltools.gnu-tools-for-stm32.9-2020-q2-update.win32_2.0.0.202105311346/tools/bin/../lib/gcc/arm-none-eabi/9.3.1/../../../../arm-none-eabi/lib/thumb/v7-m/nofp\libstdc++_nano.a(string-inst.o)
                0x000000000800da60                std::__cxx11::basic_string<char, std::char_traits<char>, std::allocator<char> >::push_back(char)