Archive member included to satisfy reference by file (symbol)

g:/stm32cubeide_1.3.0/stm32cubeide/plugins/com.st.stm32cube.ide.mcu.externaltools.gnu-tools-for-stm32.7-2018-q2-update.win32_1.0.0.201904181610/tools/bin/../lib/gcc/arm-none-eabi/7.3.1/../../../../arm-none-eabi/lib/thumb/v7-m\libstdc++_nano.a(del_ops.o)
                              MyLibs/Src/AdcHandler.o (operator delete(void*, unsigned int))
g:/stm32cubeide_1.3.0/stm32cubeide/plugins/com.st.stm32cube.ide.mcu.externaltools.gnu-tools-for-stm32.7-2018-q2-update.win32_1.0.0.201904181610/tools/bin/../lib/gcc/arm-none-eabi/7.3.1/../../../../arm-none-eabi/lib/thumb/v7-m\libstdc++_nano.a(new_op.o)
                              Core/Src/cppmain.o (operator new(unsigned int))
g:/stm32cubeide_1.3.0/stm32cubeide/plugins/com.st.stm32cube.ide.mcu.externaltools.gnu-tools-for-stm32.7-2018-q2-update.win32_1.0.0.201904181610/tools/bin/../lib/gcc/arm-none-eabi/7.3.1/../../../../arm-none-eabi/lib/thumb/v7-m\libstdc++_nano.a(new_handler.o)
                              g:/stm32cubeide_1.3.0/stm32cubeide/plugins/com.st.stm32cube.ide.mcu.externaltools.gnu-tools-for-stm32.7-2018-q2-update.win32_1.0.0.201904181610/tools/bin/../lib/gcc/arm-none-eabi/7.3.1/../../../../arm-none-eabi/lib/thumb/v7-m\libstdc++_nano.a(new_op.o) (std::get_new_handler())
g:/stm32cubeide_1.3.0/stm32cubeide/plugins/com.st.stm32cube.ide.mcu.externaltools.gnu-tools-for-stm32.7-2018-q2-update.win32_1.0.0.201904181610/tools/bin/../lib/gcc/arm-none-eabi/7.3.1/../../../../arm-none-eabi/lib/thumb/v7-m\libstdc++_nano.a(del_op.o)
                              MyLibs/Src/AdcHandler.o (operator delete(void*))
g:/stm32cubeide_1.3.0/stm32cubeide/plugins/com.st.stm32cube.ide.mcu.externaltools.gnu-tools-for-stm32.7-2018-q2-update.win32_1.0.0.201904181610/tools/bin/../lib/gcc/arm-none-eabi/7.3.1/../../../../arm-none-eabi/lib/thumb/v7-m\libstdc++_nano.a(functexcept.o)
                              MyLibs/Src/CmdParser.o (std::__throw_invalid_argument(char const*))
g:/stm32cubeide_1.3.0/stm32cubeide/plugins/com.st.stm32cube.ide.mcu.externaltools.gnu-tools-for-stm32.7-2018-q2-update.win32_1.0.0.201904181610/tools/bin/../lib/gcc/arm-none-eabi/7.3.1/../../../../arm-none-eabi/lib/thumb/v7-m\libstdc++_nano.a(string-inst.o)
                              MyLibs/Src/CmdParser.o (std::__cxx11::basic_string<char, std::char_traits<char>, std::allocator<char> >::_M_create(unsigned int&, unsigned int))
g:/stm32cubeide_1.3.0/stm32cubeide/plugins/com.st.stm32cube.ide.mcu.externaltools.gnu-tools-for-stm32.7-2018-q2-update.win32_1.0.0.201904181610/tools/bin/../lib/gcc/arm-none-eabi/7.3.1/../../../../arm-none-eabi/lib/thumb/v7-m\libstdc++_nano.a(snprintf_lite.o)
                              g:/stm32cubeide_1.3.0/stm32cubeide/plugins/com.st.stm32cube.ide.mcu.externaltools.gnu-tools-for-stm32.7-2018-q2-update.win32_1.0.0.201904181610/tools/bin/../lib/gcc/arm-none-eabi/7.3.1/../../../../arm-none-eabi/lib/thumb/v7-m\libstdc++_nano.a(functexcept.o) (__gnu_cxx::__snprintf_lite(char*, unsigned int, char const*, std::__va_list))
g:/stm32cubeide_1.3.0/stm32cubeide/plugins/com.st.stm32cube.ide.mcu.externaltools.gnu-tools-for-stm32.7-2018-q2-update.win32_1.0.0.201904181610/tools/bin/../lib/gcc/arm-none-eabi/7.3.1/../../../../arm-none-eabi/lib/thumb/v7-m\libm.a(lib_a-s_tan.o)
                              MyLibs/Src/Filters.o (tan)
g:/stm32cubeide_1.3.0/stm32cubeide/plugins/com.st.stm32cube.ide.mcu.externaltools.gnu-tools-for-stm32.7-2018-q2-update.win32_1.0.0.201904181610/tools/bin/../lib/gcc/arm-none-eabi/7.3.1/../../../../arm-none-eabi/lib/thumb/v7-m\libm.a(lib_a-sf_sin.o)
                              MyLibs/Src/HidFFB.o (sinf)
g:/stm32cubeide_1.3.0/stm32cubeide/plugins/com.st.stm32cube.ide.mcu.externaltools.gnu-tools-for-stm32.7-2018-q2-update.win32_1.0.0.201904181610/tools/bin/../lib/gcc/arm-none-eabi/7.3.1/../../../../arm-none-eabi/lib/thumb/v7-m\libm.a(lib_a-w_pow.o)
                              MyLibs/Src/Filters.o (pow)
g:/stm32cubeide_1.3.0/stm32cubeide/plugins/com.st.stm32cube.ide.mcu.externaltools.gnu-tools-for-stm32.7-2018-q2-update.win32_1.0.0.201904181610/tools/bin/../lib/gcc/arm-none-eabi/7.3.1/../../../../arm-none-eabi/lib/thumb/v7-m\libm.a(lib_a-wf_sqrt.o)
                              MyLibs/Src/Filters.o (sqrtf)
g:/stm32cubeide_1.3.0/stm32cubeide/plugins/com.st.stm32cube.ide.mcu.externaltools.gnu-tools-for-stm32.7-2018-q2-update.win32_1.0.0.201904181610/tools/bin/../lib/gcc/arm-none-eabi/7.3.1/../../../../arm-none-eabi/lib/thumb/v7-m\libm.a(lib_a-e_pow.o)
                              g:/stm32cubeide_1.3.0/stm32cubeide/plugins/com.st.stm32cube.ide.mcu.externaltools.gnu-tools-for-stm32.7-2018-q2-update.win32_1.0.0.201904181610/tools/bin/../lib/gcc/arm-none-eabi/7.3.1/../../../../arm-none-eabi/lib/thumb/v7-m\libm.a(lib_a-w_pow.o) (__ieee754_pow)
[...]
Memory Configuration

Name             Origin             Length             Attributes
RAM              0x0000000020000000 0x0000000000005000 xrw
FLASH            0x0000000008000000 0x0000000000010000 xr
*default*        0x0000000000000000 0xffffffffffffffff

Linker script and memory map

LOAD g:/stm32cubeide_1.3.0/stm32cubeide/plugins/com.st.stm32cube.ide.mcu.externaltools.gnu-tools-for-stm32.7-2018-q2-update.win32_1.0.0.201904181610/tools/bin/../lib/gcc/arm-none-eabi/7.3.1/thumb/v7-m/crti.o
LOAD g:/stm32cubeide_1.3.0/stm32cubeide/plugins/com.st.stm32cube.ide.mcu.externaltools.gnu-tools-for-stm32.7-2018-q2-update.win32_1.0.0.201904181610/tools/bin/../lib/gcc/arm-none-eabi/7.3.1/thumb/v7-m/crtbegin.o
LOAD g:/stm32cubeide_1.3.0/stm32cubeide/plugins/com.st.stm32cube.ide.mcu.externaltools.gnu-tools-for-stm32.7-2018-q2-update.win32_1.0.0.201904181610/tools/bin/../lib/gcc/arm-none-eabi/7.3.1/../../../../arm-none-eabi/lib/thumb/v7-m/crt0.o
LOAD Core/Src/cppmain.o
LOAD Core/Src/eeprom.o
LOAD Core/Src/main.o
LOAD Core/Src/stm32f1xx_hal_msp.o
LOAD Core/Src/stm32f1xx_it.o
LOAD Core/Src/syscalls.o
LOAD Core/Src/sysmem.o
LOAD Core/Src/system_stm32f1xx.o
LOAD Core/Startup/startup_stm32f103c8tx.o
LOAD Drivers/STM32F1xx_HAL_Driver/Src/stm32f1xx_hal.o
LOAD Drivers/STM32F1xx_HAL_Driver/Src/stm32f1xx_hal_adc.o
LOAD Drivers/STM32F1xx_HAL_Driver/Src/stm32f1xx_hal_adc_ex.o
LOAD Drivers/STM32F1xx_HAL_Driver/Src/stm32f1xx_hal_cortex.o
LOAD Drivers/STM32F1xx_HAL_Driver/Src/stm32f1xx_hal_dma.o
LOAD Drivers/STM32F1xx_HAL_Driver/Src/stm32f1xx_hal_exti.o
LOAD Drivers/STM32F1xx_HAL_Driver/Src/stm32f1xx_hal_flash.o
LOAD Drivers/STM32F1xx_HAL_Driver/Src/stm32f1xx_hal_flash_ex.o
LOAD Drivers/STM32F1xx_HAL_Driver/Src/stm32f1xx_hal_gpio.o
LOAD Drivers/STM32F1xx_HAL_Driver/Src/stm32f1xx_hal_gpio_ex.o
LOAD Drivers/STM32F1xx_HAL_Driver/Src/stm32f1xx_hal_i2c.o
LOAD Drivers/STM32F1xx_HAL_Driver/Src/stm32f1xx_hal_pcd.o
LOAD Drivers/STM32F1xx_HAL_Driver/Src/stm32f1xx_hal_pcd_ex.o
LOAD Drivers/STM32F1xx_HAL_Driver/Src/stm32f1xx_hal_pwr.o
LOAD Drivers/STM32F1xx_HAL_Driver/Src/stm32f1xx_hal_rcc.o
LOAD Drivers/STM32F1xx_HAL_Driver/Src/stm32f1xx_hal_rcc_ex.o
LOAD Drivers/STM32F1xx_HAL_Driver/Src/stm32f1xx_hal_tim.o
LOAD Drivers/STM32F1xx_HAL_Driver/Src/stm32f1xx_hal_tim_ex.o
LOAD Drivers/STM32F1xx_HAL_Driver/Src/stm32f1xx_ll_usb.o
LOAD MyLibs/Src/AdcHandler.o
LOAD MyLibs/Src/CmdParser.o
LOAD MyLibs/Src/CommandHandler.o
LOAD MyLibs/Src/EncoderLocal.o
LOAD MyLibs/Src/ExtiHandler.o
LOAD MyLibs/Src/FFBWheel.o
LOAD MyLibs/Src/FFBWheel_commands.o
LOAD MyLibs/Src/FFBWheel_usb_init.o
LOAD MyLibs/Src/Filters.o
LOAD MyLibs/Src/HidFFB.o
LOAD MyLibs/Src/LocalButtons.o
LOAD MyLibs/Src/MotorBTS7960.o
LOAD MyLibs/Src/TimerHandler.o
LOAD MyLibs/Src/UsbHidHandler.o
LOAD MyLibs/Src/global_callbacks.o
LOAD MyLibs/Src/ledEffects.o
LOAD MyLibs/Src/ws2812.o
LOAD USB/Src/usb_device.o
LOAD USB/Src/usbd_cdc.o
LOAD USB/Src/usbd_cdc_if.o
LOAD USB/Src/usbd_composite.o
LOAD USB/Src/usbd_conf.o
LOAD USB/Src/usbd_core.o
LOAD USB/Src/usbd_ctlreq.o
LOAD USB/Src/usbd_custom_hid_if.o
LOAD USB/Src/usbd_customhid.o
LOAD USB/Src/usbd_desc.o
LOAD USB/Src/usbd_ioreq.o
START GROUP
LOAD g:/stm32cubeide_1.3.0/stm32cubeide/plugins/com.st.stm32cube.ide.mcu.externaltools.gnu-tools-for-stm32.7-2018-q2-update.win32_1.0.0.201904181610/tools/bin/../lib/gcc/arm-none-eabi/7.3.1/../../../../arm-none-eabi/lib/thumb/v7-m\libstdc++_nano.a
LOAD g:/stm32cubeide_1.3.0/stm32cubeide/plugins/com.st.stm32cube.ide.mcu.externaltools.gnu-tools-for-stm32.7-2018-q2-update.win32_1.0.0.201904181610/tools/bin/../lib/gcc/arm-none-eabi/7.3.1/../../../../arm-none-eabi/lib/thumb/v7-m\libsupc++_nano.a
END GROUP
LOAD g:/stm32cubeide_1.3.0/stm32cubeide/plugins/com.st.stm32cube.ide.mcu.externaltools.gnu-tools-for-stm32.7-2018-q2-update.win32_1.0.0.201904181610/tools/bin/../lib/gcc/arm-none-eabi/7.3.1/../../../../arm-none-eabi/lib/thumb/v7-m\libstdc++_nano.a
LOAD g:/stm32cubeide_1.3.0/stm32cubeide/plugins/com.st.stm32cube.ide.mcu.externaltools.gnu-tools-for-stm32.7-2018-q2-update.win32_1.0.0.201904181610/tools/bin/../lib/gcc/arm-none-eabi/7.3.1/../../../../arm-none-eabi/lib/thumb/v7-m\libm.a
LOAD g:/stm32cubeide_1.3.0/stm32cubeide/plugins/com.st.stm32cube.ide.mcu.externaltools.gnu-tools-for-stm32.7-2018-q2-update.win32_1.0.0.201904181610/tools/bin/../lib/gcc/arm-none-eabi/7.3.1/../../../../arm-none-eabi/lib/thumb/v7-m\libc_nano.a
START GROUP
LOAD g:/stm32cubeide_1.3.0/stm32cubeide/plugins/com.st.stm32cube.ide.mcu.externaltools.gnu-tools-for-stm32.7-2018-q2-update.win32_1.0.0.201904181610/tools/bin/../lib/gcc/arm-none-eabi/7.3.1/thumb/v7-m\libgcc.a
LOAD g:/stm32cubeide_1.3.0/stm32cubeide/plugins/com.st.stm32cube.ide.mcu.externaltools.gnu-tools-for-stm32.7-2018-q2-update.win32_1.0.0.201904181610/tools/bin/../lib/gcc/arm-none-eabi/7.3.1/../../../../arm-none-eabi/lib/thumb/v7-m\libc_nano.a
END GROUP
START GROUP
LOAD g:/stm32cubeide_1.3.0/stm32cubeide/plugins/com.st.stm32cube.ide.mcu.externaltools.gnu-tools-for-stm32.7-2018-q2-update.win32_1.0.0.201904181610/tools/bin/../lib/gcc/arm-none-eabi/7.3.1/thumb/v7-m\libgcc.a
LOAD g:/stm32cubeide_1.3.0/stm32cubeide/plugins/com.st.stm32cube.ide.mcu.externaltools.gnu-tools-for-stm32.7-2018-q2-update.win32_1.0.0.201904181610/tools/bin/../lib/gcc/arm-none-eabi/7.3.1/../../../../arm-none-eabi/lib/thumb/v7-m\libc_nano.a
LOAD g:/stm32cubeide_1.3.0/stm32cubeide/plugins/com.st.stm32cube.ide.mcu.externaltools.gnu-tools-for-stm32.7-2018-q2-update.win32_1.0.0.201904181610/tools/bin/../lib/gcc/arm-none-eabi/7.3.1/../../../../arm-none-eabi/lib/thumb/v7-m\libnosys.a
END GROUP
START GROUP
LOAD g:/stm32cubeide_1.3.0/stm32cubeide/plugins/com.st.stm32cube.ide.mcu.externaltools.gnu-tools-for-stm32.7-2018-q2-update.win32_1.0.0.201904181610/tools/bin/../lib/gcc/arm-none-eabi/7.3.1/thumb/v7-m\libgcc.a
LOAD g:/stm32cubeide_1.3.0/stm32cubeide/plugins/com.st.stm32cube.ide.mcu.externaltools.gnu-tools-for-stm32.7-2018-q2-update.win32_1.0.0.201904181610/tools/bin/../lib/gcc/arm-none-eabi/7.3.1/../../../../arm-none-eabi/lib/thumb/v7-m\libc_nano.a
LOAD g:/stm32cubeide_1.3.0/stm32cubeide/plugins/com.st.stm32cube.ide.mcu.externaltools.gnu-tools-for-stm32.7-2018-q2-update.win32_1.0.0.201904181610/tools/bin/../lib/gcc/arm-none-eabi/7.3.1/../../../../arm-none-eabi/lib/thumb/v7-m\libnosys.a
END GROUP
LOAD g:/stm32cubeide_1.3.0/stm32cubeide/plugins/com.st.stm32cube.ide.mcu.externaltools.gnu-tools-for-stm32.7-2018-q2-update.win32_1.0.0.201904181610/tools/bin/../lib/gcc/arm-none-eabi/7.3.1/thumb/v7-m/crtend.o
LOAD g:/stm32cubeide_1.3.0/stm32cubeide/plugins/com.st.stm32cube.ide.mcu.externaltools.gnu-tools-for-stm32.7-2018-q2-update.win32_1.0.0.201904181610/tools/bin/../lib/gcc/arm-none-eabi/7.3.1/thumb/v7-m/crtn.o
                0x0000000020005000                _estack = (ORIGIN (RAM) + LENGTH (RAM))
                0x0000000000000200                _Min_Heap_Size = 0x200
                0x0000000000000400                _Min_Stack_Size = 0x400

.isr_vector     0x0000000008000000      0x10c
                0x0000000008000000                . = ALIGN (0x4)
 *(.isr_vector)
 .isr_vector    0x0000000008000000      0x10c Core/Startup/startup_stm32f103c8tx.o
                0x0000000008000000                g_pfnVectors
                0x000000000800010c                . = ALIGN (0x4)

.text           0x0000000008000110     0xd400
                0x0000000008000110                . = ALIGN (0x4)
 *(.text)
 .text          0x0000000008000110       0x40 g:/stm32cubeide_1.3.0/stm32cubeide/plugins/com.st.stm32cube.ide.mcu.externaltools.gnu-tools-for-stm32.7-2018-q2-update.win32_1.0.0.201904181610/tools/bin/../lib/gcc/arm-none-eabi/7.3.1/thumb/v7-m/crtbegin.o
 .text          0x0000000008000150       0x10 g:/stm32cubeide_1.3.0/stm32cubeide/plugins/com.st.stm32cube.ide.mcu.externaltools.gnu-tools-for-stm32.7-2018-q2-update.win32_1.0.0.201904181610/tools/bin/../lib/gcc/arm-none-eabi/7.3.1/../../../../arm-none-eabi/lib/thumb/v7-m\libc_nano.a(lib_a-strlen.o)
                0x0000000008000150                strlen
 .text          0x0000000008000160      0x378 g:/stm32cubeide_1.3.0/stm32cubeide/plugins/com.st.stm32cube.ide.mcu.externaltools.gnu-tools-for-stm32.7-2018-q2-update.win32_1.0.0.201904181610/tools/bin/../lib/gcc/arm-none-eabi/7.3.1/thumb/v7-m\libgcc.a(_arm_addsubdf3.o)
                0x0000000008000160                __aeabi_drsub
                0x0000000008000168                __aeabi_dsub
                0x0000000008000168                __subdf3
                0x000000000800016c                __aeabi_dadd
                0x000000000800016c                __adddf3
                0x00000000080003e4                __floatunsidf
                0x00000000080003e4                __aeabi_ui2d
                0x0000000008000404                __floatsidf
                0x0000000008000404                __aeabi_i2d
                0x0000000008000428                __aeabi_f2d
                0x0000000008000428                __extendsfdf2
                0x000000000800046c                __floatundidf
                0x000000000800046c                __aeabi_ul2d
                0x000000000800047c                __floatdidf
                0x000000000800047c                __aeabi_l2d
 .text          0x00000000080004d8      0x424 g:/stm32cubeide_1.3.0/stm32cubeide/plugins/com.st.stm32cube.ide.mcu.externaltools.gnu-tools-for-stm32.7-2018-q2-update.win32_1.0.0.201904181610/tools/bin/../lib/gcc/arm-none-eabi/7.3.1/thumb/v7-m\libgcc.a(_arm_muldivdf3.o)
                0x00000000080004d8                __aeabi_dmul
                0x00000000080004d8                __muldf3
                0x000000000800072c                __divdf3
                0x000000000800072c                __aeabi_ddiv
 .text          0x00000000080008fc      0x110 g:/stm32cubeide_1.3.0/stm32cubeide/plugins/com.st.stm32cube.ide.mcu.externaltools.gnu-tools-for-stm32.7-2018-q2-update.win32_1.0.0.201904181610/tools/bin/../lib/gcc/arm-none-eabi/7.3.1/thumb/v7-m\libgcc.a(_arm_cmpdf2.o)
                0x00000000080008fc                __gtdf2
                0x00000000080008fc                __gedf2
                0x0000000008000904                __ltdf2
                0x0000000008000904                __ledf2
                0x000000000800090c                __nedf2
                0x000000000800090c                __eqdf2
                0x000000000800090c                __cmpdf2
                0x0000000008000988                __aeabi_cdrcmple
                0x0000000008000998                __aeabi_cdcmpeq
                0x0000000008000998                __aeabi_cdcmple
                0x00000000080009a8                __aeabi_dcmpeq
                0x00000000080009bc                __aeabi_dcmplt
                0x00000000080009d0                __aeabi_dcmple
                0x00000000080009e4                __aeabi_dcmpge
                0x00000000080009f8                __aeabi_dcmpgt
 .text          0x0000000008000a0c       0x2c g:/stm32cubeide_1.3.0/stm32cubeide/plugins/com.st.stm32cube.ide.mcu.externaltools.gnu-tools-for-stm32.7-2018-q2-update.win32_1.0.0.201904181610/tools/bin/../lib/gcc/arm-none-eabi/7.3.1/thumb/v7-m\libgcc.a(_arm_unorddf2.o)
                0x0000000008000a0c                __unorddf2
                0x0000000008000a0c                __aeabi_dcmpun
 .text          0x0000000008000a38       0x50 g:/stm32cubeide_1.3.0/stm32cubeide/plugins/com.st.stm32cube.ide.mcu.externaltools.gnu-tools-for-stm32.7-2018-q2-update.win32_1.0.0.201904181610/tools/bin/../lib/gcc/arm-none-eabi/7.3.1/thumb/v7-m\libgcc.a(_arm_fixdfsi.o)
                0x0000000008000a38                __aeabi_d2iz
                0x0000000008000a38                __fixdfsi
 .text          0x0000000008000a88       0xa0 g:/stm32cubeide_1.3.0/stm32cubeide/plugins/com.st.stm32cube.ide.mcu.externaltools.gnu-tools-for-stm32.7-2018-q2-update.win32_1.0.0.201904181610/tools/bin/../lib/gcc/arm-none-eabi/7.3.1/thumb/v7-m\libgcc.a(_arm_truncdfsf2.o)
                0x0000000008000a88                __truncdfsf2
                0x0000000008000a88                __aeabi_d2f
 .text          0x0000000008000b28      0x21c g:/stm32cubeide_1.3.0/stm32cubeide/plugins/com.st.stm32cube.ide.mcu.externaltools.gnu-tools-for-stm32.7-2018-q2-update.win32_1.0.0.201904181610/tools/bin/../lib/gcc/arm-none-eabi/7.3.1/thumb/v7-m\libgcc.a(_arm_addsubsf3.o)
                0x0000000008000b28                __aeabi_frsub
                0x0000000008000b30                __subsf3
                0x0000000008000b30                __aeabi_fsub
                0x0000000008000b34                __aeabi_fadd
                0x0000000008000b34                __addsf3
                0x0000000008000c94                __aeabi_ui2f
                0x0000000008000c94                __floatunsisf
                0x0000000008000c9c                __aeabi_i2f
                0x0000000008000c9c                __floatsisf
                0x0000000008000cb8                __aeabi_ul2f
                0x0000000008000cb8                __floatundisf
                0x0000000008000cc8                __aeabi_l2f
                0x0000000008000cc8                __floatdisf
 .text          0x0000000008000d44      0x2a0 g:/stm32cubeide_1.3.0/stm32cubeide/plugins/com.st.stm32cube.ide.mcu.externaltools.gnu-tools-for-stm32.7-2018-q2-update.win32_1.0.0.201904181610/tools/bin/../lib/gcc/arm-none-eabi/7.3.1/thumb/v7-m\libgcc.a(_arm_muldivsf3.o)
                0x0000000008000d44                __mulsf3
                0x0000000008000d44                __aeabi_fmul
                0x0000000008000eac                __aeabi_fdiv
                0x0000000008000eac                __divsf3
 .text          0x0000000008000fe4       0xec g:/stm32cubeide_1.3.0/stm32cubeide/plugins/com.st.stm32cube.ide.mcu.externaltools.gnu-tools-for-stm32.7-2018-q2-update.win32_1.0.0.201904181610/tools/bin/../lib/gcc/arm-none-eabi/7.3.1/thumb/v7-m\libgcc.a(_arm_cmpsf2.o)
                0x0000000008000fe4                __gesf2
                0x0000000008000fe4                __gtsf2
                0x0000000008000fec                __lesf2
                0x0000000008000fec                __ltsf2
                0x0000000008000ff4                __nesf2
                0x0000000008000ff4                __eqsf2
                0x0000000008000ff4                __cmpsf2
                0x0000000008001054                __aeabi_cfrcmple
                0x000000000800105c                __aeabi_cfcmpeq
                0x000000000800105c                __aeabi_cfcmple
                0x000000000800106c                __aeabi_fcmpeq
                0x0000000008001080                __aeabi_fcmplt
                0x0000000008001094                __aeabi_fcmple
                0x00000000080010a8                __aeabi_fcmpge
                0x00000000080010bc                __aeabi_fcmpgt
 .text          0x00000000080010d0       0x2c g:/stm32cubeide_1.3.0/stm32cubeide/plugins/com.st.stm32cube.ide.mcu.externaltools.gnu-tools-for-stm32.7-2018-q2-update.win32_1.0.0.201904181610/tools/bin/../lib/gcc/arm-none-eabi/7.3.1/thumb/v7-m\libgcc.a(_arm_unordsf2.o)
                0x00000000080010d0                __unordsf2
                0x00000000080010d0                __aeabi_fcmpun
 .text          0x00000000080010fc       0x4c g:/stm32cubeide_1.3.0/stm32cubeide/plugins/com.st.stm32cube.ide.mcu.externaltools.gnu-tools-for-stm32.7-2018-q2-update.win32_1.0.0.201904181610/tools/bin/../lib/gcc/arm-none-eabi/7.3.1/thumb/v7-m\libgcc.a(_arm_fixsfsi.o)
                0x00000000080010fc                __aeabi_f2iz
                0x00000000080010fc                __fixsfsi
 *(.text*)
 .text.cppmain  0x0000000008001148       0x60 Core/Src/cppmain.o
                0x0000000008001148                cppmain
 .text.EE_Format
                0x00000000080011a8       0x3c Core/Src/eeprom.o
                0x00000000080011a8                EE_Format
 .text.EE_Reads
                0x00000000080011e4       0x28 Core/Src/eeprom.o
                0x00000000080011e4                EE_Reads
 .text.EE_Writes
                0x000000000800120c       0x50 Core/Src/eeprom.o
                0x000000000800120c                EE_Writes
 .text.SystemClock_Config
                0x000000000800125c       0x74 Core/Src/main.o
                0x000000000800125c                SystemClock_Config
 .text.startup.main
                0x00000000080012d0      0x31c Core/Src/main.o
                0x00000000080012d0                main
 .text.RebootDFU
                0x00000000080015ec       0x30 Core/Src/main.o
                0x00000000080015ec                RebootDFU
 .text.Error_Handler
                0x000000000800161c        0x2 Core/Src/main.o
                0x000000000800161c                Error_Handler
 *fill*         0x000000000800161e        0x2 
 .text.HAL_MspInit
                0x0000000008001620       0x44 Core/Src/stm32f1xx_hal_msp.o
                0x0000000008001620                HAL_MspInit
 .text.HAL_ADC_MspInit
                0x0000000008001664       0x98 Core/Src/stm32f1xx_hal_msp.o
                0x0000000008001664                HAL_ADC_MspInit
 .text.HAL_I2C_MspInit
                0x00000000080016fc       0x78 Core/Src/stm32f1xx_hal_msp.o
                0x00000000080016fc                HAL_I2C_MspInit
 .text.HAL_TIM_Base_MspInit
                0x0000000008001774       0xb8 Core/Src/stm32f1xx_hal_msp.o
                0x0000000008001774                HAL_TIM_Base_MspInit
 .text.HAL_TIM_Encoder_MspInit
                0x000000000800182c       0x6c Core/Src/stm32f1xx_hal_msp.o
                0x000000000800182c                HAL_TIM_Encoder_MspInit
 .text.HAL_TIM_MspPostInit
                0x0000000008001898       0x9c Core/Src/stm32f1xx_hal_msp.o
                0x0000000008001898                HAL_TIM_MspPostInit
 .text.HAL_PCD_MspInit
                0x0000000008001934       0x40 Core/Src/stm32f1xx_hal_msp.o
                0x0000000008001934                HAL_PCD_MspInit
 .text.NMI_Handler
                0x0000000008001974        0x2 Core/Src/stm32f1xx_it.o
                0x0000000008001974                NMI_Handler
 .text.HardFault_Handler
                0x0000000008001976        0x2 Core/Src/stm32f1xx_it.o
                0x0000000008001976                HardFault_Handler
 .text.MemManage_Handler
                0x0000000008001978        0x2 Core/Src/stm32f1xx_it.o
                0x0000000008001978                MemManage_Handler
 .text.BusFault_Handler
                0x000000000800197a        0x2 Core/Src/stm32f1xx_it.o
                0x000000000800197a                BusFault_Handler
 .text.UsageFault_Handler
                0x000000000800197c        0x2 Core/Src/stm32f1xx_it.o
                0x000000000800197c                UsageFault_Handler
 .text.SVC_Handler
                0x000000000800197e        0x2 Core/Src/stm32f1xx_it.o
                0x000000000800197e                SVC_Handler
 .text.DebugMon_Handler
                0x0000000008001980        0x2 Core/Src/stm32f1xx_it.o
                0x0000000008001980                DebugMon_Handler
 .text.PendSV_Handler
                0x0000000008001982        0x2 Core/Src/stm32f1xx_it.o
                0x0000000008001982                PendSV_Handler
 .text.SysTick_Handler
                0x0000000008001984        0x4 Core/Src/stm32f1xx_it.o
                0x0000000008001984                SysTick_Handler
 .text.DMA1_Channel1_IRQHandler
                0x0000000008001988        0xc Core/Src/stm32f1xx_it.o
                0x0000000008001988                DMA1_Channel1_IRQHandler
 .text.DMA1_Channel5_IRQHandler
                0x0000000008001994        0xc Core/Src/stm32f1xx_it.o
                0x0000000008001994                DMA1_Channel5_IRQHandler
 .text.EXTI9_5_IRQHandler
                0x00000000080019a0        0x6 Core/Src/stm32f1xx_it.o
                0x00000000080019a0                EXTI9_5_IRQHandler
 *fill*         0x00000000080019a6        0x2 
 .text.TIM3_IRQHandler
                0x00000000080019a8        0xc Core/Src/stm32f1xx_it.o
                0x00000000080019a8                TIM3_IRQHandler
 .text.TIM4_IRQHandler
                0x00000000080019b4        0xc Core/Src/stm32f1xx_it.o
                0x00000000080019b4                TIM4_IRQHandler
 .text.USB_LP_CAN1_RX0_IRQHandler
                0x00000000080019c0        0xc Core/Src/stm32f1xx_it.o
                0x00000000080019c0                USB_LP_CAN1_RX0_IRQHandler
 .text._getpid  0x00000000080019cc        0x4 Core/Src/syscalls.o
                0x00000000080019cc                _getpid
 .text._kill    0x00000000080019d0       0x10 Core/Src/syscalls.o
                0x00000000080019d0                _kill
 .text._exit    0x00000000080019e0        0xc Core/Src/syscalls.o
                0x00000000080019e0                _exit
 .text._read    0x00000000080019ec       0x1c Core/Src/syscalls.o
                0x00000000080019ec                _read
 .text._write   0x0000000008001a08       0x1c Core/Src/syscalls.o
                0x0000000008001a08                _write
 .text._close   0x0000000008001a24        0x6 Core/Src/syscalls.o
                0x0000000008001a24                _close
 .text._fstat   0x0000000008001a2a        0xa Core/Src/syscalls.o
                0x0000000008001a2a                _fstat
 .text._isatty  0x0000000008001a34        0x4 Core/Src/syscalls.o
                0x0000000008001a34                _isatty
 .text._lseek   0x0000000008001a38        0x4 Core/Src/syscalls.o
                0x0000000008001a38                _lseek
 .text._sbrk    0x0000000008001a3c       0x34 Core/Src/sysmem.o
                0x0000000008001a3c                _sbrk
 .text.SystemInit
                0x0000000008001a70       0x4c Core/Src/system_stm32f1xx.o
                0x0000000008001a70                SystemInit
 .text.Reset_Handler
                0x0000000008001abc       0x48 Core/Startup/startup_stm32f103c8tx.o
                0x0000000008001abc                Reset_Handler
 .text.Default_Handler
                0x0000000008001b04        0x2 Core/Startup/startup_stm32f103c8tx.o
                0x0000000008001b04                RTC_Alarm_IRQHandler
                0x0000000008001b04                EXTI2_IRQHandler
                0x0000000008001b04                TIM1_CC_IRQHandler
                0x0000000008001b04                PVD_IRQHandler
                0x0000000008001b04                EXTI3_IRQHandler
                0x0000000008001b04                EXTI0_IRQHandler
                0x0000000008001b04                I2C2_EV_IRQHandler
                0x0000000008001b04                ADC1_2_IRQHandler
                0x0000000008001b04                SPI1_IRQHandler
                0x0000000008001b04                TAMPER_IRQHandler
                0x0000000008001b04                DMA1_Channel4_IRQHandler
                0x0000000008001b04                USART3_IRQHandler
                0x0000000008001b04                RTC_IRQHandler
                0x0000000008001b04                DMA1_Channel7_IRQHandler
                0x0000000008001b04                CAN1_RX1_IRQHandler
                0x0000000008001b04                I2C1_EV_IRQHandler
                0x0000000008001b04                DMA1_Channel6_IRQHandler
                0x0000000008001b04                RCC_IRQHandler
                0x0000000008001b04                TIM1_TRG_COM_IRQHandler
                0x0000000008001b04                Default_Handler
                0x0000000008001b04                EXTI15_10_IRQHandler
                0x0000000008001b04                SPI2_IRQHandler
                0x0000000008001b04                EXTI4_IRQHandler
                0x0000000008001b04                USB_HP_CAN1_TX_IRQHandler
                0x0000000008001b04                DMA1_Channel3_IRQHandler
                0x0000000008001b04                TIM1_UP_IRQHandler
                0x0000000008001b04                WWDG_IRQHandler
                0x0000000008001b04                TIM2_IRQHandler
                0x0000000008001b04                TIM1_BRK_IRQHandler
                0x0000000008001b04                EXTI1_IRQHandler
                0x0000000008001b04                USART2_IRQHandler
                0x0000000008001b04                I2C2_ER_IRQHandler
                0x0000000008001b04                DMA1_Channel2_IRQHandler
                0x0000000008001b04                CAN1_SCE_IRQHandler
                0x0000000008001b04                FLASH_IRQHandler
                0x0000000008001b04                USART1_IRQHandler
                0x0000000008001b04                I2C1_ER_IRQHandler
                0x0000000008001b04                USBWakeUp_IRQHandler
 *fill*         0x0000000008001b06        0x2 
 .text.HAL_InitTick
                0x0000000008001b08       0x48 Drivers/STM32F1xx_HAL_Driver/Src/stm32f1xx_hal.o
                0x0000000008001b08                HAL_InitTick
 .text.HAL_Init
                0x0000000008001b50       0x24 Drivers/STM32F1xx_HAL_Driver/Src/stm32f1xx_hal.o
                0x0000000008001b50                HAL_Init
 .text.HAL_IncTick
                0x0000000008001b74       0x18 Drivers/STM32F1xx_HAL_Driver/Src/stm32f1xx_hal.o
                0x0000000008001b74                HAL_IncTick
 .text.HAL_GetTick
                0x0000000008001b8c        0xc Drivers/STM32F1xx_HAL_Driver/Src/stm32f1xx_hal.o
                0x0000000008001b8c                HAL_GetTick
 .text.ADC_DMAConvCplt
                0x0000000008001b98       0x4e Drivers/STM32F1xx_HAL_Driver/Src/stm32f1xx_hal_adc.o
                0x0000000008001b98                ADC_DMAConvCplt
 .text.HAL_ADC_ConvHalfCpltCallback
                0x0000000008001be6        0x2 Drivers/STM32F1xx_HAL_Driver/Src/stm32f1xx_hal_adc.o
                0x0000000008001be6                HAL_ADC_ConvHalfCpltCallback
 .text.ADC_DMAHalfConvCplt
                0x0000000008001be8        0xa Drivers/STM32F1xx_HAL_Driver/Src/stm32f1xx_hal_adc.o
                0x0000000008001be8                ADC_DMAHalfConvCplt
 .text.HAL_ADC_ErrorCallback
                0x0000000008001bf2        0x2 Drivers/STM32F1xx_HAL_Driver/Src/stm32f1xx_hal_adc.o
                0x0000000008001bf2                HAL_ADC_ErrorCallback
 .text.ADC_DMAError
                0x0000000008001bf4       0x1a Drivers/STM32F1xx_HAL_Driver/Src/stm32f1xx_hal_adc.o
                0x0000000008001bf4                ADC_DMAError
 *fill*         0x0000000008001c0e        0x2 
 .text.HAL_ADC_ConfigChannel
                0x0000000008001c10       0xfc Drivers/STM32F1xx_HAL_Driver/Src/stm32f1xx_hal_adc.o
                0x0000000008001c10                HAL_ADC_ConfigChannel
 .text.ADC_Enable
                0x0000000008001d0c       0x70 Drivers/STM32F1xx_HAL_Driver/Src/stm32f1xx_hal_adc.o
                0x0000000008001d0c                ADC_Enable
 .text.HAL_ADC_Start_DMA
                0x0000000008001d7c      0x11c Drivers/STM32F1xx_HAL_Driver/Src/stm32f1xx_hal_adc.o
                0x0000000008001d7c                HAL_ADC_Start_DMA
 .text.ADC_ConversionStop_Disable
                0x0000000008001e98       0x44 Drivers/STM32F1xx_HAL_Driver/Src/stm32f1xx_hal_adc.o
                0x0000000008001e98                ADC_ConversionStop_Disable
 .text.HAL_ADC_Init
                0x0000000008001edc      0x100 Drivers/STM32F1xx_HAL_Driver/Src/stm32f1xx_hal_adc.o
                0x0000000008001edc                HAL_ADC_Init
 .text.HAL_NVIC_SetPriorityGrouping
                0x0000000008001fdc       0x24 Drivers/STM32F1xx_HAL_Driver/Src/stm32f1xx_hal_cortex.o
                0x0000000008001fdc                HAL_NVIC_SetPriorityGrouping
 .text.HAL_NVIC_SetPriority
                0x0000000008002000       0x68 Drivers/STM32F1xx_HAL_Driver/Src/stm32f1xx_hal_cortex.o
                0x0000000008002000                HAL_NVIC_SetPriority
 .text.HAL_NVIC_EnableIRQ
                0x0000000008002068       0x1c Drivers/STM32F1xx_HAL_Driver/Src/stm32f1xx_hal_cortex.o
                0x0000000008002068                HAL_NVIC_EnableIRQ
 .text.HAL_SYSTICK_Config
                0x0000000008002084       0x2c Drivers/STM32F1xx_HAL_Driver/Src/stm32f1xx_hal_cortex.o
                0x0000000008002084                HAL_SYSTICK_Config
 .text.HAL_DMA_Init
                0x00000000080020b0       0x60 Drivers/STM32F1xx_HAL_Driver/Src/stm32f1xx_hal_dma.o
                0x00000000080020b0                HAL_DMA_Init
 .text.HAL_DMA_Start_IT
                0x0000000008002110       0x7a Drivers/STM32F1xx_HAL_Driver/Src/stm32f1xx_hal_dma.o
                0x0000000008002110                HAL_DMA_Start_IT
 *fill*         0x000000000800218a        0x2 
 .text.HAL_DMA_IRQHandler
                0x000000000800218c      0x128 Drivers/STM32F1xx_HAL_Driver/Src/stm32f1xx_hal_dma.o
                0x000000000800218c                HAL_DMA_IRQHandler
 .text.FLASH_SetErrorCode
                0x00000000080022b4       0x50 Drivers/STM32F1xx_HAL_Driver/Src/stm32f1xx_hal_flash.o
 .text.HAL_FLASH_Unlock
                0x0000000008002304       0x24 Drivers/STM32F1xx_HAL_Driver/Src/stm32f1xx_hal_flash.o
                0x0000000008002304                HAL_FLASH_Unlock
 .text.HAL_FLASH_Lock
                0x0000000008002328       0x14 Drivers/STM32F1xx_HAL_Driver/Src/stm32f1xx_hal_flash.o
                0x0000000008002328                HAL_FLASH_Lock
 .text.FLASH_WaitForLastOperation
                0x000000000800233c       0x54 Drivers/STM32F1xx_HAL_Driver/Src/stm32f1xx_hal_flash.o
                0x000000000800233c                FLASH_WaitForLastOperation
 .text.HAL_FLASH_Program
                0x0000000008002390       0xa0 Drivers/STM32F1xx_HAL_Driver/Src/stm32f1xx_hal_flash.o
                0x0000000008002390                HAL_FLASH_Program
 .text.FLASH_MassErase.isra.0
                0x0000000008002430       0x24 Drivers/STM32F1xx_HAL_Driver/Src/stm32f1xx_hal_flash_ex.o
 .text.FLASH_PageErase
                0x0000000008002454       0x24 Drivers/STM32F1xx_HAL_Driver/Src/stm32f1xx_hal_flash_ex.o
                0x0000000008002454                FLASH_PageErase
 .text.HAL_FLASHEx_Erase
                0x0000000008002478       0x98 Drivers/STM32F1xx_HAL_Driver/Src/stm32f1xx_hal_flash_ex.o
                0x0000000008002478                HAL_FLASHEx_Erase
 .text.HAL_GPIO_Init
                0x0000000008002510      0x1c0 Drivers/STM32F1xx_HAL_Driver/Src/stm32f1xx_hal_gpio.o
                0x0000000008002510                HAL_GPIO_Init
 .text.HAL_GPIO_ReadPin
                0x00000000080026d0        0xc Drivers/STM32F1xx_HAL_Driver/Src/stm32f1xx_hal_gpio.o
                0x00000000080026d0                HAL_GPIO_ReadPin
 .text.HAL_GPIO_WritePin
                0x00000000080026dc        0xa Drivers/STM32F1xx_HAL_Driver/Src/stm32f1xx_hal_gpio.o
                0x00000000080026dc                HAL_GPIO_WritePin
 .text.HAL_GPIO_TogglePin
                0x00000000080026e6        0xc Drivers/STM32F1xx_HAL_Driver/Src/stm32f1xx_hal_gpio.o
                0x00000000080026e6                HAL_GPIO_TogglePin
 *fill*         0x00000000080026f2        0x2 
 .text.HAL_GPIO_EXTI_IRQHandler
                0x00000000080026f4       0x18 Drivers/STM32F1xx_HAL_Driver/Src/stm32f1xx_hal_gpio.o
                0x00000000080026f4                HAL_GPIO_EXTI_IRQHandler
 .text.I2C_IsAcknowledgeFailed
                0x000000000800270c       0x32 Drivers/STM32F1xx_HAL_Driver/Src/stm32f1xx_hal_i2c.o
 .text.I2C_WaitOnMasterAddressFlagUntilTimeout
                0x000000000800273e       0x74 Drivers/STM32F1xx_HAL_Driver/Src/stm32f1xx_hal_i2c.o
 .text.I2C_WaitOnBTFFlagUntilTimeout
                0x00000000080027b2       0x4c Drivers/STM32F1xx_HAL_Driver/Src/stm32f1xx_hal_i2c.o
 .text.I2C_WaitOnRXNEFlagUntilTimeout
                0x00000000080027fe       0x5e Drivers/STM32F1xx_HAL_Driver/Src/stm32f1xx_hal_i2c.o
 .text.I2C_WaitOnFlagUntilTimeout
                0x000000000800285c       0x62 Drivers/STM32F1xx_HAL_Driver/Src/stm32f1xx_hal_i2c.o
 .text.I2C_WaitOnTXEFlagUntilTimeout
                0x00000000080028be       0x4c Drivers/STM32F1xx_HAL_Driver/Src/stm32f1xx_hal_i2c.o
 *fill*         0x000000000800290a        0x2 
 .text.HAL_I2C_Init
                0x000000000800290c      0x148 Drivers/STM32F1xx_HAL_Driver/Src/stm32f1xx_hal_i2c.o
                0x000000000800290c                HAL_I2C_Init
 .text.HAL_I2C_Master_Transmit
                0x0000000008002a54      0x19c Drivers/STM32F1xx_HAL_Driver/Src/stm32f1xx_hal_i2c.o
                0x0000000008002a54                HAL_I2C_Master_Transmit
 .text.HAL_I2C_Master_Receive
                0x0000000008002bf0      0x2f4 Drivers/STM32F1xx_HAL_Driver/Src/stm32f1xx_hal_i2c.o
                0x0000000008002bf0                HAL_I2C_Master_Receive
 .text.HAL_PCD_Init
                0x0000000008002ee4       0xea Drivers/STM32F1xx_HAL_Driver/Src/stm32f1xx_hal_pcd.o
                0x0000000008002ee4                HAL_PCD_Init
 .text.HAL_PCD_Start
                0x0000000008002fce       0x2e Drivers/STM32F1xx_HAL_Driver/Src/stm32f1xx_hal_pcd.o
                0x0000000008002fce                HAL_PCD_Start
 .text.HAL_PCD_SetAddress
                0x0000000008002ffc       0x28 Drivers/STM32F1xx_HAL_Driver/Src/stm32f1xx_hal_pcd.o
                0x0000000008002ffc                HAL_PCD_SetAddress
 .text.HAL_PCD_EP_Open
                0x0000000008003024       0x66 Drivers/STM32F1xx_HAL_Driver/Src/stm32f1xx_hal_pcd.o
                0x0000000008003024                HAL_PCD_EP_Open
 .text.HAL_PCD_EP_Close
                0x000000000800308a       0x52 Drivers/STM32F1xx_HAL_Driver/Src/stm32f1xx_hal_pcd.o
                0x000000000800308a                HAL_PCD_EP_Close
 .text.HAL_PCD_EP_Receive
                0x00000000080030dc       0x30 Drivers/STM32F1xx_HAL_Driver/Src/stm32f1xx_hal_pcd.o
                0x00000000080030dc                HAL_PCD_EP_Receive
 .text.HAL_PCD_EP_GetRxCount
                0x000000000800310c        0xe Drivers/STM32F1xx_HAL_Driver/Src/stm32f1xx_hal_pcd.o
                0x000000000800310c                HAL_PCD_EP_GetRxCount
 .text.HAL_PCD_EP_Transmit
                0x000000000800311a       0x2c Drivers/STM32F1xx_HAL_Driver/Src/stm32f1xx_hal_pcd.o
                0x000000000800311a                HAL_PCD_EP_Transmit
 *fill*         0x0000000008003146        0x2 
 .text.HAL_PCD_IRQHandler
                0x0000000008003148      0x42c Drivers/STM32F1xx_HAL_Driver/Src/stm32f1xx_hal_pcd.o
                0x0000000008003148                HAL_PCD_IRQHandler
 .text.HAL_PCD_EP_SetStall
                0x0000000008003574       0x68 Drivers/STM32F1xx_HAL_Driver/Src/stm32f1xx_hal_pcd.o
                0x0000000008003574                HAL_PCD_EP_SetStall
 .text.HAL_PCD_EP_ClrStall
                0x00000000080035dc       0x66 Drivers/STM32F1xx_HAL_Driver/Src/stm32f1xx_hal_pcd.o
                0x00000000080035dc                HAL_PCD_EP_ClrStall
 .text.HAL_PCDEx_PMAConfig
                0x0000000008003642       0x32 Drivers/STM32F1xx_HAL_Driver/Src/stm32f1xx_hal_pcd_ex.o
                0x0000000008003642                HAL_PCDEx_PMAConfig
 .text.HAL_RCC_OscConfig
                0x0000000008003674      0x33c Drivers/STM32F1xx_HAL_Driver/Src/stm32f1xx_hal_rcc.o
                0x0000000008003674                HAL_RCC_OscConfig
 .text.HAL_RCC_GetSysClockFreq
                0x00000000080039b0       0x74 Drivers/STM32F1xx_HAL_Driver/Src/stm32f1xx_hal_rcc.o
                0x00000000080039b0                HAL_RCC_GetSysClockFreq
 .text.HAL_RCC_ClockConfig
                0x0000000008003a24      0x138 Drivers/STM32F1xx_HAL_Driver/Src/stm32f1xx_hal_rcc.o
                0x0000000008003a24                HAL_RCC_ClockConfig
 .text.HAL_RCC_GetPCLK1Freq
                0x0000000008003b5c       0x20 Drivers/STM32F1xx_HAL_Driver/Src/stm32f1xx_hal_rcc.o
                0x0000000008003b5c                HAL_RCC_GetPCLK1Freq
 .text.HAL_RCCEx_PeriphCLKConfig
                0x0000000008003b7c       0xf0 Drivers/STM32F1xx_HAL_Driver/Src/stm32f1xx_hal_rcc_ex.o
                0x0000000008003b7c                HAL_RCCEx_PeriphCLKConfig
 .text.TIM_OC1_SetConfig
                0x0000000008003c6c       0x50 Drivers/STM32F1xx_HAL_Driver/Src/stm32f1xx_hal_tim.o
 .text.TIM_OC3_SetConfig
                0x0000000008003cbc       0x54 Drivers/STM32F1xx_HAL_Driver/Src/stm32f1xx_hal_tim.o
 .text.TIM_OC4_SetConfig
                0x0000000008003d10       0x44 Drivers/STM32F1xx_HAL_Driver/Src/stm32f1xx_hal_tim.o
 .text.HAL_TIM_Base_Start_IT
                0x0000000008003d54       0x20 Drivers/STM32F1xx_HAL_Driver/Src/stm32f1xx_hal_tim.o
                0x0000000008003d54                HAL_TIM_Base_Start_IT
 .text.HAL_TIM_PWM_MspInit
                0x0000000008003d74        0x2 Drivers/STM32F1xx_HAL_Driver/Src/stm32f1xx_hal_tim.o
                0x0000000008003d74                HAL_TIM_PWM_MspInit
 .text.HAL_TIM_OC_DelayElapsedCallback
                0x0000000008003d76        0x2 Drivers/STM32F1xx_HAL_Driver/Src/stm32f1xx_hal_tim.o
                0x0000000008003d76                HAL_TIM_OC_DelayElapsedCallback
 .text.HAL_TIM_IC_CaptureCallback
                0x0000000008003d78        0x2 Drivers/STM32F1xx_HAL_Driver/Src/stm32f1xx_hal_tim.o
                0x0000000008003d78                HAL_TIM_IC_CaptureCallback
 .text.HAL_TIM_PWM_PulseFinishedCallback
                0x0000000008003d7a        0x2 Drivers/STM32F1xx_HAL_Driver/Src/stm32f1xx_hal_tim.o
                0x0000000008003d7a                HAL_TIM_PWM_PulseFinishedCallback
 .text.TIM_DMADelayPulseCplt
                0x0000000008003d7c       0x3c Drivers/STM32F1xx_HAL_Driver/Src/stm32f1xx_hal_tim.o
                0x0000000008003d7c                TIM_DMADelayPulseCplt
 .text.HAL_TIM_PWM_PulseFinishedHalfCpltCallback
                0x0000000008003db8        0x2 Drivers/STM32F1xx_HAL_Driver/Src/stm32f1xx_hal_tim.o
                0x0000000008003db8                HAL_TIM_PWM_PulseFinishedHalfCpltCallback
 .text.TIM_DMADelayPulseHalfCplt
                0x0000000008003dba       0x3c Drivers/STM32F1xx_HAL_Driver/Src/stm32f1xx_hal_tim.o
                0x0000000008003dba                TIM_DMADelayPulseHalfCplt
 .text.HAL_TIM_TriggerCallback
                0x0000000008003df6        0x2 Drivers/STM32F1xx_HAL_Driver/Src/stm32f1xx_hal_tim.o
                0x0000000008003df6                HAL_TIM_TriggerCallback
 .text.HAL_TIM_IRQHandler
                0x0000000008003df8      0x144 Drivers/STM32F1xx_HAL_Driver/Src/stm32f1xx_hal_tim.o
                0x0000000008003df8                HAL_TIM_IRQHandler
 .text.HAL_TIM_ErrorCallback
                0x0000000008003f3c        0x2 Drivers/STM32F1xx_HAL_Driver/Src/stm32f1xx_hal_tim.o
                0x0000000008003f3c                HAL_TIM_ErrorCallback
 .text.TIM_DMAError
                0x0000000008003f3e       0x10 Drivers/STM32F1xx_HAL_Driver/Src/stm32f1xx_hal_tim.o
                0x0000000008003f3e                TIM_DMAError
 *fill*         0x0000000008003f4e        0x2 
 .text.TIM_Base_SetConfig
                0x0000000008003f50       0x70 Drivers/STM32F1xx_HAL_Driver/Src/stm32f1xx_hal_tim.o
                0x0000000008003f50                TIM_Base_SetConfig
 .text.HAL_TIM_Base_Init
                0x0000000008003fc0       0x34 Drivers/STM32F1xx_HAL_Driver/Src/stm32f1xx_hal_tim.o
                0x0000000008003fc0                HAL_TIM_Base_Init
 .text.HAL_TIM_PWM_Init
                0x0000000008003ff4       0x34 Drivers/STM32F1xx_HAL_Driver/Src/stm32f1xx_hal_tim.o
                0x0000000008003ff4                HAL_TIM_PWM_Init
 .text.HAL_TIM_Encoder_Init
                0x0000000008004028       0x96 Drivers/STM32F1xx_HAL_Driver/Src/stm32f1xx_hal_tim.o
                0x0000000008004028                HAL_TIM_Encoder_Init
 *fill*         0x00000000080040be        0x2 
 .text.TIM_OC2_SetConfig
                0x00000000080040c0       0x58 Drivers/STM32F1xx_HAL_Driver/Src/stm32f1xx_hal_tim.o
                0x00000000080040c0                TIM_OC2_SetConfig
 .text.HAL_TIM_PWM_ConfigChannel
                0x0000000008004118       0xc4 Drivers/STM32F1xx_HAL_Driver/Src/stm32f1xx_hal_tim.o
                0x0000000008004118                HAL_TIM_PWM_ConfigChannel
 .text.TIM_ETR_SetConfig
                0x00000000080041dc       0x14 Drivers/STM32F1xx_HAL_Driver/Src/stm32f1xx_hal_tim.o
                0x00000000080041dc                TIM_ETR_SetConfig
 .text.HAL_TIM_ConfigClockSource
                0x00000000080041f0      0x128 Drivers/STM32F1xx_HAL_Driver/Src/stm32f1xx_hal_tim.o
                0x00000000080041f0                HAL_TIM_ConfigClockSource
 .text.TIM_CCxChannelCmd
                0x0000000008004318       0x1c Drivers/STM32F1xx_HAL_Driver/Src/stm32f1xx_hal_tim.o
                0x0000000008004318                TIM_CCxChannelCmd
 .text.HAL_TIM_OC_Start
                0x0000000008004334       0x38 Drivers/STM32F1xx_HAL_Driver/Src/stm32f1xx_hal_tim.o
                0x0000000008004334                HAL_TIM_OC_Start
 .text.HAL_TIM_PWM_Start
                0x000000000800436c        0x4 Drivers/STM32F1xx_HAL_Driver/Src/stm32f1xx_hal_tim.o
                0x000000000800436c                HAL_TIM_PWM_Start
 .text.HAL_TIM_OC_Start_DMA
                0x0000000008004370      0x108 Drivers/STM32F1xx_HAL_Driver/Src/stm32f1xx_hal_tim.o
                0x0000000008004370                HAL_TIM_OC_Start_DMA
 .text.HAL_TIM_PWM_Start_DMA
                0x0000000008004478        0x4 Drivers/STM32F1xx_HAL_Driver/Src/stm32f1xx_hal_tim.o
                0x0000000008004478                HAL_TIM_PWM_Start_DMA
 .text.HAL_TIM_PWM_Stop
                0x000000000800447c       0x5c Drivers/STM32F1xx_HAL_Driver/Src/stm32f1xx_hal_tim.o
                0x000000000800447c                HAL_TIM_PWM_Stop
 .text.HAL_TIMEx_MasterConfigSynchronization
                0x00000000080044d8       0x3c Drivers/STM32F1xx_HAL_Driver/Src/stm32f1xx_hal_tim_ex.o
                0x00000000080044d8                HAL_TIMEx_MasterConfigSynchronization
 .text.HAL_TIMEx_ConfigBreakDeadTime
                0x0000000008004514       0x4c Drivers/STM32F1xx_HAL_Driver/Src/stm32f1xx_hal_tim_ex.o
                0x0000000008004514                HAL_TIMEx_ConfigBreakDeadTime
 .text.HAL_TIMEx_CommutCallback
                0x0000000008004560        0x2 Drivers/STM32F1xx_HAL_Driver/Src/stm32f1xx_hal_tim_ex.o
                0x0000000008004560                HAL_TIMEx_CommutCallback
 .text.HAL_TIMEx_BreakCallback
                0x0000000008004562        0x2 Drivers/STM32F1xx_HAL_Driver/Src/stm32f1xx_hal_tim_ex.o
                0x0000000008004562                HAL_TIMEx_BreakCallback
 .text.USB_CoreInit
                0x0000000008004564        0xe Drivers/STM32F1xx_HAL_Driver/Src/stm32f1xx_ll_usb.o
                0x0000000008004564                USB_CoreInit
 .text.USB_EnableGlobalInt
                0x0000000008004572       0x10 Drivers/STM32F1xx_HAL_Driver/Src/stm32f1xx_ll_usb.o
                0x0000000008004572                USB_EnableGlobalInt
 .text.USB_DisableGlobalInt
                0x0000000008004582       0x14 Drivers/STM32F1xx_HAL_Driver/Src/stm32f1xx_ll_usb.o
                0x0000000008004582                USB_DisableGlobalInt
 .text.USB_SetCurrentMode
                0x0000000008004596        0x4 Drivers/STM32F1xx_HAL_Driver/Src/stm32f1xx_ll_usb.o
                0x0000000008004596                USB_SetCurrentMode
 .text.USB_DevInit
                0x000000000800459a       0x34 Drivers/STM32F1xx_HAL_Driver/Src/stm32f1xx_ll_usb.o
                0x000000000800459a                USB_DevInit
 *fill*         0x00000000080045ce        0x2 
 .text.USB_ActivateEndpoint
                0x00000000080045d0      0x2b4 Drivers/STM32F1xx_HAL_Driver/Src/stm32f1xx_ll_usb.o
                0x00000000080045d0                USB_ActivateEndpoint
 .text.USB_DeactivateEndpoint
                0x0000000008004884      0x18c Drivers/STM32F1xx_HAL_Driver/Src/stm32f1xx_ll_usb.o
                0x0000000008004884                USB_DeactivateEndpoint
 .text.USB_EPSetStall
                0x0000000008004a10       0x38 Drivers/STM32F1xx_HAL_Driver/Src/stm32f1xx_ll_usb.o
                0x0000000008004a10                USB_EPSetStall
 .text.USB_EPClearStall
                0x0000000008004a48       0x86 Drivers/STM32F1xx_HAL_Driver/Src/stm32f1xx_ll_usb.o
                0x0000000008004a48                USB_EPClearStall
 .text.USB_SetDevAddress
                0x0000000008004ace        0xc Drivers/STM32F1xx_HAL_Driver/Src/stm32f1xx_ll_usb.o
                0x0000000008004ace                USB_SetDevAddress
 .text.USB_DevConnect
                0x0000000008004ada        0x4 Drivers/STM32F1xx_HAL_Driver/Src/stm32f1xx_ll_usb.o
                0x0000000008004ada                USB_DevConnect
 .text.USB_DevDisconnect
                0x0000000008004ade        0x4 Drivers/STM32F1xx_HAL_Driver/Src/stm32f1xx_ll_usb.o
                0x0000000008004ade                USB_DevDisconnect
 .text.USB_ReadInterrupts
                0x0000000008004ae2        0x6 Drivers/STM32F1xx_HAL_Driver/Src/stm32f1xx_ll_usb.o
                0x0000000008004ae2                USB_ReadInterrupts
 .text.USB_EP0_OutStart
                0x0000000008004ae8        0x4 Drivers/STM32F1xx_HAL_Driver/Src/stm32f1xx_ll_usb.o
                0x0000000008004ae8                USB_EP0_OutStart
 .text.USB_WritePMA
                0x0000000008004aec       0x20 Drivers/STM32F1xx_HAL_Driver/Src/stm32f1xx_ll_usb.o
                0x0000000008004aec                USB_WritePMA
 .text.USB_EPStartXfer
                0x0000000008004b0c      0x1a8 Drivers/STM32F1xx_HAL_Driver/Src/stm32f1xx_ll_usb.o
                0x0000000008004b0c                USB_EPStartXfer
 .text.USB_ReadPMA
                0x0000000008004cb4       0x38 Drivers/STM32F1xx_HAL_Driver/Src/stm32f1xx_ll_usb.o
                0x0000000008004cb4                USB_ReadPMA
 .text._ZN10AdcHandler6adcUpdEPVm
                0x0000000008004cec        0x2 MyLibs/Src/AdcHandler.o
                0x0000000008004cec                AdcHandler::adcUpd(unsigned long volatile*)
 *fill*         0x0000000008004cee        0x2 
 .text._ZN10AdcHandlerD2Ev
                0x0000000008004cf0       0x48 MyLibs/Src/AdcHandler.o
                0x0000000008004cf0                AdcHandler::~AdcHandler()
                0x0000000008004cf0                AdcHandler::~AdcHandler()
 .text._ZN10AdcHandlerD0Ev
                0x0000000008004d38       0x14 MyLibs/Src/AdcHandler.o
                0x0000000008004d38                AdcHandler::~AdcHandler()
 .text._ZNSt6vectorIP10AdcHandlerSaIS1_EE17_M_realloc_insertIJS1_EEEvN9__gnu_cxx17__normal_iteratorIPS1_S3_EEDpOT_
                0x0000000008004d4c       0x98 MyLibs/Src/AdcHandler.o
                0x0000000008004d4c                void std::vector<AdcHandler*, std::allocator<AdcHandler*> >::_M_realloc_insert<AdcHandler*>(__gnu_cxx::__normal_iterator<AdcHandler**, std::vector<AdcHandler*, std::allocator<AdcHandler*> > >, AdcHandler*&&)
 .text._ZN10AdcHandlerC2Ev
                0x0000000008004de4       0x34 MyLibs/Src/AdcHandler.o
                0x0000000008004de4                AdcHandler::AdcHandler()
                0x0000000008004de4                AdcHandler::AdcHandler()
 .text._ZN9CmdParserD2Ev
                0x0000000008004e18       0x1c MyLibs/Src/CmdParser.o
                0x0000000008004e18                CmdParser::~CmdParser()
                0x0000000008004e18                CmdParser::~CmdParser()
 .text._ZN9CmdParserD0Ev
                0x0000000008004e34       0x14 MyLibs/Src/CmdParser.o
                0x0000000008004e34                CmdParser::~CmdParser()
 .text._ZSt34__uninitialized_move_if_noexcept_aIP13ParsedCommandS1_SaIS0_EET0_T_S4_S3_RT1_.isra.54
                0x0000000008004e48       0x4c MyLibs/Src/CmdParser.o
 .text._ZNSt7__cxx114stolERKNS_12basic_stringIcSt11char_traitsIcESaIcEEEPji
                0x0000000008004e94       0x60 MyLibs/Src/CmdParser.o
                0x0000000008004e94                std::__cxx11::stol(std::__cxx11::basic_string<char, std::char_traits<char>, std::allocator<char> > const&, unsigned int*, int)
 .text._ZN9CmdParserC2Ev
                0x0000000008004ef4       0x50 MyLibs/Src/CmdParser.o
                0x0000000008004ef4                CmdParser::CmdParser()
                0x0000000008004ef4                CmdParser::CmdParser()
 .text._ZN9CmdParser3addEPcPm
                0x0000000008004f44       0x48 MyLibs/Src/CmdParser.o
                0x0000000008004f44                CmdParser::add(char*, unsigned long*)
 .text._ZNSt6vectorI13ParsedCommandSaIS0_EE17_M_realloc_insertIJRKS0_EEEvN9__gnu_cxx17__normal_iteratorIPS0_S2_EEDpOT_
                0x0000000008004f8c       0xa8 MyLibs/Src/CmdParser.o
                0x0000000008004f8c                void std::vector<ParsedCommand, std::allocator<ParsedCommand> >::_M_realloc_insert<ParsedCommand const&>(__gnu_cxx::__normal_iterator<ParsedCommand*, std::vector<ParsedCommand, std::allocator<ParsedCommand> > >, ParsedCommand const&)
 .text._ZNSt6vectorI13ParsedCommandSaIS0_EE9push_backERKS0_
                0x0000000008005034       0x34 MyLibs/Src/CmdParser.o
                0x0000000008005034                std::vector<ParsedCommand, std::allocator<ParsedCommand> >::push_back(ParsedCommand const&)
 .text._ZNSt6vectorINSt7__cxx1112basic_stringIcSt11char_traitsIcESaIcEEESaIS5_EE17_M_realloc_insertIJRKS5_EEEvN9__gnu_cxx17__normal_iteratorIPS5_S7_EEDpOT_
                0x0000000008005068       0xfc MyLibs/Src/CmdParser.o
                0x0000000008005068                void std::vector<std::__cxx11::basic_string<char, std::char_traits<char>, std::allocator<char> >, std::allocator<std::__cxx11::basic_string<char, std::char_traits<char>, std::allocator<char> > > >::_M_realloc_insert<std::__cxx11::basic_string<char, std::char_traits<char>, std::allocator<char> > const&>(__gnu_cxx::__normal_iterator<std::__cxx11::basic_string<char, std::char_traits<char>, std::allocator<char> >*, std::vector<std::__cxx11::basic_string<char, std::char_traits<char>, std::allocator<char> >, std::allocator<std::__cxx11::basic_string<char, std::char_traits<char>, std::allocator<char> > > > >, std::__cxx11::basic_string<char, std::char_traits<char>, std::allocator<char> > const&)
 .text._ZN9CmdParser5parseEv
                0x0000000008005164      0x2c0 MyLibs/Src/CmdParser.o
                0x0000000008005164                CmdParser::parse()
 .text._ZN14CommandHandler11hasCommandsEv
                0x0000000008005424        0x4 MyLibs/Src/CommandHandler.o
                0x0000000008005424                CommandHandler::hasCommands()
 .text._ZN14CommandHandler18setCommandsEnabledEb
                0x0000000008005428        0x4 MyLibs/Src/CommandHandler.o
                0x0000000008005428                CommandHandler::setCommandsEnabled(bool)
 .text._ZN14CommandHandler7commandEP13ParsedCommandPNSt7__cxx1112basic_stringIcSt11char_traitsIcESaIcEEE
                0x000000000800542c        0x4 MyLibs/Src/CommandHandler.o
                0x000000000800542c                CommandHandler::command(ParsedCommand*, std::__cxx11::basic_string<char, std::char_traits<char>, std::allocator<char> >*)
 .text._ZN14CommandHandler20removeCommandHandlerEv
                0x0000000008005430       0x3c MyLibs/Src/CommandHandler.o
                0x0000000008005430                CommandHandler::removeCommandHandler()
 .text._ZN14CommandHandlerD2Ev
                0x000000000800546c       0x14 MyLibs/Src/CommandHandler.o
                0x000000000800546c                CommandHandler::~CommandHandler()
                0x000000000800546c                CommandHandler::~CommandHandler()
 .text._ZN14CommandHandlerD0Ev
                0x0000000008005480       0x14 MyLibs/Src/CommandHandler.o
                0x0000000008005480                CommandHandler::~CommandHandler()
 .text._ZNSt6vectorIP14CommandHandlerSaIS1_EE17_M_realloc_insertIJS1_EEEvN9__gnu_cxx17__normal_iteratorIPS1_S3_EEDpOT_
                0x0000000008005494       0x98 MyLibs/Src/CommandHandler.o
                0x0000000008005494                void std::vector<CommandHandler*, std::allocator<CommandHandler*> >::_M_realloc_insert<CommandHandler*>(__gnu_cxx::__normal_iterator<CommandHandler**, std::vector<CommandHandler*, std::allocator<CommandHandler*> > >, CommandHandler*&&)
 .text._ZN14CommandHandler17addCommandHandlerEv
                0x000000000800552c       0x44 MyLibs/Src/CommandHandler.o
                0x000000000800552c                CommandHandler::addCommandHandler()
 .text._ZN14CommandHandlerC2Ev
                0x0000000008005570       0x18 MyLibs/Src/CommandHandler.o
                0x0000000008005570                CommandHandler::CommandHandler()
                0x0000000008005570                CommandHandler::CommandHandler()
 .text._ZN12EncoderLocal4extiEt
                0x0000000008005588        0x2 MyLibs/Src/EncoderLocal.o
                0x0000000008005588                EncoderLocal::exti(unsigned short)
 *fill*         0x000000000800558a        0x2 
 .text._ZN12EncoderLocalD2Ev
                0x000000000800558c       0x2c MyLibs/Src/EncoderLocal.o
                0x000000000800558c                EncoderLocal::~EncoderLocal()
                0x000000000800558c                EncoderLocal::~EncoderLocal()
 .text._ZThn4_N12EncoderLocalD1Ev
                0x00000000080055b8        0x8 MyLibs/Src/EncoderLocal.o
                0x00000000080055b8                non-virtual thunk to EncoderLocal::~EncoderLocal()
 .text._ZN12EncoderLocalD0Ev
                0x00000000080055c0       0x14 MyLibs/Src/EncoderLocal.o
                0x00000000080055c0                EncoderLocal::~EncoderLocal()
 .text._ZThn4_N12EncoderLocalD0Ev
                0x00000000080055d4        0x8 MyLibs/Src/EncoderLocal.o
                0x00000000080055d4                non-virtual thunk to EncoderLocal::~EncoderLocal()
 .text._ZN12EncoderLocalC2Ev
                0x00000000080055dc       0x48 MyLibs/Src/EncoderLocal.o
                0x00000000080055dc                EncoderLocal::EncoderLocal()
                0x00000000080055dc                EncoderLocal::EncoderLocal()
 .text._ZN12EncoderLocal6getPosEv
                0x0000000008005624       0x16 MyLibs/Src/EncoderLocal.o
                0x0000000008005624                EncoderLocal::getPos()
 .text._ZN12EncoderLocal6setPosEl
                0x000000000800563a       0x10 MyLibs/Src/EncoderLocal.o
                0x000000000800563a                EncoderLocal::setPos(long)
 .text._ZN12EncoderLocal16overflowCallbackEv
                0x000000000800564a       0x2c MyLibs/Src/EncoderLocal.o
                0x000000000800564a                EncoderLocal::overflowCallback()
 .text._ZN12EncoderLocal12timerElapsedEP17TIM_HandleTypeDef
                0x0000000008005676        0xc MyLibs/Src/EncoderLocal.o
                0x0000000008005676                EncoderLocal::timerElapsed(TIM_HandleTypeDef*)
 .text._ZThn4_N12EncoderLocal12timerElapsedEP17TIM_HandleTypeDef
                0x0000000008005682        0x8 MyLibs/Src/EncoderLocal.o
                0x0000000008005682                non-virtual thunk to EncoderLocal::timerElapsed(TIM_HandleTypeDef*)
 .text._ZN12EncoderLocal6getPprEv
                0x000000000800568a        0x4 MyLibs/Src/EncoderLocal.o
                0x000000000800568a                EncoderLocal::getPpr()
 .text._ZN12EncoderLocal9getPosCprEv
                0x000000000800568e        0x4 MyLibs/Src/EncoderLocal.o
                0x000000000800568e                EncoderLocal::getPosCpr()
 .text._ZN12EncoderLocal6setPprEm
                0x0000000008005692        0x4 MyLibs/Src/EncoderLocal.o
                0x0000000008005692                EncoderLocal::setPpr(unsigned long)
 .text._ZN11ExtiHandler4extiEt
                0x0000000008005696        0x2 MyLibs/Src/ExtiHandler.o
                0x0000000008005696                ExtiHandler::exti(unsigned short)
 .text._ZN11ExtiHandlerD2Ev
                0x0000000008005698       0x48 MyLibs/Src/ExtiHandler.o
                0x0000000008005698                ExtiHandler::~ExtiHandler()
                0x0000000008005698                ExtiHandler::~ExtiHandler()
 .text._ZN11ExtiHandlerD0Ev
                0x00000000080056e0       0x14 MyLibs/Src/ExtiHandler.o
                0x00000000080056e0                ExtiHandler::~ExtiHandler()
 .text._ZNSt6vectorIP11ExtiHandlerSaIS1_EE17_M_realloc_insertIJS1_EEEvN9__gnu_cxx17__normal_iteratorIPS1_S3_EEDpOT_
                0x00000000080056f4       0x98 MyLibs/Src/ExtiHandler.o
                0x00000000080056f4                void std::vector<ExtiHandler*, std::allocator<ExtiHandler*> >::_M_realloc_insert<ExtiHandler*>(__gnu_cxx::__normal_iterator<ExtiHandler**, std::vector<ExtiHandler*, std::allocator<ExtiHandler*> > >, ExtiHandler*&&)
 .text._ZN11ExtiHandlerC2Ev
                0x000000000800578c       0x34 MyLibs/Src/ExtiHandler.o
                0x000000000800578c                ExtiHandler::ExtiHandler()
                0x000000000800578c                ExtiHandler::ExtiHandler()
 .text._ZN8FFBWheel6adcUpdEPVm
                0x00000000080057c0       0x52 MyLibs/Src/FFBWheel.o
                0x00000000080057c0                FFBWheel::adcUpd(unsigned long volatile*)
 .text._ZN8FFBWheel12timerElapsedEP17TIM_HandleTypeDef
                0x0000000008005812        0xc MyLibs/Src/FFBWheel.o
                0x0000000008005812                FFBWheel::timerElapsed(TIM_HandleTypeDef*)
 .text._ZThn4_N8FFBWheel12timerElapsedEP17TIM_HandleTypeDef
                0x000000000800581e        0x8 MyLibs/Src/FFBWheel.o
                0x000000000800581e                non-virtual thunk to FFBWheel::timerElapsed(TIM_HandleTypeDef*)
 *fill*         0x0000000008005826        0x2 
 .text._ZN8FFBWheel13updateEndstopEv
                0x0000000008005828       0x54 MyLibs/Src/FFBWheel.o
                0x0000000008005828                FFBWheel::updateEndstop()
 .text._ZN8FFBWheel11getEncValueEP12EncoderLocalt
                0x000000000800587c       0x60 MyLibs/Src/FFBWheel.o
                0x000000000800587c                FFBWheel::getEncValue(EncoderLocal*, unsigned short)
 .text._ZN8FFBWheel11send_reportEv
                0x00000000080058dc       0xf0 MyLibs/Src/FFBWheel.o
                0x00000000080058dc                FFBWheel::send_report()
 .text._ZN8FFBWheel6updateEv
                0x00000000080059cc      0x10c MyLibs/Src/FFBWheel.o
                0x00000000080059cc                FFBWheel::update()
 .text._ZN8FFBWheel6cdcRcvEPcPm
                0x0000000008005ad8       0x40 MyLibs/Src/FFBWheel.o
                0x0000000008005ad8                FFBWheel::cdcRcv(char*, unsigned long*)
 .text._ZN8FFBWheel7usbInitEv
                0x0000000008005b18        0x4 MyLibs/Src/FFBWheel.o
                0x0000000008005b18                FFBWheel::usbInit()
 .text._ZN8FFBWheel3SOFEv
                0x0000000008005b1c        0x6 MyLibs/Src/FFBWheel.o
                0x0000000008005b1c                FFBWheel::SOF()
 *fill*         0x0000000008005b22        0x2 
 .text._ZN8FFBWheel10decodeConfEv
                0x0000000008005b24      0x104 MyLibs/Src/FFBWheel.o
                0x0000000008005b24                FFBWheel::decodeConf()
 .text._ZN8FFBWheel12restoreFlashEv
                0x0000000008005c28       0x6e MyLibs/Src/FFBWheel.o
                0x0000000008005c28                FFBWheel::restoreFlash()
 *fill*         0x0000000008005c96        0x2 
 .text._ZN8FFBWheelC2Ev
                0x0000000008005c98      0x110 MyLibs/Src/FFBWheel.o
                0x0000000008005c98                FFBWheel::FFBWheel()
                0x0000000008005c98                FFBWheel::FFBWheel()
 .text._ZN8FFBWheel9saveFlashEv
                0x0000000008005da8       0xfc MyLibs/Src/FFBWheel.o
                0x0000000008005da8                FFBWheel::saveFlash()
 .text._ZN8FFBWheelD2Ev
                0x0000000008005ea4       0x4c MyLibs/Src/FFBWheel.o
                0x0000000008005ea4                FFBWheel::~FFBWheel()
                0x0000000008005ea4                FFBWheel::~FFBWheel()
 .text._ZThn4_N8FFBWheelD1Ev
                0x0000000008005ef0        0x8 MyLibs/Src/FFBWheel.o
                0x0000000008005ef0                non-virtual thunk to FFBWheel::~FFBWheel()
 .text._ZThn8_N8FFBWheelD1Ev
                0x0000000008005ef8        0x8 MyLibs/Src/FFBWheel.o
                0x0000000008005ef8                non-virtual thunk to FFBWheel::~FFBWheel()
 .text._ZN8FFBWheelD0Ev
                0x0000000008005f00       0x14 MyLibs/Src/FFBWheel.o
                0x0000000008005f00                FFBWheel::~FFBWheel()
 .text._ZThn8_N8FFBWheelD0Ev
                0x0000000008005f14        0x8 MyLibs/Src/FFBWheel.o
                0x0000000008005f14                non-virtual thunk to FFBWheel::~FFBWheel()
 .text._ZThn4_N8FFBWheelD0Ev
                0x0000000008005f1c        0x8 MyLibs/Src/FFBWheel.o
                0x0000000008005f1c                non-virtual thunk to FFBWheel::~FFBWheel()
 .text._ZN9__gnu_cxx12__to_xstringINSt7__cxx1112basic_stringIcSt11char_traitsIcESaIcEEEcEET_PFiPT0_jPKS8_St9__va_listEjSB_z
                0x0000000008005f24       0x6c MyLibs/Src/FFBWheel_commands.o
                0x0000000008005f24                std::__cxx11::basic_string<char, std::char_traits<char>, std::allocator<char> > __gnu_cxx::__to_xstring<std::__cxx11::basic_string<char, std::char_traits<char>, std::allocator<char> >, char>(int (*)(char*, unsigned int, char const*, std::__va_list), unsigned int, char const*, ...)
 .text._ZNSt7__cxx119to_stringEi
                0x0000000008005f90       0x20 MyLibs/Src/FFBWheel_commands.o
                0x0000000008005f90                std::__cxx11::to_string(int)
 .text._ZSteqIcSt11char_traitsIcESaIcEEbRKNSt7__cxx1112basic_stringIT_T0_T1_EEPKS5_
                0x0000000008005fb0        0xe MyLibs/Src/FFBWheel_commands.o
                0x0000000008005fb0                bool std::operator==<char, std::char_traits<char>, std::allocator<char> >(std::__cxx11::basic_string<char, std::char_traits<char>, std::allocator<char> > const&, char const*)
 *fill*         0x0000000008005fbe        0x2 
 .text._ZN8FFBWheel17executeSysCommandEP13ParsedCommandPNSt7__cxx1112basic_stringIcSt11char_traitsIcESaIcEEE
                0x0000000008005fc0       0xdc MyLibs/Src/FFBWheel_commands.o
                0x0000000008005fc0                FFBWheel::executeSysCommand(ParsedCommand*, std::__cxx11::basic_string<char, std::char_traits<char>, std::allocator<char> >*)
 .text._ZN8FFBWheel15executeCommandsESt6vectorI13ParsedCommandSaIS1_EE
                0x000000000800609c       0xa8 MyLibs/Src/FFBWheel_commands.o
                0x000000000800609c                FFBWheel::executeCommands(std::vector<ParsedCommand, std::allocator<ParsedCommand> >)
 .text._ZN8FFBWheel7commandEP13ParsedCommandPNSt7__cxx1112basic_stringIcSt11char_traitsIcESaIcEEE
                0x0000000008006144      0x508 MyLibs/Src/FFBWheel_commands.o
                0x0000000008006144                FFBWheel::command(ParsedCommand*, std::__cxx11::basic_string<char, std::char_traits<char>, std::allocator<char> >*)
 .text._ZThn8_N8FFBWheel7commandEP13ParsedCommandPNSt7__cxx1112basic_stringIcSt11char_traitsIcESaIcEEE
                0x000000000800664c        0x8 MyLibs/Src/FFBWheel_commands.o
                0x000000000800664c                non-virtual thunk to FFBWheel::command(ParsedCommand*, std::__cxx11::basic_string<char, std::char_traits<char>, std::allocator<char> >*)
 .text._Z17usbInit_HID_Wheelv
                0x0000000008006654       0xb8 MyLibs/Src/FFBWheel_usb_init.o
                0x0000000008006654                usbInit_HID_Wheel()
 .text._ZN6BiquadD2Ev
                0x000000000800670c        0x2 MyLibs/Src/Filters.o
                0x000000000800670c                Biquad::~Biquad()
                0x000000000800670c                Biquad::~Biquad()
 .text._ZN6Biquad7processEf
                0x000000000800670e       0x58 MyLibs/Src/Filters.o
                0x000000000800670e                Biquad::process(float)
 *fill*         0x0000000008006766        0x2 
 .text._ZN6Biquad10calcBiquadEv
                0x0000000008006768      0x6ec MyLibs/Src/Filters.o
                0x0000000008006768                Biquad::calcBiquad()
 .text._ZN6Biquad9setBiquadE10BiquadTypefff
                0x0000000008006e54       0x12 MyLibs/Src/Filters.o
                0x0000000008006e54                Biquad::setBiquad(BiquadType, float, float, float)
 .text._ZN6BiquadC2E10BiquadTypefff
                0x0000000008006e66       0x16 MyLibs/Src/Filters.o
                0x0000000008006e66                Biquad::Biquad(BiquadType, float, float, float)
                0x0000000008006e66                Biquad::Biquad(BiquadType, float, float, float)
 .text._ZN6HidFFB6hidGetEhtPPh
                0x0000000008006e7c       0x14 MyLibs/Src/HidFFB.o
                0x0000000008006e7c                HidFFB::hidGet(unsigned char, unsigned short, unsigned char**)
 .text._ZN6HidFFBD2Ev
                0x0000000008006e90       0x14 MyLibs/Src/HidFFB.o
                0x0000000008006e90                HidFFB::~HidFFB()
                0x0000000008006e90                HidFFB::~HidFFB()
 .text._ZN6HidFFBD0Ev
                0x0000000008006ea4       0x16 MyLibs/Src/HidFFB.o
                0x0000000008006ea4                HidFFB::~HidFFB()
 *fill*         0x0000000008006eba        0x2 
 .text._ZN6HidFFBC2Ev
                0x0000000008006ebc      0x138 MyLibs/Src/HidFFB.o
                0x0000000008006ebc                HidFFB::HidFFB()
                0x0000000008006ebc                HidFFB::HidFFB()
 .text._ZN6HidFFB11free_effectEt
                0x0000000008006ff4       0x28 MyLibs/Src/HidFFB.o
                0x0000000008006ff4                HidFFB::free_effect(unsigned short)
 .text._ZN6HidFFB11set_filtersEP10FFB_Effect
                0x000000000800701c       0x9a MyLibs/Src/HidFFB.o
                0x000000000800701c                HidFFB::set_filters(FFB_Effect*)
 .text._ZN6HidFFB10set_effectEP15FFB_SetEffect_t
                0x00000000080070b6       0x78 MyLibs/Src/HidFFB.o
                0x00000000080070b6                HidFFB::set_effect(FFB_SetEffect_t*)
 .text._ZN6HidFFB13set_conditionEP23FFB_SetCondition_Data_t
                0x000000000800712e       0x58 MyLibs/Src/HidFFB.o
                0x000000000800712e                HidFFB::set_condition(FFB_SetCondition_Data_t*)
 .text._ZN6HidFFB12set_periodicEP22FFB_SetPeriodic_Data_t
                0x0000000008007186       0x3c MyLibs/Src/HidFFB.o
                0x0000000008007186                HidFFB::set_periodic(FFB_SetPeriodic_Data_t*)
 .text._ZN6HidFFB16find_free_effectEh
                0x00000000080071c2       0x1c MyLibs/Src/HidFFB.o
                0x00000000080071c2                HidFFB::find_free_effect(unsigned char)
 *fill*         0x00000000080071de        0x2 
 .text._ZN6HidFFB10new_effectEP34FFB_CreateNewEffect_Feature_Data_t
                0x00000000080071e0       0x8c MyLibs/Src/HidFFB.o
                0x00000000080071e0                HidFFB::new_effect(FFB_CreateNewEffect_Feature_Data_t*)
 .text._ZN6HidFFB9reset_ffbEv
                0x000000000800726c       0x26 MyLibs/Src/HidFFB.o
                0x000000000800726c                HidFFB::reset_ffb()
 *fill*         0x0000000008007292        0x2 
 .text._ZN6HidFFB11ffb_controlEh
                0x0000000008007294       0x54 MyLibs/Src/HidFFB.o
                0x0000000008007294                HidFFB::ffb_control(unsigned char)
 .text._ZN6HidFFB6hidOutEPh
                0x00000000080072e8      0x114 MyLibs/Src/HidFFB.o
                0x00000000080072e8                HidFFB::hidOut(unsigned char*)
 *fill*         0x00000000080073fc        0x4 
 .text._ZN6HidFFB16calculateEffectsElh
                0x0000000008007400      0x1f8 MyLibs/Src/HidFFB.o
                0x0000000008007400                HidFFB::calculateEffects(long, unsigned char)
 .text._ZN12LocalButtonsD2Ev
                0x00000000080075f8        0x2 MyLibs/Src/LocalButtons.o
                0x00000000080075f8                LocalButtons::~LocalButtons()
                0x00000000080075f8                LocalButtons::~LocalButtons()
 .text._ZN12LocalButtonsD0Ev
                0x00000000080075fa        0xe MyLibs/Src/LocalButtons.o
                0x00000000080075fa                LocalButtons::~LocalButtons()
 .text._ZN12LocalButtonsC2Ev
                0x0000000008007608       0x4c MyLibs/Src/LocalButtons.o
                0x0000000008007608                LocalButtons::LocalButtons()
                0x0000000008007608                LocalButtons::LocalButtons()
 .text._ZN12LocalButtons11readButtonsEPm
                0x0000000008007654       0x7c MyLibs/Src/LocalButtons.o
                0x0000000008007654                LocalButtons::readButtons(unsigned long*)
 .text._ZN12MotorBTS7960D2Ev
                0x00000000080076d0       0x20 MyLibs/Src/MotorBTS7960.o
                0x00000000080076d0                MotorBTS7960::~MotorBTS7960()
                0x00000000080076d0                MotorBTS7960::~MotorBTS7960()
 .text._ZN12MotorBTS7960D0Ev
                0x00000000080076f0       0x14 MyLibs/Src/MotorBTS7960.o
                0x00000000080076f0                MotorBTS7960::~MotorBTS7960()
 .text._ZN12MotorBTS79604turnEs
                0x0000000008007704       0x30 MyLibs/Src/MotorBTS7960.o
                0x0000000008007704                MotorBTS7960::turn(short)
 .text._ZN12MotorBTS7960C2Ev
                0x0000000008007734       0x3c MyLibs/Src/MotorBTS7960.o
                0x0000000008007734                MotorBTS7960::MotorBTS7960()
                0x0000000008007734                MotorBTS7960::MotorBTS7960()
 .text._ZN12MotorBTS79605startEv
                0x0000000008007770        0x6 MyLibs/Src/MotorBTS7960.o
                0x0000000008007770                MotorBTS7960::start()
 .text._ZN12MotorBTS79604stopEv
                0x0000000008007776        0xe MyLibs/Src/MotorBTS7960.o
                0x0000000008007776                MotorBTS7960::stop()
 .text._ZN12TimerHandler12timerElapsedEP17TIM_HandleTypeDef
                0x0000000008007784        0x2 MyLibs/Src/TimerHandler.o
                0x0000000008007784                TimerHandler::timerElapsed(TIM_HandleTypeDef*)
 *fill*         0x0000000008007786        0x2 
 .text._ZN12TimerHandlerD2Ev
                0x0000000008007788       0x48 MyLibs/Src/TimerHandler.o
                0x0000000008007788                TimerHandler::~TimerHandler()
                0x0000000008007788                TimerHandler::~TimerHandler()
 .text._ZN12TimerHandlerD0Ev
                0x00000000080077d0       0x14 MyLibs/Src/TimerHandler.o
                0x00000000080077d0                TimerHandler::~TimerHandler()
 .text._ZNSt6vectorIP12TimerHandlerSaIS1_EE17_M_realloc_insertIJS1_EEEvN9__gnu_cxx17__normal_iteratorIPS1_S3_EEDpOT_
                0x00000000080077e4       0x98 MyLibs/Src/TimerHandler.o
                0x00000000080077e4                void std::vector<TimerHandler*, std::allocator<TimerHandler*> >::_M_realloc_insert<TimerHandler*>(__gnu_cxx::__normal_iterator<TimerHandler**, std::vector<TimerHandler*, std::allocator<TimerHandler*> > >, TimerHandler*&&)
 .text._ZN12TimerHandlerC2Ev
                0x000000000800787c       0x34 MyLibs/Src/TimerHandler.o
                0x000000000800787c                TimerHandler::TimerHandler()
                0x000000000800787c                TimerHandler::TimerHandler()
 .text._ZN13UsbHidHandlerD2Ev
                0x00000000080078b0        0x2 MyLibs/Src/UsbHidHandler.o
                0x00000000080078b0                UsbHidHandler::~UsbHidHandler()
                0x00000000080078b0                UsbHidHandler::~UsbHidHandler()
 .text._ZN13UsbHidHandler6hidGetEhtPPh
                0x00000000080078b2        0x2 MyLibs/Src/UsbHidHandler.o
                0x00000000080078b2                UsbHidHandler::hidGet(unsigned char, unsigned short, unsigned char**)
 .text._ZN13UsbHidHandler6hidOutEPh
                0x00000000080078b4        0x2 MyLibs/Src/UsbHidHandler.o
                0x00000000080078b4                UsbHidHandler::hidOut(unsigned char*)
 .text._ZN13UsbHidHandlerD0Ev
                0x00000000080078b6        0xe MyLibs/Src/UsbHidHandler.o
                0x00000000080078b6                UsbHidHandler::~UsbHidHandler()
 .text._ZN13UsbHidHandlerC2Ev
                0x00000000080078c4        0xc MyLibs/Src/UsbHidHandler.o
                0x00000000080078c4                UsbHidHandler::UsbHidHandler()
                0x00000000080078c4                UsbHidHandler::UsbHidHandler()
 .text._ZN13UsbHidHandler19registerHidCallbackEv
                0x00000000080078d0        0xc MyLibs/Src/UsbHidHandler.o
                0x00000000080078d0                UsbHidHandler::registerHidCallback()
 .text.HAL_ADC_ConvCpltCallback
                0x00000000080078dc       0x28 MyLibs/Src/global_callbacks.o
                0x00000000080078dc                HAL_ADC_ConvCpltCallback
 .text.HAL_TIM_PeriodElapsedCallback
                0x0000000008007904       0x24 MyLibs/Src/global_callbacks.o
                0x0000000008007904                HAL_TIM_PeriodElapsedCallback
 .text.HAL_GPIO_EXTI_Callback
                0x0000000008007928       0x24 MyLibs/Src/global_callbacks.o
                0x0000000008007928                HAL_GPIO_EXTI_Callback
 .text.CDC_Callback
                0x000000000800794c       0x2c MyLibs/Src/global_callbacks.o
                0x000000000800794c                CDC_Callback
 .text.USBD_OutEvent_HID
                0x0000000008007978       0x14 MyLibs/Src/global_callbacks.o
                0x0000000008007978                USBD_OutEvent_HID
 .text.USBD_GetEvent_HID
                0x000000000800798c       0x24 MyLibs/Src/global_callbacks.o
                0x000000000800798c                USBD_GetEvent_HID
 .text.USB_SOF  0x00000000080079b0       0x10 MyLibs/Src/global_callbacks.o
                0x00000000080079b0                USB_SOF
 .text.startup._GLOBAL__sub_I_adcHandlers
                0x00000000080079c0       0x34 MyLibs/Src/global_callbacks.o
 .text.exit._GLOBAL__sub_D_adcHandlers
                0x00000000080079f4       0x40 MyLibs/Src/global_callbacks.o
 .text._Z11pulseSysLedv
                0x0000000008007a34       0x24 MyLibs/Src/ledEffects.o
                0x0000000008007a34                pulseSysLed()
 .text._Z10updateLedsv
                0x0000000008007a58       0x30 MyLibs/Src/ledEffects.o
                0x0000000008007a58                updateLeds()
 .text._Z11ws2812_initv
                0x0000000008007a88       0x18 MyLibs/Src/ws2812.o
                0x0000000008007a88                ws2812_init()
 .text._Z27ws2812_pixel_rgb_to_buf_dmahhht
                0x0000000008007aa0       0x50 MyLibs/Src/ws2812.o
                0x0000000008007aa0                ws2812_pixel_rgb_to_buf_dma(unsigned char, unsigned char, unsigned char, unsigned short)
 .text._Z16setup_rpm_ws2812h
                0x0000000008007af0       0x34 MyLibs/Src/ws2812.o
                0x0000000008007af0                setup_rpm_ws2812(unsigned char)
 .text._Z12setup_ws2812P3RGBh
                0x0000000008007b24       0x28 MyLibs/Src/ws2812.o
                0x0000000008007b24                setup_ws2812(RGB*, unsigned char)
 .text.startup._GLOBAL__sub_I_BUF_DMA
                0x0000000008007b4c       0x44 MyLibs/Src/ws2812.o
 .text.USBD_CDC_DataIn
                0x0000000008007b90       0x34 USB/Src/usbd_cdc.o
 .text.USBD_CDC_EP0_RxReady
                0x0000000008007bc4       0x30 USB/Src/usbd_cdc.o
 .text.USBD_CDC_GetFSCfgDesc
                0x0000000008007bf4        0xc USB/Src/usbd_cdc.o
 .text.USBD_CDC_GetDeviceQualifierDescriptor
                0x0000000008007c00        0xc USB/Src/usbd_cdc.o
                0x0000000008007c00                USBD_CDC_GetDeviceQualifierDescriptor
 .text.USBD_CDC_DataOut
                0x0000000008007c0c       0x34 USB/Src/usbd_cdc.o
 .text.USBD_CDC_Setup
                0x0000000008007c40       0x6c USB/Src/usbd_cdc.o
 .text.USBD_CDC_DeInit
                0x0000000008007cac       0x40 USB/Src/usbd_cdc.o
 .text.USBD_CDC_Init
                0x0000000008007cec       0xa0 USB/Src/usbd_cdc.o
 .text.USBD_CDC_GetOtherSpeedCfgDesc
                0x0000000008007d8c        0xc USB/Src/usbd_cdc.o
 .text.USBD_CDC_GetHSCfgDesc
                0x0000000008007d98        0xc USB/Src/usbd_cdc.o
 .text.USBD_CDC_RegisterInterface
                0x0000000008007da4       0x18 USB/Src/usbd_cdc.o
                0x0000000008007da4                USBD_CDC_RegisterInterface
 .text.USBD_CDC_SetTxBuffer
                0x0000000008007dbc       0x14 USB/Src/usbd_cdc.o
                0x0000000008007dbc                USBD_CDC_SetTxBuffer
 .text.USBD_CDC_SetRxBuffer
                0x0000000008007dd0       0x10 USB/Src/usbd_cdc.o
                0x0000000008007dd0                USBD_CDC_SetRxBuffer
 .text.USBD_CDC_TransmitPacket
                0x0000000008007de0       0x50 USB/Src/usbd_cdc.o
                0x0000000008007de0                USBD_CDC_TransmitPacket
 .text.USBD_CDC_ReceivePacket
                0x0000000008007e30       0x20 USB/Src/usbd_cdc.o
                0x0000000008007e30                USBD_CDC_ReceivePacket
 .text.CDC_DeInit_FS
                0x0000000008007e50        0x4 USB/Src/usbd_cdc_if.o
 .text.CDC_Receive_FS
                0x0000000008007e54       0x24 USB/Src/usbd_cdc_if.o
 .text.CDC_Init_FS
                0x0000000008007e78       0x28 USB/Src/usbd_cdc_if.o
 .text.CDC_Control_FS
                0x0000000008007ea0       0x44 USB/Src/usbd_cdc_if.o
 .text.CDC_Transmit_FS
                0x0000000008007ee4       0x44 USB/Src/usbd_cdc_if.o
                0x0000000008007ee4                CDC_Transmit_FS
 .text.USBD_Composite_IsoINIncomplete
                0x0000000008007f28        0x4 USB/Src/usbd_composite.o
 .text.USBD_Composite_Init
                0x0000000008007f2c       0x3c USB/Src/usbd_composite.o
 .text.USBD_Composite_DeInit
                0x0000000008007f68       0x3c USB/Src/usbd_composite.o
 .text.USBD_Composite_DataIn
                0x0000000008007fa4       0x18 USB/Src/usbd_composite.o
 .text.USBD_Composite_DataOut
                0x0000000008007fbc       0x18 USB/Src/usbd_composite.o
 .text.USBD_Composite_EP0_RxReady
                0x0000000008007fd4       0x34 USB/Src/usbd_composite.o
 .text.USBD_Composite_EP0_TxSent
                0x0000000008008008        0x4 USB/Src/usbd_composite.o
 .text.USBD_Composite_GetFSCfgDesc
                0x000000000800800c       0x14 USB/Src/usbd_composite.o
 .text.USBD_Composite_GetDeviceQualifierDescriptor
                0x0000000008008020        0xc USB/Src/usbd_composite.o
 .text.USBD_Composite_SOF
                0x000000000800802c       0x30 USB/Src/usbd_composite.o
 .text.USBD_Composite_Setup
                0x000000000800805c       0x68 USB/Src/usbd_composite.o
 .text.USBD_Composite_IsoOUTIncomplete
                0x00000000080080c4        0x4 USB/Src/usbd_composite.o
 .text.USBD_Composite_GetHSCfgDesc
                0x00000000080080c8       0x14 USB/Src/usbd_composite.o
 .text.USBD_Composite_GetOtherSpeedCfgDesc
                0x00000000080080dc       0x14 USB/Src/usbd_composite.o
 .text.USBD_Composite_EPIN_To_Class
                0x00000000080080f0       0x10 USB/Src/usbd_composite.o
                0x00000000080080f0                USBD_Composite_EPIN_To_Class
 .text.USBD_Composite_EPOUT_To_Class
                0x0000000008008100       0x10 USB/Src/usbd_composite.o
                0x0000000008008100                USBD_Composite_EPOUT_To_Class
 .text.USBD_InitCompositeDescriptor
                0x0000000008008110       0x34 USB/Src/usbd_composite.o
                0x0000000008008110                USBD_InitCompositeDescriptor
 .text.USBD_AddToCompositeDescriptor
                0x0000000008008144       0x28 USB/Src/usbd_composite.o
                0x0000000008008144                USBD_AddToCompositeDescriptor
 .text.USBD_Composite_Set_Classes
                0x000000000800816c       0x80 USB/Src/usbd_composite.o
                0x000000000800816c                USBD_Composite_Set_Classes
 .text.USBD_Composite_InterfaceToClass
                0x00000000080081ec        0xc USB/Src/usbd_composite.o
                0x00000000080081ec                USBD_Composite_InterfaceToClass
 .text.HAL_PCD_SetupStageCallback
                0x00000000080081f8        0xc USB/Src/usbd_conf.o
                0x00000000080081f8                HAL_PCD_SetupStageCallback
 .text.HAL_PCD_DataOutStageCallback
                0x0000000008008204       0x10 USB/Src/usbd_conf.o
                0x0000000008008204                HAL_PCD_DataOutStageCallback
 .text.HAL_PCD_DataInStageCallback
                0x0000000008008214        0xe USB/Src/usbd_conf.o
                0x0000000008008214                HAL_PCD_DataInStageCallback
 .text.HAL_PCD_SOFCallback
                0x0000000008008222        0x8 USB/Src/usbd_conf.o
                0x0000000008008222                HAL_PCD_SOFCallback
 .text.HAL_PCD_ResetCallback
                0x000000000800822a       0x24 USB/Src/usbd_conf.o
                0x000000000800822a                HAL_PCD_ResetCallback
 *fill*         0x000000000800824e        0x2 
 .text.HAL_PCD_SuspendCallback
                0x0000000008008250       0x20 USB/Src/usbd_conf.o
                0x0000000008008250                HAL_PCD_SuspendCallback
 .text.HAL_PCD_ResumeCallback
                0x0000000008008270        0x8 USB/Src/usbd_conf.o
                0x0000000008008270                HAL_PCD_ResumeCallback
 .text.USBD_LL_Init
                0x0000000008008278       0xa4 USB/Src/usbd_conf.o
                0x0000000008008278                USBD_LL_Init
 .text.USBD_LL_Start
                0x000000000800831c       0x1c USB/Src/usbd_conf.o
                0x000000000800831c                USBD_LL_Start
 .text.USBD_LL_OpenEP
                0x0000000008008338       0x20 USB/Src/usbd_conf.o
                0x0000000008008338                USBD_LL_OpenEP
 .text.USBD_LL_CloseEP
                0x0000000008008358       0x1c USB/Src/usbd_conf.o
                0x0000000008008358                USBD_LL_CloseEP
 .text.USBD_LL_StallEP
                0x0000000008008374       0x1c USB/Src/usbd_conf.o
                0x0000000008008374                USBD_LL_StallEP
 .text.USBD_LL_ClearStallEP
                0x0000000008008390       0x1c USB/Src/usbd_conf.o
                0x0000000008008390                USBD_LL_ClearStallEP
 .text.USBD_LL_IsStallEP
                0x00000000080083ac       0x20 USB/Src/usbd_conf.o
                0x00000000080083ac                USBD_LL_IsStallEP
 .text.USBD_LL_SetUSBAddress
                0x00000000080083cc       0x1c USB/Src/usbd_conf.o
                0x00000000080083cc                USBD_LL_SetUSBAddress
 .text.USBD_LL_Transmit
                0x00000000080083e8       0x1c USB/Src/usbd_conf.o
                0x00000000080083e8                USBD_LL_Transmit
 .text.USBD_LL_PrepareReceive
                0x0000000008008404       0x1c USB/Src/usbd_conf.o
                0x0000000008008404                USBD_LL_PrepareReceive
 .text.USBD_LL_GetRxDataSize
                0x0000000008008420        0x8 USB/Src/usbd_conf.o
                0x0000000008008420                USBD_LL_GetRxDataSize
 .text.HAL_PCDEx_SetConnectionState
                0x0000000008008428        0x2 USB/Src/usbd_conf.o
                0x0000000008008428                HAL_PCDEx_SetConnectionState
 .text.USBD_Init
                0x000000000800842a       0x2a USB/Src/usbd_core.o
                0x000000000800842a                USBD_Init
 .text.USBD_RegisterClass
                0x0000000008008454        0xe USB/Src/usbd_core.o
                0x0000000008008454                USBD_RegisterClass
 .text.USBD_Start
                0x0000000008008462        0xa USB/Src/usbd_core.o
                0x0000000008008462                USBD_Start
 .text.USBD_SetClassConfig
                0x000000000800846c       0x16 USB/Src/usbd_core.o
                0x000000000800846c                USBD_SetClassConfig
 .text.USBD_ClrClassConfig
                0x0000000008008482        0xe USB/Src/usbd_core.o
                0x0000000008008482                USBD_ClrClassConfig
 .text.USBD_LL_SetupStage
                0x0000000008008490       0x5a USB/Src/usbd_core.o
                0x0000000008008490                USBD_LL_SetupStage
 .text.USBD_LL_DataOutStage
                0x00000000080084ea       0x74 USB/Src/usbd_core.o
                0x00000000080084ea                USBD_LL_DataOutStage
 .text.USBD_LL_DataInStage
                0x000000000800855e       0xb6 USB/Src/usbd_core.o
                0x000000000800855e                USBD_LL_DataInStage
 .text.USBD_LL_Reset
                0x0000000008008614       0x48 USB/Src/usbd_core.o
                0x0000000008008614                USBD_LL_Reset
 .text.USBD_LL_SetSpeed
                0x000000000800865c        0x6 USB/Src/usbd_core.o
                0x000000000800865c                USBD_LL_SetSpeed
 .text.USBD_LL_Suspend
                0x0000000008008662       0x12 USB/Src/usbd_core.o
                0x0000000008008662                USBD_LL_Suspend
 .text.USBD_LL_Resume
                0x0000000008008674       0x14 USB/Src/usbd_core.o
                0x0000000008008674                USBD_LL_Resume
 .text.USBD_LL_SOF
                0x0000000008008688       0x18 USB/Src/usbd_core.o
                0x0000000008008688                USBD_LL_SOF
 .text.USBD_CtlError.constprop.1
                0x00000000080086a0       0x16 USB/Src/usbd_ctlreq.o
 *fill*         0x00000000080086b6        0x2 
 .text.USBD_StdDevReq
                0x00000000080086b8      0x248 USB/Src/usbd_ctlreq.o
                0x00000000080086b8                USBD_StdDevReq
 .text.USBD_StdItfReq
                0x0000000008008900       0x4a USB/Src/usbd_ctlreq.o
                0x0000000008008900                USBD_StdItfReq
 .text.USBD_StdEPReq
                0x000000000800894a       0xe6 USB/Src/usbd_ctlreq.o
                0x000000000800894a                USBD_StdEPReq
 .text.USBD_ParseSetupRequest
                0x0000000008008a30       0x28 USB/Src/usbd_ctlreq.o
                0x0000000008008a30                USBD_ParseSetupRequest
 .text.USBD_CtlError
                0x0000000008008a58       0x16 USB/Src/usbd_ctlreq.o
                0x0000000008008a58                USBD_CtlError
 .text.USBD_GetString
                0x0000000008008a6e       0x38 USB/Src/usbd_ctlreq.o
                0x0000000008008a6e                USBD_GetString
 .text.CUSTOM_HID_Init_FS
                0x0000000008008aa6        0x4 USB/Src/usbd_custom_hid_if.o
 .text.CUSTOM_HID_GetEvent_FS
                0x0000000008008aaa       0x10 USB/Src/usbd_custom_hid_if.o
 .text.CUSTOM_HID_OutEvent_FS
                0x0000000008008aba        0xa USB/Src/usbd_custom_hid_if.o
 .text.CUSTOM_HID_DeInit_FS
                0x0000000008008ac4        0x4 USB/Src/usbd_custom_hid_if.o
 .text.USBD_CUSTOM_HID_GetFSCfgDesc
                0x0000000008008ac8        0xc USB/Src/usbd_customhid.o
 .text.USBD_CUSTOM_HID_GetHSCfgDesc
                0x0000000008008ad4        0xc USB/Src/usbd_customhid.o
 .text.USBD_CUSTOM_HID_GetOtherSpeedCfgDesc
                0x0000000008008ae0        0xc USB/Src/usbd_customhid.o
 .text.USBD_CUSTOM_HID_DataIn
                0x0000000008008aec        0xc USB/Src/usbd_customhid.o
 .text.USBD_CUSTOM_HID_EP0_RxReady
                0x0000000008008af8       0x22 USB/Src/usbd_customhid.o
 *fill*         0x0000000008008b1a        0x2 
 .text.USBD_CUSTOM_HID_GetDeviceQualifierDesc
                0x0000000008008b1c        0xc USB/Src/usbd_customhid.o
 .text.USBD_CUSTOM_HID_DataOut
                0x0000000008008b28       0x24 USB/Src/usbd_customhid.o
 .text.USBD_CUSTOM_HID_Setup
                0x0000000008008b4c      0x138 USB/Src/usbd_customhid.o
 .text.USBD_CUSTOM_HID_DeInit
                0x0000000008008c84       0x32 USB/Src/usbd_customhid.o
 .text.USBD_CUSTOM_HID_Init
                0x0000000008008cb6       0x4e USB/Src/usbd_customhid.o
 .text.USBD_CUSTOM_HID_SendReport
                0x0000000008008d04       0x2c USB/Src/usbd_customhid.o
                0x0000000008008d04                USBD_CUSTOM_HID_SendReport
 .text.USBD_CUSTOM_HID_RegisterInterface
                0x0000000008008d30        0xe USB/Src/usbd_customhid.o
                0x0000000008008d30                USBD_CUSTOM_HID_RegisterInterface
 *fill*         0x0000000008008d3e        0x2 
 .text.USBD_FS_DeviceDescriptor_Composite
                0x0000000008008d40        0xc USB/Src/usbd_desc.o
                0x0000000008008d40                USBD_FS_DeviceDescriptor_Composite
 .text.USBD_FS_LangIDStrDescriptor
                0x0000000008008d4c        0xc USB/Src/usbd_desc.o
                0x0000000008008d4c                USBD_FS_LangIDStrDescriptor
 .text.USBD_FS_ManufacturerStrDescriptor
                0x0000000008008d58       0x1c USB/Src/usbd_desc.o
                0x0000000008008d58                USBD_FS_ManufacturerStrDescriptor
 .text.USBD_FS_ProductStrDescriptor
                0x0000000008008d74       0x1c USB/Src/usbd_desc.o
                0x0000000008008d74                USBD_FS_ProductStrDescriptor
 .text.USBD_FS_SerialStrDescriptor
                0x0000000008008d90       0x1c USB/Src/usbd_desc.o
                0x0000000008008d90                USBD_FS_SerialStrDescriptor
 .text.USBD_FS_ConfigStrDescriptor
                0x0000000008008dac       0x1c USB/Src/usbd_desc.o
                0x0000000008008dac                USBD_FS_ConfigStrDescriptor
 .text.USBD_FS_InterfaceStrDescriptor
                0x0000000008008dc8       0x1c USB/Src/usbd_desc.o
                0x0000000008008dc8                USBD_FS_InterfaceStrDescriptor
 .text.USBD_CtlSendData
                0x0000000008008de4       0x1a USB/Src/usbd_ioreq.o
                0x0000000008008de4                USBD_CtlSendData
 .text.USBD_CtlContinueSendData
                0x0000000008008dfe       0x10 USB/Src/usbd_ioreq.o
                0x0000000008008dfe                USBD_CtlContinueSendData
 .text.USBD_CtlPrepareRx
                0x0000000008008e0e       0x1e USB/Src/usbd_ioreq.o
                0x0000000008008e0e                USBD_CtlPrepareRx
 .text.USBD_CtlContinueRx
                0x0000000008008e2c       0x10 USB/Src/usbd_ioreq.o
                0x0000000008008e2c                USBD_CtlContinueRx
 .text.USBD_CtlSendStatus
                0x0000000008008e3c       0x16 USB/Src/usbd_ioreq.o
                0x0000000008008e3c                USBD_CtlSendStatus
 .text.USBD_CtlReceiveStatus
                0x0000000008008e52       0x16 USB/Src/usbd_ioreq.o
                0x0000000008008e52                USBD_CtlReceiveStatus
 .text._ZdlPvj  0x0000000008008e68        0x4 g:/stm32cubeide_1.3.0/stm32cubeide/plugins/com.st.stm32cube.ide.mcu.externaltools.gnu-tools-for-stm32.7-2018-q2-update.win32_1.0.0.201904181610/tools/bin/../lib/gcc/arm-none-eabi/7.3.1/../../../../arm-none-eabi/lib/thumb/v7-m\libstdc++_nano.a(del_ops.o)
                0x0000000008008e68                operator delete(void*, unsigned int)
 .text._Znwj    0x0000000008008e6c       0x22 g:/stm32cubeide_1.3.0/stm32cubeide/plugins/com.st.stm32cube.ide.mcu.externaltools.gnu-tools-for-stm32.7-2018-q2-update.win32_1.0.0.201904181610/tools/bin/../lib/gcc/arm-none-eabi/7.3.1/../../../../arm-none-eabi/lib/thumb/v7-m\libstdc++_nano.a(new_op.o)
                0x0000000008008e6c                operator new(unsigned int)
 *fill*         0x0000000008008e8e        0x2 
 .text._ZSt15get_new_handlerv
                0x0000000008008e90       0x10 g:/stm32cubeide_1.3.0/stm32cubeide/plugins/com.st.stm32cube.ide.mcu.externaltools.gnu-tools-for-stm32.7-2018-q2-update.win32_1.0.0.201904181610/tools/bin/../lib/gcc/arm-none-eabi/7.3.1/../../../../arm-none-eabi/lib/thumb/v7-m\libstdc++_nano.a(new_handler.o)
                0x0000000008008e90                std::get_new_handler()
 .text._ZdlPv   0x0000000008008ea0        0x4 g:/stm32cubeide_1.3.0/stm32cubeide/plugins/com.st.stm32cube.ide.mcu.externaltools.gnu-tools-for-stm32.7-2018-q2-update.win32_1.0.0.201904181610/tools/bin/../lib/gcc/arm-none-eabi/7.3.1/../../../../arm-none-eabi/lib/thumb/v7-m\libstdc++_nano.a(del_op.o)
                0x0000000008008ea0                operator delete(void*)
 .text._ZSt19__throw_logic_errorPKc
                0x0000000008008ea4        0x6 g:/stm32cubeide_1.3.0/stm32cubeide/plugins/com.st.stm32cube.ide.mcu.externaltools.gnu-tools-for-stm32.7-2018-q2-update.win32_1.0.0.201904181610/tools/bin/../lib/gcc/arm-none-eabi/7.3.1/../../../../arm-none-eabi/lib/thumb/v7-m\libstdc++_nano.a(functexcept.o)
                0x0000000008008ea4                std::__throw_logic_error(char const*)
 .text._ZSt24__throw_invalid_argumentPKc
                0x0000000008008eaa        0x6 g:/stm32cubeide_1.3.0/stm32cubeide/plugins/com.st.stm32cube.ide.mcu.externaltools.gnu-tools-for-stm32.7-2018-q2-update.win32_1.0.0.201904181610/tools/bin/../lib/gcc/arm-none-eabi/7.3.1/../../../../arm-none-eabi/lib/thumb/v7-m\libstdc++_nano.a(functexcept.o)
                0x0000000008008eaa                std::__throw_invalid_argument(char const*)
 .text._ZSt20__throw_length_errorPKc
                0x0000000008008eb0        0x6 g:/stm32cubeide_1.3.0/stm32cubeide/plugins/com.st.stm32cube.ide.mcu.externaltools.gnu-tools-for-stm32.7-2018-q2-update.win32_1.0.0.201904181610/tools/bin/../lib/gcc/arm-none-eabi/7.3.1/../../../../arm-none-eabi/lib/thumb/v7-m\libstdc++_nano.a(functexcept.o)
                0x0000000008008eb0                std::__throw_length_error(char const*)
 .text._ZSt20__throw_out_of_rangePKc
                0x0000000008008eb6        0x6 g:/stm32cubeide_1.3.0/stm32cubeide/plugins/com.st.stm32cube.ide.mcu.externaltools.gnu-tools-for-stm32.7-2018-q2-update.win32_1.0.0.201904181610/tools/bin/../lib/gcc/arm-none-eabi/7.3.1/../../../../arm-none-eabi/lib/thumb/v7-m\libstdc++_nano.a(functexcept.o)
                0x0000000008008eb6                std::__throw_out_of_range(char const*)
 .text._ZSt24__throw_out_of_range_fmtPKcz
                0x0000000008008ebc       0x36 g:/stm32cubeide_1.3.0/stm32cubeide/plugins/com.st.stm32cube.ide.mcu.externaltools.gnu-tools-for-stm32.7-2018-q2-update.win32_1.0.0.201904181610/tools/bin/../lib/gcc/arm-none-eabi/7.3.1/../../../../arm-none-eabi/lib/thumb/v7-m\libstdc++_nano.a(functexcept.o)