Archive member included to satisfy reference by file (symbol)

f:/stm32cubeide_1.3.0/stm32cubeide/plugins/com.st.stm32cube.ide.mcu.externaltools.gnu-tools-for-stm32.9-2020-q2-update.win32_2.0.0.202105311346/tools/bin/../lib/gcc/arm-none-eabi/9.3.1/../../../../arm-none-eabi/lib/thumb/v7-m/nofp\libstdc++_nano.a(del_op.o)
                              ./MyLibs/Src/AdcHandler.o (operator delete(void*))
f:/stm32cubeide_1.3.0/stm32cubeide/plugins/com.st.stm32cube.ide.mcu.externaltools.gnu-tools-for-stm32.9-2020-q2-update.win32_2.0.0.202105311346/tools/bin/../lib/gcc/arm-none-eabi/9.3.1/../../../../arm-none-eabi/lib/thumb/v7-m/nofp\libstdc++_nano.a(del_ops.o)
                              ./MyLibs/Src/AdcHandler.o (operator delete(void*, unsigned int))
f:/stm32cubeide_1.3.0/stm32cubeide/plugins/com.st.stm32cube.ide.mcu.externaltools.gnu-tools-for-stm32.9-2020-q2-update.win32_2.0.0.202105311346/tools/bin/../lib/gcc/arm-none-eabi/9.3.1/../../../../arm-none-eabi/lib/thumb/v7-m/nofp\libstdc++_nano.a(new_op.o)
                              ./Core/Src/cppmain.o (operator new(unsigned int))
f:/stm32cubeide_1.3.0/stm32cubeide/plugins/com.st.stm32cube.ide.mcu.externaltools.gnu-tools-for-stm32.9-2020-q2-update.win32_2.0.0.202105311346/tools/bin/../lib/gcc/arm-none-eabi/9.3.1/../../../../arm-none-eabi/lib/thumb/v7-m/nofp\libstdc++_nano.a(new_opv.o)
                              ./MyLibs/Src/FFBWheel.o (operator new[](unsigned int))
f:/stm32cubeide_1.3.0/stm32cubeide/plugins/com.st.stm32cube.ide.mcu.externaltools.gnu-tools-for-stm32.9-2020-q2-update.win32_2.0.0.202105311346/tools/bin/../lib/gcc/arm-none-eabi/9.3.1/../../../../arm-none-eabi/lib/thumb/v7-m/nofp\libstdc++_nano.a(functexcept.o)
                              ./MyLibs/Src/CmdParser.o (std::__throw_logic_error(char const*))
f:/stm32cubeide_1.3.0/stm32cubeide/plugins/com.st.stm32cube.ide.mcu.externaltools.gnu-tools-for-stm32.9-2020-q2-update.win32_2.0.0.202105311346/tools/bin/../lib/gcc/arm-none-eabi/9.3.1/../../../../arm-none-eabi/lib/thumb/v7-m/nofp\libstdc++_nano.a(snprintf_lite.o)
                              f:/stm32cubeide_1.3.0/stm32cubeide/plugins/com.st.stm32cube.ide.mcu.externaltools.gnu-tools-for-stm32.9-2020-q2-update.win32_2.0.0.202105311346/tools/bin/../lib/gcc/arm-none-eabi/9.3.1/../../../../arm-none-eabi/lib/thumb/v7-m/nofp\libstdc++_nano.a(functexcept.o) (__gnu_cxx::__snprintf_lite(char*, unsigned int, char const*, std::__va_list))
f:/stm32cubeide_1.3.0/stm32cubeide/plugins/com.st.stm32cube.ide.mcu.externaltools.gnu-tools-for-stm32.9-2020-q2-update.win32_2.0.0.202105311346/tools/bin/../lib/gcc/arm-none-eabi/9.3.1/../../../../arm-none-eabi/lib/thumb/v7-m/nofp\libstdc++_nano.a(string-inst.o)
                              ./MyLibs/Src/CmdParser.o (std::__cxx11::basic_string<char, std::char_traits<char>, std::allocator<char> >::_M_create(unsigned int&, unsigned int))
f:/stm32cubeide_1.3.0/stm32cubeide/plugins/com.st.stm32cube.ide.mcu.externaltools.gnu-tools-for-stm32.9-2020-q2-update.win32_2.0.0.202105311346/tools/bin/../lib/gcc/arm-none-eabi/9.3.1/../../../../arm-none-eabi/lib/thumb/v7-m/nofp\libstdc++_nano.a(new_handler.o)
                              f:/stm32cubeide_1.3.0/stm32cubeide/plugins/com.st.stm32cube.ide.mcu.externaltools.gnu-tools-for-stm32.9-2020-q2-update.win32_2.0.0.202105311346/tools/bin/../lib/gcc/arm-none-eabi/9.3.1/../../../../arm-none-eabi/lib/thumb/v7-m/nofp\libstdc++_nano.a(new_op.o) (std::get_new_handler())
f:/stm32cubeide_1.3.0/stm32cubeide/plugins/com.st.stm32cube.ide.mcu.externaltools.gnu-tools-for-stm32.9-2020-q2-update.win32_2.0.0.202105311346/tools/bin/../lib/gcc/arm-none-eabi/9.3.1/../../../../arm-none-eabi/lib/thumb/v7-m/nofp\libm.a(lib_a-sf_cos.o)
                              ./MyLibs/Src/Filters.o (cosf)
f:/stm32cubeide_1.3.0/stm32cubeide/plugins/com.st.stm32cube.ide.mcu.externaltools.gnu-tools-for-stm32.9-2020-q2-update.win32_2.0.0.202105311346/tools/bin/../lib/gcc/arm-none-eabi/9.3.1/../../../../arm-none-eabi/lib/thumb/v7-m/nofp\libm.a(lib_a-sf_sin.o)
                              ./MyLibs/Src/HidFFB.o (sinf)
f:/stm32cubeide_1.3.0/stm32cubeide/plugins/com.st.stm32cube.ide.mcu.externaltools.gnu-tools-for-stm32.9-2020-q2-update.win32_2.0.0.202105311346/tools/bin/../lib/gcc/arm-none-eabi/9.3.1/../../../../arm-none-eabi/lib/thumb/v7-m/nofp\libm.a(lib_a-w_exp.o)
                              ./MyLibs/Src/Filters.o (exp)
f:/stm32cubeide_1.3.0/stm32cubeide/plugins/com.st.stm32cube.ide.mcu.externaltools.gnu-tools-for-stm32.9-2020-q2-update.win32_2.0.0.202105311346/tools/bin/../lib/gcc/arm-none-eabi/9.3.1/../../../../arm-none-eabi/lib/thumb/v7-m/nofp\libm.a(lib_a-wf_exp.o)
                              ./MyLibs/Src/Filters.o (expf)
f:/stm32cubeide_1.3.0/stm32cubeide/plugins/com.st.stm32cube.ide.mcu.externaltools.gnu-tools-for-stm32.9-2020-q2-update.win32_2.0.0.202105311346/tools/bin/../lib/gcc/arm-none-eabi/9.3.1/../../../../arm-none-eabi/lib/thumb/v7-m/nofp\libm.a(lib_a-e_exp.o)
[...]
Memory Configuration

Name             Origin             Length             Attributes
RAM              0x0000000020000000 0x0000000000005000 xrw
FLASH            0x0000000008000000 0x0000000000020000 xr
*default*        0x0000000000000000 0xffffffffffffffff

Linker script and memory map

LOAD f:/stm32cubeide_1.3.0/stm32cubeide/plugins/com.st.stm32cube.ide.mcu.externaltools.gnu-tools-for-stm32.9-2020-q2-update.win32_2.0.0.202105311346/tools/bin/../lib/gcc/arm-none-eabi/9.3.1/thumb/v7-m/nofp/crti.o
LOAD f:/stm32cubeide_1.3.0/stm32cubeide/plugins/com.st.stm32cube.ide.mcu.externaltools.gnu-tools-for-stm32.9-2020-q2-update.win32_2.0.0.202105311346/tools/bin/../lib/gcc/arm-none-eabi/9.3.1/thumb/v7-m/nofp/crtbegin.o
LOAD f:/stm32cubeide_1.3.0/stm32cubeide/plugins/com.st.stm32cube.ide.mcu.externaltools.gnu-tools-for-stm32.9-2020-q2-update.win32_2.0.0.202105311346/tools/bin/../lib/gcc/arm-none-eabi/9.3.1/../../../../arm-none-eabi/lib/thumb/v7-m/nofp/crt0.o
LOAD ./Core/Src/cppmain.o
LOAD ./Core/Src/eeprom.o
LOAD ./Core/Src/main.o
LOAD ./Core/Src/stm32f1xx_hal_msp.o
LOAD ./Core/Src/stm32f1xx_it.o
LOAD ./Core/Src/syscalls.o
LOAD ./Core/Src/sysmem.o
LOAD ./Core/Src/system_stm32f1xx.o
LOAD ./Core/Startup/startup_stm32f103c8tx.o
LOAD ./Drivers/STM32F1xx_HAL_Driver/Src/stm32f1xx_hal.o
LOAD ./Drivers/STM32F1xx_HAL_Driver/Src/stm32f1xx_hal_adc.o
LOAD ./Drivers/STM32F1xx_HAL_Driver/Src/stm32f1xx_hal_adc_ex.o
LOAD ./Drivers/STM32F1xx_HAL_Driver/Src/stm32f1xx_hal_cortex.o
LOAD ./Drivers/STM32F1xx_HAL_Driver/Src/stm32f1xx_hal_dma.o
LOAD ./Drivers/STM32F1xx_HAL_Driver/Src/stm32f1xx_hal_exti.o
LOAD ./Drivers/STM32F1xx_HAL_Driver/Src/stm32f1xx_hal_flash.o
LOAD ./Drivers/STM32F1xx_HAL_Driver/Src/stm32f1xx_hal_flash_ex.o
LOAD ./Drivers/STM32F1xx_HAL_Driver/Src/stm32f1xx_hal_gpio.o
LOAD ./Drivers/STM32F1xx_HAL_Driver/Src/stm32f1xx_hal_gpio_ex.o
LOAD ./Drivers/STM32F1xx_HAL_Driver/Src/stm32f1xx_hal_i2c.o
LOAD ./Drivers/STM32F1xx_HAL_Driver/Src/stm32f1xx_hal_pcd.o
LOAD ./Drivers/STM32F1xx_HAL_Driver/Src/stm32f1xx_hal_pcd_ex.o
LOAD ./Drivers/STM32F1xx_HAL_Driver/Src/stm32f1xx_hal_pwr.o
LOAD ./Drivers/STM32F1xx_HAL_Driver/Src/stm32f1xx_hal_rcc.o
LOAD ./Drivers/STM32F1xx_HAL_Driver/Src/stm32f1xx_hal_rcc_ex.o
LOAD ./Drivers/STM32F1xx_HAL_Driver/Src/stm32f1xx_hal_tim.o
LOAD ./Drivers/STM32F1xx_HAL_Driver/Src/stm32f1xx_hal_tim_ex.o
LOAD ./Drivers/STM32F1xx_HAL_Driver/Src/stm32f1xx_ll_usb.o
LOAD ./MyLibs/Src/AdcHandler.o
LOAD ./MyLibs/Src/CmdParser.o
LOAD ./MyLibs/Src/CommandHandler.o
LOAD ./MyLibs/Src/EncoderLocal.o
LOAD ./MyLibs/Src/ExtiHandler.o
LOAD ./MyLibs/Src/FFBWheel.o
LOAD ./MyLibs/Src/FFBWheel_commands.o
LOAD ./MyLibs/Src/FFBWheel_usb_init.o
LOAD ./MyLibs/Src/Filters.o
LOAD ./MyLibs/Src/HidFFB.o
LOAD ./MyLibs/Src/LocalButtons.o
LOAD ./MyLibs/Src/MotorBTS7960.o
LOAD ./MyLibs/Src/TimerHandler.o
LOAD ./MyLibs/Src/UsbHidHandler.o
LOAD ./MyLibs/Src/global_callbacks.o
LOAD ./MyLibs/Src/i2ckeypad.o
LOAD ./MyLibs/Src/ledEffects.o
LOAD ./MyLibs/Src/ws2812.o
LOAD ./USB/Src/usb_device.o
LOAD ./USB/Src/usbd_cdc.o
LOAD ./USB/Src/usbd_cdc_if.o
LOAD ./USB/Src/usbd_composite.o
LOAD ./USB/Src/usbd_conf.o
LOAD ./USB/Src/usbd_core.o
LOAD ./USB/Src/usbd_ctlreq.o
LOAD ./USB/Src/usbd_custom_hid_if.o
LOAD ./USB/Src/usbd_customhid.o
LOAD ./USB/Src/usbd_desc.o
LOAD ./USB/Src/usbd_ioreq.o
START GROUP
LOAD f:/stm32cubeide_1.3.0/stm32cubeide/plugins/com.st.stm32cube.ide.mcu.externaltools.gnu-tools-for-stm32.9-2020-q2-update.win32_2.0.0.202105311346/tools/bin/../lib/gcc/arm-none-eabi/9.3.1/../../../../arm-none-eabi/lib/thumb/v7-m/nofp\libstdc++_nano.a
LOAD f:/stm32cubeide_1.3.0/stm32cubeide/plugins/com.st.stm32cube.ide.mcu.externaltools.gnu-tools-for-stm32.9-2020-q2-update.win32_2.0.0.202105311346/tools/bin/../lib/gcc/arm-none-eabi/9.3.1/../../../../arm-none-eabi/lib/thumb/v7-m/nofp\libsupc++_nano.a
END GROUP
LOAD f:/stm32cubeide_1.3.0/stm32cubeide/plugins/com.st.stm32cube.ide.mcu.externaltools.gnu-tools-for-stm32.9-2020-q2-update.win32_2.0.0.202105311346/tools/bin/../lib/gcc/arm-none-eabi/9.3.1/../../../../arm-none-eabi/lib/thumb/v7-m/nofp\libstdc++_nano.a
LOAD f:/stm32cubeide_1.3.0/stm32cubeide/plugins/com.st.stm32cube.ide.mcu.externaltools.gnu-tools-for-stm32.9-2020-q2-update.win32_2.0.0.202105311346/tools/bin/../lib/gcc/arm-none-eabi/9.3.1/../../../../arm-none-eabi/lib/thumb/v7-m/nofp\libm.a
LOAD f:/stm32cubeide_1.3.0/stm32cubeide/plugins/com.st.stm32cube.ide.mcu.externaltools.gnu-tools-for-stm32.9-2020-q2-update.win32_2.0.0.202105311346/tools/bin/../lib/gcc/arm-none-eabi/9.3.1/../../../../arm-none-eabi/lib/thumb/v7-m/nofp\libc_nano.a
START GROUP
LOAD f:/stm32cubeide_1.3.0/stm32cubeide/plugins/com.st.stm32cube.ide.mcu.externaltools.gnu-tools-for-stm32.9-2020-q2-update.win32_2.0.0.202105311346/tools/bin/../lib/gcc/arm-none-eabi/9.3.1/thumb/v7-m/nofp\libgcc.a
LOAD f:/stm32cubeide_1.3.0/stm32cubeide/plugins/com.st.stm32cube.ide.mcu.externaltools.gnu-tools-for-stm32.9-2020-q2-update.win32_2.0.0.202105311346/tools/bin/../lib/gcc/arm-none-eabi/9.3.1/../../../../arm-none-eabi/lib/thumb/v7-m/nofp\libc_nano.a
END GROUP
START GROUP
LOAD f:/stm32cubeide_1.3.0/stm32cubeide/plugins/com.st.stm32cube.ide.mcu.externaltools.gnu-tools-for-stm32.9-2020-q2-update.win32_2.0.0.202105311346/tools/bin/../lib/gcc/arm-none-eabi/9.3.1/thumb/v7-m/nofp\libgcc.a
LOAD f:/stm32cubeide_1.3.0/stm32cubeide/plugins/com.st.stm32cube.ide.mcu.externaltools.gnu-tools-for-stm32.9-2020-q2-update.win32_2.0.0.202105311346/tools/bin/../lib/gcc/arm-none-eabi/9.3.1/../../../../arm-none-eabi/lib/thumb/v7-m/nofp\libc_nano.a
LOAD f:/stm32cubeide_1.3.0/stm32cubeide/plugins/com.st.stm32cube.ide.mcu.externaltools.gnu-tools-for-stm32.9-2020-q2-update.win32_2.0.0.202105311346/tools/bin/../lib/gcc/arm-none-eabi/9.3.1/../../../../arm-none-eabi/lib/thumb/v7-m/nofp\libnosys.a
END GROUP
START GROUP
LOAD f:/stm32cubeide_1.3.0/stm32cubeide/plugins/com.st.stm32cube.ide.mcu.externaltools.gnu-tools-for-stm32.9-2020-q2-update.win32_2.0.0.202105311346/tools/bin/../lib/gcc/arm-none-eabi/9.3.1/thumb/v7-m/nofp\libgcc.a
LOAD f:/stm32cubeide_1.3.0/stm32cubeide/plugins/com.st.stm32cube.ide.mcu.externaltools.gnu-tools-for-stm32.9-2020-q2-update.win32_2.0.0.202105311346/tools/bin/../lib/gcc/arm-none-eabi/9.3.1/../../../../arm-none-eabi/lib/thumb/v7-m/nofp\libc_nano.a
LOAD f:/stm32cubeide_1.3.0/stm32cubeide/plugins/com.st.stm32cube.ide.mcu.externaltools.gnu-tools-for-stm32.9-2020-q2-update.win32_2.0.0.202105311346/tools/bin/../lib/gcc/arm-none-eabi/9.3.1/../../../../arm-none-eabi/lib/thumb/v7-m/nofp\libnosys.a
END GROUP
LOAD f:/stm32cubeide_1.3.0/stm32cubeide/plugins/com.st.stm32cube.ide.mcu.externaltools.gnu-tools-for-stm32.9-2020-q2-update.win32_2.0.0.202105311346/tools/bin/../lib/gcc/arm-none-eabi/9.3.1/thumb/v7-m/nofp/crtend.o
LOAD f:/stm32cubeide_1.3.0/stm32cubeide/plugins/com.st.stm32cube.ide.mcu.externaltools.gnu-tools-for-stm32.9-2020-q2-update.win32_2.0.0.202105311346/tools/bin/../lib/gcc/arm-none-eabi/9.3.1/thumb/v7-m/nofp/crtn.o
                0x0000000020005000                _estack = (ORIGIN (RAM) + LENGTH (RAM))
                0x0000000000000000                _Min_Heap_Size = 0x0
                0x0000000000000800                _Min_Stack_Size = 0x800

.isr_vector     0x0000000008000000      0x10c
                0x0000000008000000                . = ALIGN (0x4)
 *(.isr_vector)
 .isr_vector    0x0000000008000000      0x10c ./Core/Startup/startup_stm32f103c8tx.o
                0x0000000008000000                g_pfnVectors
                0x000000000800010c                . = ALIGN (0x4)

.text           0x0000000008000110     0xea14
                0x0000000008000110                . = ALIGN (0x4)
 *(.text)
 .text          0x0000000008000110       0x40 f:/stm32cubeide_1.3.0/stm32cubeide/plugins/com.st.stm32cube.ide.mcu.externaltools.gnu-tools-for-stm32.9-2020-q2-update.win32_2.0.0.202105311346/tools/bin/../lib/gcc/arm-none-eabi/9.3.1/thumb/v7-m/nofp/crtbegin.o
 .text          0x0000000008000150       0x10 f:/stm32cubeide_1.3.0/stm32cubeide/plugins/com.st.stm32cube.ide.mcu.externaltools.gnu-tools-for-stm32.9-2020-q2-update.win32_2.0.0.202105311346/tools/bin/../lib/gcc/arm-none-eabi/9.3.1/../../../../arm-none-eabi/lib/thumb/v7-m/nofp\libc_nano.a(lib_a-strlen.o)
                0x0000000008000150                strlen
 .text          0x0000000008000160      0x378 f:/stm32cubeide_1.3.0/stm32cubeide/plugins/com.st.stm32cube.ide.mcu.externaltools.gnu-tools-for-stm32.9-2020-q2-update.win32_2.0.0.202105311346/tools/bin/../lib/gcc/arm-none-eabi/9.3.1/thumb/v7-m/nofp\libgcc.a(_arm_addsubdf3.o)
                0x0000000008000160                __aeabi_drsub
                0x0000000008000168                __aeabi_dsub
                0x0000000008000168                __subdf3
                0x000000000800016c                __aeabi_dadd
                0x000000000800016c                __adddf3
                0x00000000080003e4                __floatunsidf
                0x00000000080003e4                __aeabi_ui2d
                0x0000000008000404                __floatsidf
                0x0000000008000404                __aeabi_i2d
                0x0000000008000428                __aeabi_f2d
                0x0000000008000428                __extendsfdf2
                0x000000000800046c                __floatundidf
                0x000000000800046c                __aeabi_ul2d
                0x000000000800047c                __floatdidf
                0x000000000800047c                __aeabi_l2d
 .text          0x00000000080004d8      0x424 f:/stm32cubeide_1.3.0/stm32cubeide/plugins/com.st.stm32cube.ide.mcu.externaltools.gnu-tools-for-stm32.9-2020-q2-update.win32_2.0.0.202105311346/tools/bin/../lib/gcc/arm-none-eabi/9.3.1/thumb/v7-m/nofp\libgcc.a(_arm_muldivdf3.o)
                0x00000000080004d8                __aeabi_dmul
                0x00000000080004d8                __muldf3
                0x000000000800072c                __divdf3
                0x000000000800072c                __aeabi_ddiv
 .text          0x00000000080008fc      0x110 f:/stm32cubeide_1.3.0/stm32cubeide/plugins/com.st.stm32cube.ide.mcu.externaltools.gnu-tools-for-stm32.9-2020-q2-update.win32_2.0.0.202105311346/tools/bin/../lib/gcc/arm-none-eabi/9.3.1/thumb/v7-m/nofp\libgcc.a(_arm_cmpdf2.o)
                0x00000000080008fc                __gtdf2
                0x00000000080008fc                __gedf2
                0x0000000008000904                __ltdf2
                0x0000000008000904                __ledf2
                0x000000000800090c                __nedf2
                0x000000000800090c                __eqdf2
                0x000000000800090c                __cmpdf2
                0x0000000008000988                __aeabi_cdrcmple
                0x0000000008000998                __aeabi_cdcmpeq
                0x0000000008000998                __aeabi_cdcmple
                0x00000000080009a8                __aeabi_dcmpeq
                0x00000000080009bc                __aeabi_dcmplt
                0x00000000080009d0                __aeabi_dcmple
                0x00000000080009e4                __aeabi_dcmpge
                0x00000000080009f8                __aeabi_dcmpgt
 .text          0x0000000008000a0c       0x50 f:/stm32cubeide_1.3.0/stm32cubeide/plugins/com.st.stm32cube.ide.mcu.externaltools.gnu-tools-for-stm32.9-2020-q2-update.win32_2.0.0.202105311346/tools/bin/../lib/gcc/arm-none-eabi/9.3.1/thumb/v7-m/nofp\libgcc.a(_arm_fixdfsi.o)
                0x0000000008000a0c                __aeabi_d2iz
                0x0000000008000a0c                __fixdfsi
 .text          0x0000000008000a5c       0xa0 f:/stm32cubeide_1.3.0/stm32cubeide/plugins/com.st.stm32cube.ide.mcu.externaltools.gnu-tools-for-stm32.9-2020-q2-update.win32_2.0.0.202105311346/tools/bin/../lib/gcc/arm-none-eabi/9.3.1/thumb/v7-m/nofp\libgcc.a(_arm_truncdfsf2.o)
                0x0000000008000a5c                __truncdfsf2
                0x0000000008000a5c                __aeabi_d2f
 .text          0x0000000008000afc      0x21c f:/stm32cubeide_1.3.0/stm32cubeide/plugins/com.st.stm32cube.ide.mcu.externaltools.gnu-tools-for-stm32.9-2020-q2-update.win32_2.0.0.202105311346/tools/bin/../lib/gcc/arm-none-eabi/9.3.1/thumb/v7-m/nofp\libgcc.a(_arm_addsubsf3.o)
                0x0000000008000afc                __aeabi_frsub
                0x0000000008000b04                __subsf3
                0x0000000008000b04                __aeabi_fsub
                0x0000000008000b08                __aeabi_fadd
                0x0000000008000b08                __addsf3
                0x0000000008000c68                __aeabi_ui2f
                0x0000000008000c68                __floatunsisf
                0x0000000008000c70                __aeabi_i2f
                0x0000000008000c70                __floatsisf
                0x0000000008000c8c                __aeabi_ul2f
                0x0000000008000c8c                __floatundisf
                0x0000000008000c9c                __aeabi_l2f
                0x0000000008000c9c                __floatdisf
 .text          0x0000000008000d18      0x2a0 f:/stm32cubeide_1.3.0/stm32cubeide/plugins/com.st.stm32cube.ide.mcu.externaltools.gnu-tools-for-stm32.9-2020-q2-update.win32_2.0.0.202105311346/tools/bin/../lib/gcc/arm-none-eabi/9.3.1/thumb/v7-m/nofp\libgcc.a(_arm_muldivsf3.o)
                0x0000000008000d18                __mulsf3
                0x0000000008000d18                __aeabi_fmul
                0x0000000008000e80                __aeabi_fdiv
                0x0000000008000e80                __divsf3
 .text          0x0000000008000fb8       0xec f:/stm32cubeide_1.3.0/stm32cubeide/plugins/com.st.stm32cube.ide.mcu.externaltools.gnu-tools-for-stm32.9-2020-q2-update.win32_2.0.0.202105311346/tools/bin/../lib/gcc/arm-none-eabi/9.3.1/thumb/v7-m/nofp\libgcc.a(_arm_cmpsf2.o)
                0x0000000008000fb8                __gesf2
                0x0000000008000fb8                __gtsf2
                0x0000000008000fc0                __lesf2
                0x0000000008000fc0                __ltsf2
                0x0000000008000fc8                __nesf2
                0x0000000008000fc8                __eqsf2
                0x0000000008000fc8                __cmpsf2
                0x0000000008001028                __aeabi_cfrcmple
                0x0000000008001030                __aeabi_cfcmpeq
                0x0000000008001030                __aeabi_cfcmple
                0x0000000008001040                __aeabi_fcmpeq
                0x0000000008001054                __aeabi_fcmplt
                0x0000000008001068                __aeabi_fcmple
                0x000000000800107c                __aeabi_fcmpge
                0x0000000008001090                __aeabi_fcmpgt
 .text          0x00000000080010a4       0x4c f:/stm32cubeide_1.3.0/stm32cubeide/plugins/com.st.stm32cube.ide.mcu.externaltools.gnu-tools-for-stm32.9-2020-q2-update.win32_2.0.0.202105311346/tools/bin/../lib/gcc/arm-none-eabi/9.3.1/thumb/v7-m/nofp\libgcc.a(_arm_fixsfsi.o)
                0x00000000080010a4                __aeabi_f2iz
                0x00000000080010a4                __fixsfsi
 .text          0x00000000080010f0       0x40 f:/stm32cubeide_1.3.0/stm32cubeide/plugins/com.st.stm32cube.ide.mcu.externaltools.gnu-tools-for-stm32.9-2020-q2-update.win32_2.0.0.202105311346/tools/bin/../lib/gcc/arm-none-eabi/9.3.1/thumb/v7-m/nofp\libgcc.a(_arm_fixunssfsi.o)
                0x00000000080010f0                __fixunssfsi
                0x00000000080010f0                __aeabi_f2uiz
 *(.text*)
 .text.HAL_I2C_ListenCpltCallback
                0x0000000008001130       0x3c ./Core/Src/cppmain.o
                0x0000000008001130                HAL_I2C_ListenCpltCallback
 .text.HAL_I2C_AddrCallback
                0x000000000800116c       0x44 ./Core/Src/cppmain.o
                0x000000000800116c                HAL_I2C_AddrCallback
 .text.HAL_I2C_SlaveRxCpltCallback
                0x00000000080011b0       0x28 ./Core/Src/cppmain.o
                0x00000000080011b0                HAL_I2C_SlaveRxCpltCallback
 .text.HAL_I2C_SlaveTxCpltCallback
                0x00000000080011d8       0x24 ./Core/Src/cppmain.o
                0x00000000080011d8                HAL_I2C_SlaveTxCpltCallback
 .text.HAL_I2C_ErrorCallback
                0x00000000080011fc       0x1c ./Core/Src/cppmain.o
                0x00000000080011fc                HAL_I2C_ErrorCallback
 .text.HAL_I2C_AbortCpltCallback
                0x0000000008001218        0x4 ./Core/Src/cppmain.o
                0x0000000008001218                HAL_I2C_AbortCpltCallback
 .text.cppmain  0x000000000800121c       0xc8 ./Core/Src/cppmain.o
                0x000000000800121c                cppmain
 .text.EE_Format
                0x00000000080012e4       0x44 ./Core/Src/eeprom.o
                0x00000000080012e4                EE_Format
 .text.EE_Reads
                0x0000000008001328       0x2c ./Core/Src/eeprom.o
                0x0000000008001328                EE_Reads
 .text.EE_Writes
                0x0000000008001354       0x5c ./Core/Src/eeprom.o
                0x0000000008001354                EE_Writes
 .text.Error_Handler
                0x00000000080013b0       0x1c ./Core/Src/main.o
                0x00000000080013b0                Error_Handler
 .text.SystemClock_Config
                0x00000000080013cc       0x8c ./Core/Src/main.o
                0x00000000080013cc                SystemClock_Config
 .text.startup.main
                0x0000000008001458      0x3c0 ./Core/Src/main.o
                0x0000000008001458                main
 .text.HAL_MspInit
                0x0000000008001818       0x8c ./Core/Src/stm32f1xx_hal_msp.o
                0x0000000008001818                HAL_MspInit
 .text.HAL_ADC_MspInit
                0x00000000080018a4       0x9c ./Core/Src/stm32f1xx_hal_msp.o
                0x00000000080018a4                HAL_ADC_MspInit
 .text.HAL_I2C_MspInit
                0x0000000008001940       0x98 ./Core/Src/stm32f1xx_hal_msp.o
                0x0000000008001940                HAL_I2C_MspInit
 .text.HAL_TIM_Base_MspInit
                0x00000000080019d8       0xc4 ./Core/Src/stm32f1xx_hal_msp.o
                0x00000000080019d8                HAL_TIM_Base_MspInit
 .text.HAL_TIM_Encoder_MspInit
                0x0000000008001a9c       0x74 ./Core/Src/stm32f1xx_hal_msp.o
                0x0000000008001a9c                HAL_TIM_Encoder_MspInit
 .text.HAL_TIM_MspPostInit
                0x0000000008001b10       0xa4 ./Core/Src/stm32f1xx_hal_msp.o
                0x0000000008001b10                HAL_TIM_MspPostInit
 .text.HAL_PCD_MspInit
                0x0000000008001bb4       0x40 ./Core/Src/stm32f1xx_hal_msp.o
                0x0000000008001bb4                HAL_PCD_MspInit
 .text.NMI_Handler
                0x0000000008001bf4        0x4 ./Core/Src/stm32f1xx_it.o
                0x0000000008001bf4                NMI_Handler
 .text.HardFault_Handler
                0x0000000008001bf8        0x4 ./Core/Src/stm32f1xx_it.o
                0x0000000008001bf8                HardFault_Handler
 .text.MemManage_Handler
                0x0000000008001bfc        0x4 ./Core/Src/stm32f1xx_it.o
                0x0000000008001bfc                MemManage_Handler
 .text.BusFault_Handler
                0x0000000008001c00        0x4 ./Core/Src/stm32f1xx_it.o
                0x0000000008001c00                BusFault_Handler
 .text.UsageFault_Handler
                0x0000000008001c04        0x4 ./Core/Src/stm32f1xx_it.o
                0x0000000008001c04                UsageFault_Handler
 .text.SVC_Handler
                0x0000000008001c08        0x4 ./Core/Src/stm32f1xx_it.o
                0x0000000008001c08                SVC_Handler
 .text.DebugMon_Handler
                0x0000000008001c0c        0x4 ./Core/Src/stm32f1xx_it.o
                0x0000000008001c0c                DebugMon_Handler
 .text.PendSV_Handler
                0x0000000008001c10        0x4 ./Core/Src/stm32f1xx_it.o
                0x0000000008001c10                PendSV_Handler
 .text.SysTick_Handler
                0x0000000008001c14        0x4 ./Core/Src/stm32f1xx_it.o
                0x0000000008001c14                SysTick_Handler
 .text.DMA1_Channel1_IRQHandler
                0x0000000008001c18        0xc ./Core/Src/stm32f1xx_it.o
                0x0000000008001c18                DMA1_Channel1_IRQHandler
 .text.DMA1_Channel5_IRQHandler
                0x0000000008001c24        0xc ./Core/Src/stm32f1xx_it.o
                0x0000000008001c24                DMA1_Channel5_IRQHandler
 .text.TIM3_IRQHandler
                0x0000000008001c30        0xc ./Core/Src/stm32f1xx_it.o
                0x0000000008001c30                TIM3_IRQHandler
 .text.TIM4_IRQHandler
                0x0000000008001c3c        0xc ./Core/Src/stm32f1xx_it.o
                0x0000000008001c3c                TIM4_IRQHandler
 .text.I2C1_EV_IRQHandler
                0x0000000008001c48        0xc ./Core/Src/stm32f1xx_it.o
                0x0000000008001c48                I2C1_EV_IRQHandler
 .text.I2C1_ER_IRQHandler
                0x0000000008001c54        0xc ./Core/Src/stm32f1xx_it.o
                0x0000000008001c54                I2C1_ER_IRQHandler
 .text.USB_LP_CAN1_RX0_IRQHandler
                0x0000000008001c60        0xc ./Core/Src/stm32f1xx_it.o
                0x0000000008001c60                USB_LP_CAN1_RX0_IRQHandler
 .text._getpid  0x0000000008001c6c        0x4 ./Core/Src/syscalls.o
                0x0000000008001c6c                _getpid
 .text._kill    0x0000000008001c70       0x14 ./Core/Src/syscalls.o
                0x0000000008001c70                _kill
 .text._exit    0x0000000008001c84        0xc ./Core/Src/syscalls.o
                0x0000000008001c84                _exit
 .text._sbrk    0x0000000008001c90       0x3c ./Core/Src/sysmem.o
                0x0000000008001c90                _sbrk
 .text.SystemInit
                0x0000000008001ccc       0x50 ./Core/Src/system_stm32f1xx.o
                0x0000000008001ccc                SystemInit
 .text.Reset_Handler
                0x0000000008001d1c       0x48 ./Core/Startup/startup_stm32f103c8tx.o
                0x0000000008001d1c                Reset_Handler
 .text.Default_Handler
                0x0000000008001d64        0x2 ./Core/Startup/startup_stm32f103c8tx.o
                0x0000000008001d64                RTC_Alarm_IRQHandler
                0x0000000008001d64                EXTI2_IRQHandler
                0x0000000008001d64                TIM1_CC_IRQHandler
                0x0000000008001d64                PVD_IRQHandler
                0x0000000008001d64                EXTI3_IRQHandler
                0x0000000008001d64                EXTI0_IRQHandler
                0x0000000008001d64                I2C2_EV_IRQHandler
                0x0000000008001d64                ADC1_2_IRQHandler
                0x0000000008001d64                SPI1_IRQHandler
                0x0000000008001d64                TAMPER_IRQHandler
                0x0000000008001d64                DMA1_Channel4_IRQHandler
                0x0000000008001d64                USART3_IRQHandler
                0x0000000008001d64                RTC_IRQHandler
                0x0000000008001d64                DMA1_Channel7_IRQHandler
                0x0000000008001d64                CAN1_RX1_IRQHandler
                0x0000000008001d64                DMA1_Channel6_IRQHandler
                0x0000000008001d64                RCC_IRQHandler
                0x0000000008001d64                TIM1_TRG_COM_IRQHandler
                0x0000000008001d64                Default_Handler
                0x0000000008001d64                EXTI15_10_IRQHandler
                0x0000000008001d64                EXTI9_5_IRQHandler
                0x0000000008001d64                SPI2_IRQHandler
                0x0000000008001d64                EXTI4_IRQHandler
                0x0000000008001d64                USB_HP_CAN1_TX_IRQHandler
                0x0000000008001d64                DMA1_Channel3_IRQHandler
                0x0000000008001d64                TIM1_UP_IRQHandler
                0x0000000008001d64                WWDG_IRQHandler
                0x0000000008001d64                TIM2_IRQHandler
                0x0000000008001d64                TIM1_BRK_IRQHandler
                0x0000000008001d64                EXTI1_IRQHandler
                0x0000000008001d64                USART2_IRQHandler
                0x0000000008001d64                I2C2_ER_IRQHandler
                0x0000000008001d64                DMA1_Channel2_IRQHandler
                0x0000000008001d64                CAN1_SCE_IRQHandler
                0x0000000008001d64                FLASH_IRQHandler
                0x0000000008001d64                USART1_IRQHandler
                0x0000000008001d64                USBWakeUp_IRQHandler
 *fill*         0x0000000008001d66        0x2 
 .text.HAL_InitTick
                0x0000000008001d68       0x48 ./Drivers/STM32F1xx_HAL_Driver/Src/stm32f1xx_hal.o
                0x0000000008001d68                HAL_InitTick
 .text.HAL_Init
                0x0000000008001db0       0x24 ./Drivers/STM32F1xx_HAL_Driver/Src/stm32f1xx_hal.o
                0x0000000008001db0                HAL_Init
 .text.HAL_IncTick
                0x0000000008001dd4       0x18 ./Drivers/STM32F1xx_HAL_Driver/Src/stm32f1xx_hal.o
                0x0000000008001dd4                HAL_IncTick
 .text.HAL_GetTick
                0x0000000008001dec        0xc ./Drivers/STM32F1xx_HAL_Driver/Src/stm32f1xx_hal.o
                0x0000000008001dec                HAL_GetTick
 .text.HAL_Delay
                0x0000000008001df8       0x24 ./Drivers/STM32F1xx_HAL_Driver/Src/stm32f1xx_hal.o
                0x0000000008001df8                HAL_Delay
 .text.HAL_ADC_Init
                0x0000000008001e1c      0x160 ./Drivers/STM32F1xx_HAL_Driver/Src/stm32f1xx_hal_adc.o
                0x0000000008001e1c                HAL_ADC_Init
 .text.ADC_DMAConvCplt
                0x0000000008001f7c       0x50 ./Drivers/STM32F1xx_HAL_Driver/Src/stm32f1xx_hal_adc.o
                0x0000000008001f7c                ADC_DMAConvCplt
 .text.HAL_ADC_ConvHalfCpltCallback
                0x0000000008001fcc        0x4 ./Drivers/STM32F1xx_HAL_Driver/Src/stm32f1xx_hal_adc.o
                0x0000000008001fcc                HAL_ADC_ConvHalfCpltCallback
 .text.ADC_DMAHalfConvCplt
                0x0000000008001fd0        0xc ./Drivers/STM32F1xx_HAL_Driver/Src/stm32f1xx_hal_adc.o
                0x0000000008001fd0                ADC_DMAHalfConvCplt
 .text.HAL_ADC_ErrorCallback
                0x0000000008001fdc        0x4 ./Drivers/STM32F1xx_HAL_Driver/Src/stm32f1xx_hal_adc.o
                0x0000000008001fdc                HAL_ADC_ErrorCallback
 .text.ADC_DMAError
                0x0000000008001fe0       0x1c ./Drivers/STM32F1xx_HAL_Driver/Src/stm32f1xx_hal_adc.o
                0x0000000008001fe0                ADC_DMAError
 .text.HAL_ADC_ConfigChannel
                0x0000000008001ffc      0x118 ./Drivers/STM32F1xx_HAL_Driver/Src/stm32f1xx_hal_adc.o
                0x0000000008001ffc                HAL_ADC_ConfigChannel
 .text.ADC_Enable
                0x0000000008002114       0x7c ./Drivers/STM32F1xx_HAL_Driver/Src/stm32f1xx_hal_adc.o
                0x0000000008002114                ADC_Enable
 .text.HAL_ADC_Start_DMA
                0x0000000008002190      0x11c ./Drivers/STM32F1xx_HAL_Driver/Src/stm32f1xx_hal_adc.o
                0x0000000008002190                HAL_ADC_Start_DMA
 .text.HAL_NVIC_SetPriorityGrouping
                0x00000000080022ac       0x24 ./Drivers/STM32F1xx_HAL_Driver/Src/stm32f1xx_hal_cortex.o
                0x00000000080022ac                HAL_NVIC_SetPriorityGrouping
 .text.HAL_NVIC_SetPriority
                0x00000000080022d0       0x70 ./Drivers/STM32F1xx_HAL_Driver/Src/stm32f1xx_hal_cortex.o
                0x00000000080022d0                HAL_NVIC_SetPriority
 .text.HAL_NVIC_EnableIRQ
                0x0000000008002340       0x1c ./Drivers/STM32F1xx_HAL_Driver/Src/stm32f1xx_hal_cortex.o
                0x0000000008002340                HAL_NVIC_EnableIRQ
 .text.HAL_SYSTICK_Config
                0x000000000800235c       0x30 ./Drivers/STM32F1xx_HAL_Driver/Src/stm32f1xx_hal_cortex.o
                0x000000000800235c                HAL_SYSTICK_Config
 .text.HAL_DMA_Init
                0x000000000800238c       0x64 ./Drivers/STM32F1xx_HAL_Driver/Src/stm32f1xx_hal_dma.o
                0x000000000800238c                HAL_DMA_Init
 .text.HAL_DMA_Start_IT
                0x00000000080023f0       0x84 ./Drivers/STM32F1xx_HAL_Driver/Src/stm32f1xx_hal_dma.o
                0x00000000080023f0                HAL_DMA_Start_IT
 .text.HAL_DMA_Abort_IT
                0x0000000008002474       0x94 ./Drivers/STM32F1xx_HAL_Driver/Src/stm32f1xx_hal_dma.o
                0x0000000008002474                HAL_DMA_Abort_IT
 .text.HAL_DMA_IRQHandler
                0x0000000008002508      0x128 ./Drivers/STM32F1xx_HAL_Driver/Src/stm32f1xx_hal_dma.o
                0x0000000008002508                HAL_DMA_IRQHandler
 .text.HAL_DMA_GetState
                0x0000000008002630        0x8 ./Drivers/STM32F1xx_HAL_Driver/Src/stm32f1xx_hal_dma.o
                0x0000000008002630                HAL_DMA_GetState
 .text.HAL_FLASH_Program
                0x0000000008002638      0x1bc ./Drivers/STM32F1xx_HAL_Driver/Src/stm32f1xx_hal_flash.o
                0x0000000008002638                HAL_FLASH_Program
 .text.HAL_FLASH_Unlock
                0x00000000080027f4       0x28 ./Drivers/STM32F1xx_HAL_Driver/Src/stm32f1xx_hal_flash.o
                0x00000000080027f4                HAL_FLASH_Unlock
 .text.HAL_FLASH_Lock
                0x000000000800281c       0x14 ./Drivers/STM32F1xx_HAL_Driver/Src/stm32f1xx_hal_flash.o
                0x000000000800281c                HAL_FLASH_Lock
 .text.FLASH_WaitForLastOperation
                0x0000000008002830       0xac ./Drivers/STM32F1xx_HAL_Driver/Src/stm32f1xx_hal_flash.o
                0x0000000008002830                FLASH_WaitForLastOperation
 .text.HAL_FLASHEx_Erase
                0x00000000080028dc       0xc4 ./Drivers/STM32F1xx_HAL_Driver/Src/stm32f1xx_hal_flash_ex.o
                0x00000000080028dc                HAL_FLASHEx_Erase
 .text.HAL_GPIO_Init
                0x00000000080029a0      0x218 ./Drivers/STM32F1xx_HAL_Driver/Src/stm32f1xx_hal_gpio.o
                0x00000000080029a0                HAL_GPIO_Init
 .text.HAL_GPIO_WritePin
                0x0000000008002bb8        0x8 ./Drivers/STM32F1xx_HAL_Driver/Src/stm32f1xx_hal_gpio.o
                0x0000000008002bb8                HAL_GPIO_WritePin
 .text.HAL_GPIO_TogglePin
                0x0000000008002bc0        0xc ./Drivers/STM32F1xx_HAL_Driver/Src/stm32f1xx_hal_gpio.o
                0x0000000008002bc0                HAL_GPIO_TogglePin
 .text.HAL_I2C_Init
                0x0000000008002bcc      0x178 ./Drivers/STM32F1xx_HAL_Driver/Src/stm32f1xx_hal_i2c.o
                0x0000000008002bcc                HAL_I2C_Init
 .text.HAL_I2C_Slave_Seq_Transmit_IT
                0x0000000008002d44       0x84 ./Drivers/STM32F1xx_HAL_Driver/Src/stm32f1xx_hal_i2c.o
                0x0000000008002d44                HAL_I2C_Slave_Seq_Transmit_IT
 .text.HAL_I2C_Slave_Seq_Receive_IT
                0x0000000008002dc8       0x84 ./Drivers/STM32F1xx_HAL_Driver/Src/stm32f1xx_hal_i2c.o
                0x0000000008002dc8                HAL_I2C_Slave_Seq_Receive_IT
 .text.HAL_I2C_EnableListen_IT
                0x0000000008002e4c       0x38 ./Drivers/STM32F1xx_HAL_Driver/Src/stm32f1xx_hal_i2c.o
                0x0000000008002e4c                HAL_I2C_EnableListen_IT
 .text.HAL_I2C_MasterTxCpltCallback
                0x0000000008002e84        0x4 ./Drivers/STM32F1xx_HAL_Driver/Src/stm32f1xx_hal_i2c.o
                0x0000000008002e84                HAL_I2C_MasterTxCpltCallback
 .text.HAL_I2C_MasterRxCpltCallback
                0x0000000008002e88        0x4 ./Drivers/STM32F1xx_HAL_Driver/Src/stm32f1xx_hal_i2c.o
                0x0000000008002e88                HAL_I2C_MasterRxCpltCallback
 .text.HAL_I2C_MemTxCpltCallback
                0x0000000008002e8c        0x4 ./Drivers/STM32F1xx_HAL_Driver/Src/stm32f1xx_hal_i2c.o
                0x0000000008002e8c                HAL_I2C_MemTxCpltCallback
 .text.HAL_I2C_MemRxCpltCallback
                0x0000000008002e90        0x4 ./Drivers/STM32F1xx_HAL_Driver/Src/stm32f1xx_hal_i2c.o
                0x0000000008002e90                HAL_I2C_MemRxCpltCallback
 .text.I2C_DMAAbort
                0x0000000008002e94       0x78 ./Drivers/STM32F1xx_HAL_Driver/Src/stm32f1xx_hal_i2c.o
 .text.I2C_ITError
                0x0000000008002f0c      0x15c ./Drivers/STM32F1xx_HAL_Driver/Src/stm32f1xx_hal_i2c.o
 .text.HAL_I2C_EV_IRQHandler
                0x0000000008003068      0x954 ./Drivers/STM32F1xx_HAL_Driver/Src/stm32f1xx_hal_i2c.o
                0x0000000008003068                HAL_I2C_EV_IRQHandler
 .text.HAL_I2C_ER_IRQHandler
                0x00000000080039bc      0x174 ./Drivers/STM32F1xx_HAL_Driver/Src/stm32f1xx_hal_i2c.o
                0x00000000080039bc                HAL_I2C_ER_IRQHandler
 .text.HAL_I2C_GetError
                0x0000000008003b30        0x4 ./Drivers/STM32F1xx_HAL_Driver/Src/stm32f1xx_hal_i2c.o
                0x0000000008003b30                HAL_I2C_GetError
 .text.HAL_PCD_Init
                0x0000000008003b34      0x100 ./Drivers/STM32F1xx_HAL_Driver/Src/stm32f1xx_hal_pcd.o
                0x0000000008003b34                HAL_PCD_Init
 .text.HAL_PCD_Start
                0x0000000008003c34       0x30 ./Drivers/STM32F1xx_HAL_Driver/Src/stm32f1xx_hal_pcd.o
                0x0000000008003c34                HAL_PCD_Start
 .text.HAL_PCD_IRQHandler
                0x0000000008003c64      0x4e4 ./Drivers/STM32F1xx_HAL_Driver/Src/stm32f1xx_hal_pcd.o
                0x0000000008003c64                HAL_PCD_IRQHandler
 .text.HAL_PCD_SetAddress
                0x0000000008004148       0x28 ./Drivers/STM32F1xx_HAL_Driver/Src/stm32f1xx_hal_pcd.o
                0x0000000008004148                HAL_PCD_SetAddress
 .text.HAL_PCD_EP_Open
                0x0000000008004170       0x68 ./Drivers/STM32F1xx_HAL_Driver/Src/stm32f1xx_hal_pcd.o
                0x0000000008004170                HAL_PCD_EP_Open
 .text.HAL_PCD_EP_Close
                0x00000000080041d8       0x5c ./Drivers/STM32F1xx_HAL_Driver/Src/stm32f1xx_hal_pcd.o
                0x00000000080041d8                HAL_PCD_EP_Close
 .text.HAL_PCD_EP_Receive
                0x0000000008004234       0x30 ./Drivers/STM32F1xx_HAL_Driver/Src/stm32f1xx_hal_pcd.o
                0x0000000008004234                HAL_PCD_EP_Receive
 .text.HAL_PCD_EP_GetRxCount
                0x0000000008004264       0x10 ./Drivers/STM32F1xx_HAL_Driver/Src/stm32f1xx_hal_pcd.o
                0x0000000008004264                HAL_PCD_EP_GetRxCount
 .text.HAL_PCD_EP_Transmit
                0x0000000008004274       0x2c ./Drivers/STM32F1xx_HAL_Driver/Src/stm32f1xx_hal_pcd.o
                0x0000000008004274                HAL_PCD_EP_Transmit
 .text.HAL_PCD_EP_SetStall
                0x00000000080042a0       0x78 ./Drivers/STM32F1xx_HAL_Driver/Src/stm32f1xx_hal_pcd.o
                0x00000000080042a0                HAL_PCD_EP_SetStall
 .text.HAL_PCD_EP_ClrStall
                0x0000000008004318       0x74 ./Drivers/STM32F1xx_HAL_Driver/Src/stm32f1xx_hal_pcd.o
                0x0000000008004318                HAL_PCD_EP_ClrStall
 .text.HAL_PCDEx_PMAConfig
                0x000000000800438c       0x30 ./Drivers/STM32F1xx_HAL_Driver/Src/stm32f1xx_hal_pcd_ex.o
                0x000000000800438c                HAL_PCDEx_PMAConfig
 .text.HAL_RCC_OscConfig
                0x00000000080043bc      0x400 ./Drivers/STM32F1xx_HAL_Driver/Src/stm32f1xx_hal_rcc.o
                0x00000000080043bc                HAL_RCC_OscConfig
 .text.HAL_RCC_ClockConfig
                0x00000000080047bc      0x19c ./Drivers/STM32F1xx_HAL_Driver/Src/stm32f1xx_hal_rcc.o
                0x00000000080047bc                HAL_RCC_ClockConfig
 .text.HAL_RCC_GetPCLK1Freq
                0x0000000008004958       0x20 ./Drivers/STM32F1xx_HAL_Driver/Src/stm32f1xx_hal_rcc.o
                0x0000000008004958                HAL_RCC_GetPCLK1Freq
 .text.HAL_RCCEx_PeriphCLKConfig
                0x0000000008004978      0x100 ./Drivers/STM32F1xx_HAL_Driver/Src/stm32f1xx_hal_rcc_ex.o
                0x0000000008004978                HAL_RCCEx_PeriphCLKConfig
 .text.HAL_TIM_Base_Init
                0x0000000008004a78       0xa4 ./Drivers/STM32F1xx_HAL_Driver/Src/stm32f1xx_hal_tim.o
                0x0000000008004a78                HAL_TIM_Base_Init
 .text.HAL_TIM_Base_Start_IT
                0x0000000008004b1c       0x20 ./Drivers/STM32F1xx_HAL_Driver/Src/stm32f1xx_hal_tim.o
                0x0000000008004b1c                HAL_TIM_Base_Start_IT
 .text.HAL_TIM_PWM_MspInit
                0x0000000008004b3c        0x4 ./Drivers/STM32F1xx_HAL_Driver/Src/stm32f1xx_hal_tim.o
                0x0000000008004b3c                HAL_TIM_PWM_MspInit
 .text.HAL_TIM_PWM_Init
                0x0000000008004b40       0xa4 ./Drivers/STM32F1xx_HAL_Driver/Src/stm32f1xx_hal_tim.o
                0x0000000008004b40                HAL_TIM_PWM_Init
 .text.HAL_TIM_PWM_Start
                0x0000000008004be4       0x44 ./Drivers/STM32F1xx_HAL_Driver/Src/stm32f1xx_hal_tim.o
                0x0000000008004be4                HAL_TIM_PWM_Start
 .text.HAL_TIM_PWM_Stop
                0x0000000008004c28       0x6c ./Drivers/STM32F1xx_HAL_Driver/Src/stm32f1xx_hal_tim.o
                0x0000000008004c28                HAL_TIM_PWM_Stop
 .text.HAL_TIM_PWM_Start_DMA
                0x0000000008004c94      0x12c ./Drivers/STM32F1xx_HAL_Driver/Src/stm32f1xx_hal_tim.o
                0x0000000008004c94                HAL_TIM_PWM_Start_DMA
 .text.HAL_TIM_Encoder_Init
                0x0000000008004dc0      0x110 ./Drivers/STM32F1xx_HAL_Driver/Src/stm32f1xx_hal_tim.o
                0x0000000008004dc0                HAL_TIM_Encoder_Init
 .text.HAL_TIM_PWM_ConfigChannel
                0x0000000008004ed0      0x1fc ./Drivers/STM32F1xx_HAL_Driver/Src/stm32f1xx_hal_tim.o
                0x0000000008004ed0                HAL_TIM_PWM_ConfigChannel
 .text.HAL_TIM_ConfigClockSource
                0x00000000080050cc      0x148 ./Drivers/STM32F1xx_HAL_Driver/Src/stm32f1xx_hal_tim.o
                0x00000000080050cc                HAL_TIM_ConfigClockSource
 .text.HAL_TIM_OC_DelayElapsedCallback
                0x0000000008005214        0x4 ./Drivers/STM32F1xx_HAL_Driver/Src/stm32f1xx_hal_tim.o
                0x0000000008005214                HAL_TIM_OC_DelayElapsedCallback
 .text.HAL_TIM_IC_CaptureCallback
                0x0000000008005218        0x4 ./Drivers/STM32F1xx_HAL_Driver/Src/stm32f1xx_hal_tim.o
                0x0000000008005218                HAL_TIM_IC_CaptureCallback
 .text.HAL_TIM_PWM_PulseFinishedCallback
                0x000000000800521c        0x4 ./Drivers/STM32F1xx_HAL_Driver/Src/stm32f1xx_hal_tim.o
                0x000000000800521c                HAL_TIM_PWM_PulseFinishedCallback
 .text.TIM_DMADelayPulseCplt
                0x0000000008005220       0x60 ./Drivers/STM32F1xx_HAL_Driver/Src/stm32f1xx_hal_tim.o
                0x0000000008005220                TIM_DMADelayPulseCplt
 .text.HAL_TIM_PWM_PulseFinishedHalfCpltCallback
                0x0000000008005280        0x4 ./Drivers/STM32F1xx_HAL_Driver/Src/stm32f1xx_hal_tim.o
                0x0000000008005280                HAL_TIM_PWM_PulseFinishedHalfCpltCallback
 .text.TIM_DMADelayPulseHalfCplt
                0x0000000008005284       0x60 ./Drivers/STM32F1xx_HAL_Driver/Src/stm32f1xx_hal_tim.o
                0x0000000008005284                TIM_DMADelayPulseHalfCplt
 .text.HAL_TIM_TriggerCallback
                0x00000000080052e4        0x4 ./Drivers/STM32F1xx_HAL_Driver/Src/stm32f1xx_hal_tim.o
                0x00000000080052e4                HAL_TIM_TriggerCallback
 .text.HAL_TIM_IRQHandler
                0x00000000080052e8      0x154 ./Drivers/STM32F1xx_HAL_Driver/Src/stm32f1xx_hal_tim.o
                0x00000000080052e8                HAL_TIM_IRQHandler
 .text.HAL_TIM_ErrorCallback
                0x000000000800543c        0x4 ./Drivers/STM32F1xx_HAL_Driver/Src/stm32f1xx_hal_tim.o
                0x000000000800543c                HAL_TIM_ErrorCallback
 .text.TIM_DMAError
                0x0000000008005440       0x10 ./Drivers/STM32F1xx_HAL_Driver/Src/stm32f1xx_hal_tim.o
                0x0000000008005440                TIM_DMAError
 .text.HAL_TIMEx_MasterConfigSynchronization
                0x0000000008005450       0x44 ./Drivers/STM32F1xx_HAL_Driver/Src/stm32f1xx_hal_tim_ex.o
                0x0000000008005450                HAL_TIMEx_MasterConfigSynchronization
 .text.HAL_TIMEx_ConfigBreakDeadTime
                0x0000000008005494       0x54 ./Drivers/STM32F1xx_HAL_Driver/Src/stm32f1xx_hal_tim_ex.o
                0x0000000008005494                HAL_TIMEx_ConfigBreakDeadTime
 .text.HAL_TIMEx_CommutCallback
                0x00000000080054e8        0x4 ./Drivers/STM32F1xx_HAL_Driver/Src/stm32f1xx_hal_tim_ex.o
                0x00000000080054e8                HAL_TIMEx_CommutCallback
 .text.HAL_TIMEx_BreakCallback
                0x00000000080054ec        0x4 ./Drivers/STM32F1xx_HAL_Driver/Src/stm32f1xx_hal_tim_ex.o
                0x00000000080054ec                HAL_TIMEx_BreakCallback
 .text.USB_CoreInit
                0x00000000080054f0       0x10 ./Drivers/STM32F1xx_HAL_Driver/Src/stm32f1xx_ll_usb.o
                0x00000000080054f0                USB_CoreInit
 .text.USB_EnableGlobalInt
                0x0000000008005500       0x14 ./Drivers/STM32F1xx_HAL_Driver/Src/stm32f1xx_ll_usb.o
                0x0000000008005500                USB_EnableGlobalInt
 .text.USB_DisableGlobalInt
                0x0000000008005514       0x14 ./Drivers/STM32F1xx_HAL_Driver/Src/stm32f1xx_ll_usb.o
                0x0000000008005514                USB_DisableGlobalInt
 .text.USB_SetCurrentMode
                0x0000000008005528        0x4 ./Drivers/STM32F1xx_HAL_Driver/Src/stm32f1xx_ll_usb.o
                0x0000000008005528                USB_SetCurrentMode
 .text.USB_DevInit
                0x000000000800552c       0x34 ./Drivers/STM32F1xx_HAL_Driver/Src/stm32f1xx_ll_usb.o
                0x000000000800552c                USB_DevInit
 .text.USB_ActivateEndpoint
                0x0000000008005560      0x340 ./Drivers/STM32F1xx_HAL_Driver/Src/stm32f1xx_ll_usb.o
                0x0000000008005560                USB_ActivateEndpoint
 .text.USB_DeactivateEndpoint
                0x00000000080058a0      0x1ec ./Drivers/STM32F1xx_HAL_Driver/Src/stm32f1xx_ll_usb.o
                0x00000000080058a0                USB_DeactivateEndpoint
 .text.USB_EPStartXfer
                0x0000000008005a8c      0x2b0 ./Drivers/STM32F1xx_HAL_Driver/Src/stm32f1xx_ll_usb.o
                0x0000000008005a8c                USB_EPStartXfer
 .text.USB_EPSetStall
                0x0000000008005d3c       0x50 ./Drivers/STM32F1xx_HAL_Driver/Src/stm32f1xx_ll_usb.o
                0x0000000008005d3c                USB_EPSetStall
 .text.USB_EPClearStall
                0x0000000008005d8c       0xb0 ./Drivers/STM32F1xx_HAL_Driver/Src/stm32f1xx_ll_usb.o
                0x0000000008005d8c                USB_EPClearStall
 .text.USB_SetDevAddress
                0x0000000008005e3c        0xc ./Drivers/STM32F1xx_HAL_Driver/Src/stm32f1xx_ll_usb.o
                0x0000000008005e3c                USB_SetDevAddress
 .text.USB_DevConnect
                0x0000000008005e48        0x4 ./Drivers/STM32F1xx_HAL_Driver/Src/stm32f1xx_ll_usb.o
                0x0000000008005e48                USB_DevConnect
 .text.USB_DevDisconnect
                0x0000000008005e4c        0x4 ./Drivers/STM32F1xx_HAL_Driver/Src/stm32f1xx_ll_usb.o
                0x0000000008005e4c                USB_DevDisconnect
 .text.USB_ReadInterrupts
                0x0000000008005e50        0x8 ./Drivers/STM32F1xx_HAL_Driver/Src/stm32f1xx_ll_usb.o
                0x0000000008005e50                USB_ReadInterrupts
 .text.USB_EP0_OutStart
                0x0000000008005e58        0x4 ./Drivers/STM32F1xx_HAL_Driver/Src/stm32f1xx_ll_usb.o
                0x0000000008005e58                USB_EP0_OutStart
 .text.USB_ReadPMA
                0x0000000008005e5c       0x48 ./Drivers/STM32F1xx_HAL_Driver/Src/stm32f1xx_ll_usb.o
                0x0000000008005e5c                USB_ReadPMA
 .text._ZN10AdcHandler6adcUpdEPVm
                0x0000000008005ea4        0x4 ./MyLibs/Src/AdcHandler.o
                0x0000000008005ea4                AdcHandler::adcUpd(unsigned long volatile*)
 .text._ZN10AdcHandlerD2Ev
                0x0000000008005ea8       0x50 ./MyLibs/Src/AdcHandler.o
                0x0000000008005ea8                AdcHandler::~AdcHandler()
                0x0000000008005ea8                AdcHandler::~AdcHandler()
 .text._ZN10AdcHandlerD0Ev
                0x0000000008005ef8       0x58 ./MyLibs/Src/AdcHandler.o
                0x0000000008005ef8                AdcHandler::~AdcHandler()
 .text._ZN10AdcHandlerC2Ev
                0x0000000008005f50       0xac ./MyLibs/Src/AdcHandler.o
                0x0000000008005f50                AdcHandler::AdcHandler()
                0x0000000008005f50                AdcHandler::AdcHandler()
 .text._ZN9CmdParserD2Ev
                0x0000000008005ffc       0x2c ./MyLibs/Src/CmdParser.o
                0x0000000008005ffc                CmdParser::~CmdParser()
                0x0000000008005ffc                CmdParser::~CmdParser()
 .text._ZN9CmdParserD0Ev
                0x0000000008006028       0x34 ./MyLibs/Src/CmdParser.o
                0x0000000008006028                CmdParser::~CmdParser()
 .text._ZN9CmdParserC2Ev
                0x000000000800605c       0x50 ./MyLibs/Src/CmdParser.o
                0x000000000800605c                CmdParser::CmdParser()
                0x000000000800605c                CmdParser::CmdParser()
 .text._ZN9CmdParser3addEPcPm
                0x00000000080060ac       0xbc ./MyLibs/Src/CmdParser.o
                0x00000000080060ac                CmdParser::add(char*, unsigned long*)
 .text._ZNSt6vectorI13ParsedCommandSaIS0_EE17_M_realloc_insertIJRKS0_EEEvN9__gnu_cxx17__normal_iteratorIPS0_S2_EEDpOT_
                0x0000000008006168      0x238 ./MyLibs/Src/CmdParser.o
                0x0000000008006168                void std::vector<ParsedCommand, std::allocator<ParsedCommand> >::_M_realloc_insert<ParsedCommand const&>(__gnu_cxx::__normal_iterator<ParsedCommand*, std::vector<ParsedCommand, std::allocator<ParsedCommand> > >, ParsedCommand const&)
 .text._ZNSt6vectorINSt7__cxx1112basic_stringIcSt11char_traitsIcESaIcEEESaIS5_EE17_M_realloc_insertIJRKS5_EEEvN9__gnu_cxx17__normal_iteratorIPS5_S7_EEDpOT_
                0x00000000080063a0      0x23c ./MyLibs/Src/CmdParser.o
                0x00000000080063a0                void std::vector<std::__cxx11::basic_string<char, std::char_traits<char>, std::allocator<char> >, std::allocator<std::__cxx11::basic_string<char, std::char_traits<char>, std::allocator<char> > > >::_M_realloc_insert<std::__cxx11::basic_string<char, std::char_traits<char>, std::allocator<char> > const&>(__gnu_cxx::__normal_iterator<std::__cxx11::basic_string<char, std::char_traits<char>, std::allocator<char> >*, std::vector<std::__cxx11::basic_string<char, std::char_traits<char>, std::allocator<char> >, std::allocator<std::__cxx11::basic_string<char, std::char_traits<char>, std::allocator<char> > > > >, std::__cxx11::basic_string<char, std::char_traits<char>, std::allocator<char> > const&)
 .text._ZN9CmdParser5parseEv
                0x00000000080065dc      0xe44 ./MyLibs/Src/CmdParser.o
                0x00000000080065dc                CmdParser::parse()
 .text._ZN14CommandHandler11hasCommandsEv
                0x0000000008007420        0x4 ./MyLibs/Src/CommandHandler.o
                0x0000000008007420                CommandHandler::hasCommands()
 .text._ZN14CommandHandler18setCommandsEnabledEb
                0x0000000008007424        0x4 ./MyLibs/Src/CommandHandler.o
                0x0000000008007424                CommandHandler::setCommandsEnabled(bool)
 .text._ZN14CommandHandler7commandEP13ParsedCommandPNSt7__cxx1112basic_stringIcSt11char_traitsIcESaIcEEE
                0x0000000008007428        0x4 ./MyLibs/Src/CommandHandler.o
                0x0000000008007428                CommandHandler::command(ParsedCommand*, std::__cxx11::basic_string<char, std::char_traits<char>, std::allocator<char> >*)
 .text._ZN14CommandHandler20removeCommandHandlerEv
                0x000000000800742c       0x44 ./MyLibs/Src/CommandHandler.o
                0x000000000800742c                CommandHandler::removeCommandHandler()
 .text._ZN14CommandHandlerD2Ev
                0x0000000008007470       0x50 ./MyLibs/Src/CommandHandler.o
                0x0000000008007470                CommandHandler::~CommandHandler()
                0x0000000008007470                CommandHandler::~CommandHandler()
 .text._ZN14CommandHandlerD0Ev
                0x00000000080074c0       0x58 ./MyLibs/Src/CommandHandler.o
                0x00000000080074c0                CommandHandler::~CommandHandler()
 .text._ZNSt6vectorIP14CommandHandlerSaIS1_EE17_M_realloc_insertIJS1_EEEvN9__gnu_cxx17__normal_iteratorIPS1_S3_EEDpOT_
                0x0000000008007518       0xd4 ./MyLibs/Src/CommandHandler.o
                0x0000000008007518                void std::vector<CommandHandler*, std::allocator<CommandHandler*> >::_M_realloc_insert<CommandHandler*>(__gnu_cxx::__normal_iterator<CommandHandler**, std::vector<CommandHandler*, std::allocator<CommandHandler*> > >, CommandHandler*&&)
 .text._ZN14CommandHandler17addCommandHandlerEv
                0x00000000080075ec       0x4c ./MyLibs/Src/CommandHandler.o
                0x00000000080075ec                CommandHandler::addCommandHandler()
 .text._ZN14CommandHandlerC2Ev
                0x0000000008007638       0x60 ./MyLibs/Src/CommandHandler.o
                0x0000000008007638                CommandHandler::CommandHandler()
                0x0000000008007638                CommandHandler::CommandHandler()
 .text._ZN12EncoderLocal4extiEt
                0x0000000008007698        0x4 ./MyLibs/Src/EncoderLocal.o
                0x0000000008007698                EncoderLocal::exti(unsigned short)
 .text._ZN12EncoderLocalD2Ev
                0x000000000800769c       0x2c ./MyLibs/Src/EncoderLocal.o
                0x000000000800769c                EncoderLocal::~EncoderLocal()
                0x000000000800769c                EncoderLocal::~EncoderLocal()
 .text._ZN12EncoderLocal12timerElapsedEP17TIM_HandleTypeDef
                0x00000000080076c8       0x38 ./MyLibs/Src/EncoderLocal.o
                0x00000000080076c8                EncoderLocal::timerElapsed(TIM_HandleTypeDef*)
 .text._ZThn4_N12EncoderLocal12timerElapsedEP17TIM_HandleTypeDef
                0x0000000008007700       0x38 ./MyLibs/Src/EncoderLocal.o
                0x0000000008007700                non-virtual thunk to EncoderLocal::timerElapsed(TIM_HandleTypeDef*)
 .text._ZThn4_N12EncoderLocalD0Ev
                0x0000000008007738       0x34 ./MyLibs/Src/EncoderLocal.o
                0x0000000008007738                non-virtual thunk to EncoderLocal::~EncoderLocal()
 .text._ZN12EncoderLocalD0Ev
                0x000000000800776c       0x34 ./MyLibs/Src/EncoderLocal.o
                0x000000000800776c                EncoderLocal::~EncoderLocal()
 .text._ZThn4_N12EncoderLocalD1Ev
                0x00000000080077a0       0x2c ./MyLibs/Src/EncoderLocal.o
                0x00000000080077a0                non-virtual thunk to EncoderLocal::~EncoderLocal()
 .text._ZN12EncoderLocalC2Ev
                0x00000000080077cc       0x4c ./MyLibs/Src/EncoderLocal.o
                0x00000000080077cc                EncoderLocal::EncoderLocal()
                0x00000000080077cc                EncoderLocal::EncoderLocal()
 .text._ZN12EncoderLocal6getPosEv
                0x0000000008007818       0x14 ./MyLibs/Src/EncoderLocal.o
                0x0000000008007818                EncoderLocal::getPos()
 .text._ZN12EncoderLocal6setPosEl
                0x000000000800782c       0x10 ./MyLibs/Src/EncoderLocal.o
                0x000000000800782c                EncoderLocal::setPos(long)
 .text._ZN12EncoderLocal6getPprEv
                0x000000000800783c        0x4 ./MyLibs/Src/EncoderLocal.o
                0x000000000800783c                EncoderLocal::getPpr()
 .text._ZN12EncoderLocal9getPosCprEv
                0x0000000008007840        0x4 ./MyLibs/Src/EncoderLocal.o
                0x0000000008007840                EncoderLocal::getPosCpr()
 .text._ZN12EncoderLocal6setPprEm
                0x0000000008007844        0x4 ./MyLibs/Src/EncoderLocal.o
                0x0000000008007844                EncoderLocal::setPpr(unsigned long)
 .text._ZN11ExtiHandler4extiEt
                0x0000000008007848        0x4 ./MyLibs/Src/ExtiHandler.o
                0x0000000008007848                ExtiHandler::exti(unsigned short)
 .text._ZN11ExtiHandlerD2Ev
                0x000000000800784c       0x50 ./MyLibs/Src/ExtiHandler.o
                0x000000000800784c                ExtiHandler::~ExtiHandler()
                0x000000000800784c                ExtiHandler::~ExtiHandler()
 .text._ZN11ExtiHandlerD0Ev
                0x000000000800789c       0x58 ./MyLibs/Src/ExtiHandler.o
                0x000000000800789c                ExtiHandler::~ExtiHandler()
 .text._ZN11ExtiHandlerC2Ev
                0x00000000080078f4       0xac ./MyLibs/Src/ExtiHandler.o
                0x00000000080078f4                ExtiHandler::ExtiHandler()
                0x00000000080078f4                ExtiHandler::ExtiHandler()
 .text._ZN8FFBWheel6adcUpdEPVm
                0x00000000080079a0       0x58 ./MyLibs/Src/FFBWheel.o
                0x00000000080079a0                FFBWheel::adcUpd(unsigned long volatile*)
 .text._ZN8FFBWheel12timerElapsedEP17TIM_HandleTypeDef
                0x00000000080079f8       0x10 ./MyLibs/Src/FFBWheel.o
                0x00000000080079f8                FFBWheel::timerElapsed(TIM_HandleTypeDef*)
 .text._ZThn4_N8FFBWheel12timerElapsedEP17TIM_HandleTypeDef
                0x0000000008007a08       0x10 ./MyLibs/Src/FFBWheel.o
                0x0000000008007a08                non-virtual thunk to FFBWheel::timerElapsed(TIM_HandleTypeDef*)
 .text._ZN8FFBWheel12restoreFlashEv
                0x0000000008007a18       0xd8 ./MyLibs/Src/FFBWheel.o
                0x0000000008007a18                FFBWheel::restoreFlash()
 .text._ZN8FFBWheelC2Ev
                0x0000000008007af0      0x190 ./MyLibs/Src/FFBWheel.o
                0x0000000008007af0                FFBWheel::FFBWheel()
                0x0000000008007af0                FFBWheel::FFBWheel()
 .text._ZN8FFBWheel9saveFlashEv
                0x0000000008007c80      0x108 ./MyLibs/Src/FFBWheel.o
                0x0000000008007c80                FFBWheel::saveFlash()
 .text._ZN8FFBWheel11getEncValueEP12EncoderLocalt
                0x0000000008007d88       0xa4 ./MyLibs/Src/FFBWheel.o
                0x0000000008007d88                FFBWheel::getEncValue(EncoderLocal*, unsigned short)
 .text._ZN8FFBWheel11send_reportEv
                0x0000000008007e2c      0x15c ./MyLibs/Src/FFBWheel.o
                0x0000000008007e2c                FFBWheel::send_report()
 .text._ZN8FFBWheel6updateEv
                0x0000000008007f88      0x1f0 ./MyLibs/Src/FFBWheel.o
                0x0000000008007f88                FFBWheel::update()
 .text._ZN8FFBWheel6cdcRcvEPcPm
                0x0000000008008178       0x64 ./MyLibs/Src/FFBWheel.o
                0x0000000008008178                FFBWheel::cdcRcv(char*, unsigned long*)
 .text._ZN8FFBWheel7usbInitEv
                0x00000000080081dc        0x4 ./MyLibs/Src/FFBWheel.o
                0x00000000080081dc                FFBWheel::usbInit()
 .text._ZN8FFBWheel3SOFEv
                0x00000000080081e0        0x8 ./MyLibs/Src/FFBWheel.o
                0x00000000080081e0                FFBWheel::SOF()
 .text._ZN8FFBWheelD2Ev
                0x00000000080081e8       0x50 ./MyLibs/Src/FFBWheel.o
                0x00000000080081e8                FFBWheel::~FFBWheel()
                0x00000000080081e8                FFBWheel::~FFBWheel()
 .text._ZThn4_N8FFBWheelD0Ev
                0x0000000008008238       0x5c ./MyLibs/Src/FFBWheel.o
                0x0000000008008238                non-virtual thunk to FFBWheel::~FFBWheel()
 .text._ZThn8_N8FFBWheelD0Ev
                0x0000000008008294       0x5c ./MyLibs/Src/FFBWheel.o
                0x0000000008008294                non-virtual thunk to FFBWheel::~FFBWheel()
 .text._ZN8FFBWheelD0Ev
                0x00000000080082f0       0x5c ./MyLibs/Src/FFBWheel.o
                0x00000000080082f0                FFBWheel::~FFBWheel()
 .text._ZThn8_N8FFBWheelD1Ev
                0x000000000800834c       0x54 ./MyLibs/Src/FFBWheel.o
                0x000000000800834c                non-virtual thunk to FFBWheel::~FFBWheel()
 .text._ZThn4_N8FFBWheelD1Ev
                0x00000000080083a0       0x50 ./MyLibs/Src/FFBWheel.o
                0x00000000080083a0                non-virtual thunk to FFBWheel::~FFBWheel()
 .text._ZN8FFBWheel15executeCommandsESt6vectorI13ParsedCommandSaIS1_EE
                0x00000000080083f0      0x1d4 ./MyLibs/Src/FFBWheel_commands.o
                0x00000000080083f0                FFBWheel::executeCommands(std::vector<ParsedCommand, std::allocator<ParsedCommand> >)
 .text._ZN9__gnu_cxx12__to_xstringINSt7__cxx1112basic_stringIcSt11char_traitsIcESaIcEEEcEET_PFiPT0_jPKS8_St9__va_listEjSB_z
                0x00000000080085c4       0x80 ./MyLibs/Src/FFBWheel_commands.o
                0x00000000080085c4                std::__cxx11::basic_string<char, std::char_traits<char>, std::allocator<char> > __gnu_cxx::__to_xstring<std::__cxx11::basic_string<char, std::char_traits<char>, std::allocator<char> >, char>(int (*)(char*, unsigned int, char const*, std::__va_list), unsigned int, char const*, ...)
 .text._ZN8FFBWheel7commandEP13ParsedCommandPNSt7__cxx1112basic_stringIcSt11char_traitsIcESaIcEEE
                0x0000000008008644      0x8a0 ./MyLibs/Src/FFBWheel_commands.o
                0x0000000008008644                FFBWheel::command(ParsedCommand*, std::__cxx11::basic_string<char, std::char_traits<char>, std::allocator<char> >*)
 .text._ZThn8_N8FFBWheel7commandEP13ParsedCommandPNSt7__cxx1112basic_stringIcSt11char_traitsIcESaIcEEE
                0x0000000008008ee4        0x8 ./MyLibs/Src/FFBWheel_commands.o
                0x0000000008008ee4                non-virtual thunk to FFBWheel::command(ParsedCommand*, std::__cxx11::basic_string<char, std::char_traits<char>, std::allocator<char> >*)
 .text._Z17usbInit_HID_Wheelv
                0x0000000008008eec       0xb4 ./MyLibs/Src/FFBWheel_usb_init.o
                0x0000000008008eec                usbInit_HID_Wheel()
 .text._ZN7FiltersC2Ev
                0x0000000008008fa0        0x4 ./MyLibs/Src/Filters.o
                0x0000000008008fa0                Filters::Filters()
                0x0000000008008fa0                Filters::Filters()
 .text._ZN7FiltersD2Ev
                0x0000000008008fa4        0x4 ./MyLibs/Src/Filters.o
                0x0000000008008fa4                Filters::~Filters()
                0x0000000008008fa4                Filters::~Filters()
 .text._ZN7Filters8filterInEf
                0x0000000008008fa8      0x1b0 ./MyLibs/Src/Filters.o
                0x0000000008008fa8                Filters::filterIn(float)
 .text._ZN7Filters11initLowPassEv
                0x0000000008009158      0xa50 ./MyLibs/Src/Filters.o
                0x0000000008009158                Filters::initLowPass()
 .text._ZN7FiltersC2Eff5ORDER4TYPE
                0x0000000008009ba8      0x1a8 ./MyLibs/Src/Filters.o
                0x0000000008009ba8                Filters::Filters(float, float, ORDER, TYPE)
                0x0000000008009ba8                Filters::Filters(float, float, ORDER, TYPE)
 .text._ZN6HidFFB6hidGetEhtPPh
                0x0000000008009d50       0x18 ./MyLibs/Src/HidFFB.o
                0x0000000008009d50                HidFFB::hidGet(unsigned char, unsigned short, unsigned char**)
 .text._ZN6HidFFBD2Ev
                0x0000000008009d68       0x30 ./MyLibs/Src/HidFFB.o
                0x0000000008009d68                HidFFB::~HidFFB()
                0x0000000008009d68                HidFFB::~HidFFB()
 .text._ZN6HidFFBD0Ev
                0x0000000008009d98       0x38 ./MyLibs/Src/HidFFB.o
                0x0000000008009d98                HidFFB::~HidFFB()
 .text._ZN6HidFFBC2Ev
                0x0000000008009dd0      0x14c ./MyLibs/Src/HidFFB.o
                0x0000000008009dd0                HidFFB::HidFFB()
                0x0000000008009dd0                HidFFB::HidFFB()
 .text._ZN6HidFFB10new_effectEP34FFB_CreateNewEffect_Feature_Data_t
                0x0000000008009f1c       0xac ./MyLibs/Src/HidFFB.o
                0x0000000008009f1c                HidFFB::new_effect(FFB_CreateNewEffect_Feature_Data_t*)
 .text._ZN6HidFFB6hidOutEPh
                0x0000000008009fc8      0x228 ./MyLibs/Src/HidFFB.o
                0x0000000008009fc8                HidFFB::hidOut(unsigned char*)
 .text._ZN6HidFFB24ConditionForceCalculatorEP10FFB_Effectf
                0x000000000800a1f0      0x11c ./MyLibs/Src/HidFFB.o
                0x000000000800a1f0                HidFFB::ConditionForceCalculator(FFB_Effect*, float)
 *fill*         0x000000000800a30c        0x4 
 .text._ZN6HidFFB16calculateEffectsEP12EncoderLocal
                0x000000000800a310      0x998 ./MyLibs/Src/HidFFB.o
                0x000000000800a310                HidFFB::calculateEffects(EncoderLocal*)
 .text._ZN6HidFFB10set_configEP14FFBWheelConfig
                0x000000000800aca8        0x4 ./MyLibs/Src/HidFFB.o
                0x000000000800aca8                HidFFB::set_config(FFBWheelConfig*)
 .text._ZN12MotorBTS7960D2Ev
                0x000000000800acac       0x20 ./MyLibs/Src/MotorBTS7960.o
                0x000000000800acac                MotorBTS7960::~MotorBTS7960()
                0x000000000800acac                MotorBTS7960::~MotorBTS7960()
 .text._ZN12MotorBTS7960D0Ev
                0x000000000800accc       0x28 ./MyLibs/Src/MotorBTS7960.o
                0x000000000800accc                MotorBTS7960::~MotorBTS7960()
 .text._ZN12MotorBTS79604turnEs
                0x000000000800acf4       0x44 ./MyLibs/Src/MotorBTS7960.o
                0x000000000800acf4                MotorBTS7960::turn(short)
 .text._ZN12MotorBTS7960C2Ev
                0x000000000800ad38       0x3c ./MyLibs/Src/MotorBTS7960.o
                0x000000000800ad38                MotorBTS7960::MotorBTS7960()
                0x000000000800ad38                MotorBTS7960::MotorBTS7960()
 .text._ZN12MotorBTS79605startEv
                0x000000000800ad74        0x8 ./MyLibs/Src/MotorBTS7960.o
                0x000000000800ad74                MotorBTS7960::start()
 .text._ZN12MotorBTS79604stopEv
                0x000000000800ad7c       0x10 ./MyLibs/Src/MotorBTS7960.o
                0x000000000800ad7c                MotorBTS7960::stop()
 .text._ZN12TimerHandler12timerElapsedEP17TIM_HandleTypeDef
                0x000000000800ad8c        0x4 ./MyLibs/Src/TimerHandler.o
                0x000000000800ad8c                TimerHandler::timerElapsed(TIM_HandleTypeDef*)
 .text._ZN12TimerHandlerD2Ev
                0x000000000800ad90       0x50 ./MyLibs/Src/TimerHandler.o
                0x000000000800ad90                TimerHandler::~TimerHandler()
                0x000000000800ad90                TimerHandler::~TimerHandler()
 .text._ZN12TimerHandlerD0Ev
                0x000000000800ade0       0x58 ./MyLibs/Src/TimerHandler.o
                0x000000000800ade0                TimerHandler::~TimerHandler()
 .text._ZN12TimerHandlerC2Ev
                0x000000000800ae38       0xac ./MyLibs/Src/TimerHandler.o
                0x000000000800ae38                TimerHandler::TimerHandler()
                0x000000000800ae38                TimerHandler::TimerHandler()
 .text._ZN13UsbHidHandlerD2Ev
                0x000000000800aee4        0x4 ./MyLibs/Src/UsbHidHandler.o
                0x000000000800aee4                UsbHidHandler::~UsbHidHandler()
                0x000000000800aee4                UsbHidHandler::~UsbHidHandler()
 .text._ZN13UsbHidHandler6hidGetEhtPPh
                0x000000000800aee8        0x4 ./MyLibs/Src/UsbHidHandler.o
                0x000000000800aee8                UsbHidHandler::hidGet(unsigned char, unsigned short, unsigned char**)
 .text._ZN13UsbHidHandler6hidOutEPh
                0x000000000800aeec        0x4 ./MyLibs/Src/UsbHidHandler.o
                0x000000000800aeec                UsbHidHandler::hidOut(unsigned char*)
 .text._ZN13UsbHidHandlerD0Ev
                0x000000000800aef0       0x10 ./MyLibs/Src/UsbHidHandler.o
                0x000000000800aef0                UsbHidHandler::~UsbHidHandler()
 .text._ZN13UsbHidHandlerC2Ev
                0x000000000800af00        0xc ./MyLibs/Src/UsbHidHandler.o
                0x000000000800af00                UsbHidHandler::UsbHidHandler()
                0x000000000800af00                UsbHidHandler::UsbHidHandler()
 .text._ZN13UsbHidHandler19registerHidCallbackEv
                0x000000000800af0c        0xc ./MyLibs/Src/UsbHidHandler.o
                0x000000000800af0c                UsbHidHandler::registerHidCallback()
 .text.HAL_ADC_ConvCpltCallback
                0x000000000800af18       0x28 ./MyLibs/Src/global_callbacks.o
                0x000000000800af18                HAL_ADC_ConvCpltCallback
 .text.HAL_TIM_PeriodElapsedCallback
                0x000000000800af40       0x24 ./MyLibs/Src/global_callbacks.o
                0x000000000800af40                HAL_TIM_PeriodElapsedCallback
 .text.CDC_Callback
                0x000000000800af64       0x2c ./MyLibs/Src/global_callbacks.o
                0x000000000800af64                CDC_Callback
 .text.USBD_OutEvent_HID
                0x000000000800af90       0x14 ./MyLibs/Src/global_callbacks.o
                0x000000000800af90                USBD_OutEvent_HID
 .text.USBD_GetEvent_HID
                0x000000000800afa4       0x24 ./MyLibs/Src/global_callbacks.o
                0x000000000800afa4                USBD_GetEvent_HID
 .text.USB_SOF  0x000000000800afc8       0x10 ./MyLibs/Src/global_callbacks.o
                0x000000000800afc8                USB_SOF
 .text.startup._GLOBAL__sub_I_adcHandlers
                0x000000000800afd8       0x3c ./MyLibs/Src/global_callbacks.o
 .text.exit._GLOBAL__sub_D_adcHandlers
                0x000000000800b014       0x40 ./MyLibs/Src/global_callbacks.o
 .text._Z10updateLedsv
                0x000000000800b054       0x30 ./MyLibs/Src/ledEffects.o
                0x000000000800b054                updateLeds()
 .text._Z11ws2812_initv
                0x000000000800b084       0x18 ./MyLibs/Src/ws2812.o
                0x000000000800b084                ws2812_init()
 .text._Z16setup_rpm_ws2812h
                0x000000000800b09c      0x254 ./MyLibs/Src/ws2812.o
                0x000000000800b09c                setup_rpm_ws2812(unsigned char)
 .text._Z12setup_ws2812P3RGBh
                0x000000000800b2f0      0x1f4 ./MyLibs/Src/ws2812.o
                0x000000000800b2f0                setup_ws2812(RGB*, unsigned char)
 .text.startup._GLOBAL__sub_I_BUF_DMA
                0x000000000800b4e4       0x44 ./MyLibs/Src/ws2812.o
 .text.USBD_CDC_DataIn
                0x000000000800b528       0x34 ./USB/Src/usbd_cdc.o
 .text.USBD_CDC_EP0_RxReady
                0x000000000800b55c       0x34 ./USB/Src/usbd_cdc.o
 .text.USBD_CDC_GetFSCfgDesc
                0x000000000800b590       0x10 ./USB/Src/usbd_cdc.o
 .text.USBD_CDC_GetDeviceQualifierDescriptor
                0x000000000800b5a0       0x10 ./USB/Src/usbd_cdc.o
                0x000000000800b5a0                USBD_CDC_GetDeviceQualifierDescriptor
 .text.USBD_CDC_DataOut
                0x000000000800b5b0       0x34 ./USB/Src/usbd_cdc.o
 .text.USBD_CDC_Setup
                0x000000000800b5e4       0x74 ./USB/Src/usbd_cdc.o
 .text.USBD_CDC_DeInit
                0x000000000800b658       0x40 ./USB/Src/usbd_cdc.o
 .text.USBD_CDC_Init
                0x000000000800b698       0xa0 ./USB/Src/usbd_cdc.o
 .text.USBD_CDC_GetOtherSpeedCfgDesc
                0x000000000800b738       0x10 ./USB/Src/usbd_cdc.o
 .text.USBD_CDC_GetHSCfgDesc
                0x000000000800b748       0x10 ./USB/Src/usbd_cdc.o
 .text.USBD_CDC_RegisterInterface
                0x000000000800b758       0x18 ./USB/Src/usbd_cdc.o
                0x000000000800b758                USBD_CDC_RegisterInterface
 .text.USBD_CDC_SetTxBuffer
                0x000000000800b770       0x14 ./USB/Src/usbd_cdc.o
                0x000000000800b770                USBD_CDC_SetTxBuffer
 .text.USBD_CDC_SetRxBuffer
                0x000000000800b784       0x10 ./USB/Src/usbd_cdc.o
                0x000000000800b784                USBD_CDC_SetRxBuffer
 .text.USBD_CDC_TransmitPacket
                0x000000000800b794       0x50 ./USB/Src/usbd_cdc.o
                0x000000000800b794                USBD_CDC_TransmitPacket
 .text.USBD_CDC_ReceivePacket
                0x000000000800b7e4       0x30 ./USB/Src/usbd_cdc.o
                0x000000000800b7e4                USBD_CDC_ReceivePacket
 .text.CDC_DeInit_FS
                0x000000000800b814        0x4 ./USB/Src/usbd_cdc_if.o
 .text.CDC_Receive_FS
                0x000000000800b818       0x24 ./USB/Src/usbd_cdc_if.o
 .text.CDC_Init_FS
                0x000000000800b83c       0x28 ./USB/Src/usbd_cdc_if.o
 .text.CDC_Control_FS
                0x000000000800b864       0x4c ./USB/Src/usbd_cdc_if.o
 .text.CDC_Transmit_FS
                0x000000000800b8b0       0x44 ./USB/Src/usbd_cdc_if.o
                0x000000000800b8b0                CDC_Transmit_FS
 .text.USBD_Composite_IsoINIncomplete
                0x000000000800b8f4        0x4 ./USB/Src/usbd_composite.o
 .text.USBD_Composite_Init
                0x000000000800b8f8       0x48 ./USB/Src/usbd_composite.o
 .text.USBD_Composite_DeInit
                0x000000000800b940       0x48 ./USB/Src/usbd_composite.o
 .text.USBD_Composite_DataIn
                0x000000000800b988       0x18 ./USB/Src/usbd_composite.o
 .text.USBD_Composite_DataOut
                0x000000000800b9a0       0x18 ./USB/Src/usbd_composite.o
 .text.USBD_Composite_EP0_RxReady
                0x000000000800b9b8       0x38 ./USB/Src/usbd_composite.o
 .text.USBD_Composite_EP0_TxSent
                0x000000000800b9f0        0x4 ./USB/Src/usbd_composite.o
 .text.USBD_Composite_GetFSCfgDesc
                0x000000000800b9f4       0x18 ./USB/Src/usbd_composite.o
 .text.USBD_Composite_GetDeviceQualifierDescriptor
                0x000000000800ba0c       0x10 ./USB/Src/usbd_composite.o
 .text.USBD_Composite_SOF
                0x000000000800ba1c       0x44 ./USB/Src/usbd_composite.o
 .text.USBD_Composite_Setup
                0x000000000800ba60       0x78 ./USB/Src/usbd_composite.o
 .text.USBD_Composite_IsoOUTIncomplete
                0x000000000800bad8        0x4 ./USB/Src/usbd_composite.o
 .text.USBD_Composite_GetHSCfgDesc
                0x000000000800badc       0x18 ./USB/Src/usbd_composite.o
 .text.USBD_Composite_GetOtherSpeedCfgDesc
                0x000000000800baf4       0x18 ./USB/Src/usbd_composite.o
 .text.USBD_Composite_EPIN_To_Class
                0x000000000800bb0c       0x10 ./USB/Src/usbd_composite.o
                0x000000000800bb0c                USBD_Composite_EPIN_To_Class
 .text.USBD_Composite_EPOUT_To_Class
                0x000000000800bb1c       0x10 ./USB/Src/usbd_composite.o
                0x000000000800bb1c                USBD_Composite_EPOUT_To_Class
 .text.USBD_Composite_Set_Classes
                0x000000000800bb2c      0x130 ./USB/Src/usbd_composite.o
                0x000000000800bb2c                USBD_Composite_Set_Classes
 .text.USBD_Composite_InterfaceToClass
                0x000000000800bc5c        0xc ./USB/Src/usbd_composite.o
                0x000000000800bc5c                USBD_Composite_InterfaceToClass
 .text.HAL_PCD_SetupStageCallback
                0x000000000800bc68        0xc ./USB/Src/usbd_conf.o
                0x000000000800bc68                HAL_PCD_SetupStageCallback
 .text.HAL_PCD_DataOutStageCallback
                0x000000000800bc74       0x10 ./USB/Src/usbd_conf.o
                0x000000000800bc74                HAL_PCD_DataOutStageCallback
 .text.HAL_PCD_DataInStageCallback
                0x000000000800bc84       0x10 ./USB/Src/usbd_conf.o
                0x000000000800bc84                HAL_PCD_DataInStageCallback
 .text.HAL_PCD_SOFCallback
                0x000000000800bc94        0x8 ./USB/Src/usbd_conf.o
                0x000000000800bc94                HAL_PCD_SOFCallback
 .text.HAL_PCD_ResetCallback
                0x000000000800bc9c       0x24 ./USB/Src/usbd_conf.o
                0x000000000800bc9c                HAL_PCD_ResetCallback
 .text.HAL_PCD_SuspendCallback
                0x000000000800bcc0       0x20 ./USB/Src/usbd_conf.o
                0x000000000800bcc0                HAL_PCD_SuspendCallback
 .text.HAL_PCD_ResumeCallback
                0x000000000800bce0        0x8 ./USB/Src/usbd_conf.o
                0x000000000800bce0                HAL_PCD_ResumeCallback
 .text.USBD_LL_Init
                0x000000000800bce8       0xa4 ./USB/Src/usbd_conf.o
                0x000000000800bce8                USBD_LL_Init
 .text.USBD_LL_Start
                0x000000000800bd8c       0x1c ./USB/Src/usbd_conf.o
                0x000000000800bd8c                USBD_LL_Start
 .text.USBD_LL_OpenEP
                0x000000000800bda8       0x20 ./USB/Src/usbd_conf.o
                0x000000000800bda8                USBD_LL_OpenEP
 .text.USBD_LL_CloseEP
                0x000000000800bdc8       0x1c ./USB/Src/usbd_conf.o
                0x000000000800bdc8                USBD_LL_CloseEP
 .text.USBD_LL_StallEP
                0x000000000800bde4       0x1c ./USB/Src/usbd_conf.o
                0x000000000800bde4                USBD_LL_StallEP
 .text.USBD_LL_ClearStallEP
                0x000000000800be00       0x1c ./USB/Src/usbd_conf.o
                0x000000000800be00                USBD_LL_ClearStallEP
 .text.USBD_LL_IsStallEP
                0x000000000800be1c       0x20 ./USB/Src/usbd_conf.o
                0x000000000800be1c                USBD_LL_IsStallEP
 .text.USBD_LL_SetUSBAddress
                0x000000000800be3c       0x1c ./USB/Src/usbd_conf.o
                0x000000000800be3c                USBD_LL_SetUSBAddress
 .text.USBD_LL_Transmit
                0x000000000800be58       0x1c ./USB/Src/usbd_conf.o
                0x000000000800be58                USBD_LL_Transmit
 .text.USBD_LL_PrepareReceive
                0x000000000800be74       0x1c ./USB/Src/usbd_conf.o
                0x000000000800be74                USBD_LL_PrepareReceive
 .text.USBD_LL_GetRxDataSize
                0x000000000800be90        0x8 ./USB/Src/usbd_conf.o
                0x000000000800be90                USBD_LL_GetRxDataSize
 .text.HAL_PCDEx_SetConnectionState
                0x000000000800be98        0x4 ./USB/Src/usbd_conf.o
                0x000000000800be98                HAL_PCDEx_SetConnectionState
 .text.USBD_Init
                0x000000000800be9c       0x2c ./USB/Src/usbd_core.o
                0x000000000800be9c                USBD_Init
 .text.USBD_RegisterClass
                0x000000000800bec8       0x10 ./USB/Src/usbd_core.o
                0x000000000800bec8                USBD_RegisterClass
 .text.USBD_Start
                0x000000000800bed8        0xc ./USB/Src/usbd_core.o
                0x000000000800bed8                USBD_Start
 .text.USBD_SetClassConfig
                0x000000000800bee4       0x14 ./USB/Src/usbd_core.o
                0x000000000800bee4                USBD_SetClassConfig
 .text.USBD_ClrClassConfig
                0x000000000800bef8       0x10 ./USB/Src/usbd_core.o
                0x000000000800bef8                USBD_ClrClassConfig
 .text.USBD_LL_SetupStage
                0x000000000800bf08       0x5c ./USB/Src/usbd_core.o
                0x000000000800bf08                USBD_LL_SetupStage
 .text.USBD_LL_DataOutStage
                0x000000000800bf64       0x7c ./USB/Src/usbd_core.o
                0x000000000800bf64                USBD_LL_DataOutStage
 .text.USBD_LL_DataInStage
                0x000000000800bfe0       0xc0 ./USB/Src/usbd_core.o
                0x000000000800bfe0                USBD_LL_DataInStage
 .text.USBD_LL_Reset
                0x000000000800c0a0       0x48 ./USB/Src/usbd_core.o
                0x000000000800c0a0                USBD_LL_Reset
 .text.USBD_LL_SetSpeed
                0x000000000800c0e8        0x8 ./USB/Src/usbd_core.o
                0x000000000800c0e8                USBD_LL_SetSpeed
 .text.USBD_LL_Suspend
                0x000000000800c0f0       0x14 ./USB/Src/usbd_core.o
                0x000000000800c0f0                USBD_LL_Suspend
 .text.USBD_LL_Resume
                0x000000000800c104       0x14 ./USB/Src/usbd_core.o
                0x000000000800c104                USBD_LL_Resume
 .text.USBD_LL_SOF
                0x000000000800c118       0x1c ./USB/Src/usbd_core.o
                0x000000000800c118                USBD_LL_SOF
 .text.USBD_StdDevReq
                0x000000000800c134      0x2f4 ./USB/Src/usbd_ctlreq.o
                0x000000000800c134                USBD_StdDevReq
 .text.USBD_StdItfReq
                0x000000000800c428       0x68 ./USB/Src/usbd_ctlreq.o
                0x000000000800c428                USBD_StdItfReq
 .text.USBD_StdEPReq
                0x000000000800c490      0x100 ./USB/Src/usbd_ctlreq.o
                0x000000000800c490                USBD_StdEPReq
 .text.USBD_ParseSetupRequest
                0x000000000800c590       0x28 ./USB/Src/usbd_ctlreq.o
                0x000000000800c590                USBD_ParseSetupRequest
 .text.USBD_CtlError
                0x000000000800c5b8       0x18 ./USB/Src/usbd_ctlreq.o
                0x000000000800c5b8                USBD_CtlError
 .text.USBD_GetString
                0x000000000800c5d0       0x4c ./USB/Src/usbd_ctlreq.o
                0x000000000800c5d0                USBD_GetString
 .text.CUSTOM_HID_Init_FS
                0x000000000800c61c        0x4 ./USB/Src/usbd_custom_hid_if.o
 .text.CUSTOM_HID_GetEvent_FS
                0x000000000800c620       0x10 ./USB/Src/usbd_custom_hid_if.o
 .text.CUSTOM_HID_OutEvent_FS
                0x000000000800c630        0xc ./USB/Src/usbd_custom_hid_if.o
 .text.CUSTOM_HID_DeInit_FS
                0x000000000800c63c        0x4 ./USB/Src/usbd_custom_hid_if.o
 .text.USBD_CUSTOM_HID_GetFSCfgDesc
                0x000000000800c640       0x10 ./USB/Src/usbd_customhid.o
 .text.USBD_CUSTOM_HID_GetHSCfgDesc
                0x000000000800c650       0x10 ./USB/Src/usbd_customhid.o
 .text.USBD_CUSTOM_HID_GetOtherSpeedCfgDesc
                0x000000000800c660       0x10 ./USB/Src/usbd_customhid.o
 .text.USBD_CUSTOM_HID_DataIn
                0x000000000800c670       0x10 ./USB/Src/usbd_customhid.o
 .text.USBD_CUSTOM_HID_EP0_RxReady
                0x000000000800c680       0x24 ./USB/Src/usbd_customhid.o
 .text.USBD_CUSTOM_HID_GetDeviceQualifierDesc
                0x000000000800c6a4       0x10 ./USB/Src/usbd_customhid.o
 .text.USBD_CUSTOM_HID_DataOut
                0x000000000800c6b4       0x20 ./USB/Src/usbd_customhid.o
 .text.USBD_CUSTOM_HID_Setup
                0x000000000800c6d4      0x15c ./USB/Src/usbd_customhid.o
 .text.USBD_CUSTOM_HID_DeInit
                0x000000000800c830       0x34 ./USB/Src/usbd_customhid.o
 .text.USBD_CUSTOM_HID_Init
                0x000000000800c864       0x50 ./USB/Src/usbd_customhid.o
 .text.USBD_CUSTOM_HID_SendReport
                0x000000000800c8b4       0x34 ./USB/Src/usbd_customhid.o
                0x000000000800c8b4                USBD_CUSTOM_HID_SendReport
 .text.USBD_CUSTOM_HID_RegisterInterface
                0x000000000800c8e8       0x10 ./USB/Src/usbd_customhid.o
                0x000000000800c8e8                USBD_CUSTOM_HID_RegisterInterface
 .text.USBD_FS_DeviceDescriptor_Composite
                0x000000000800c8f8        0xc ./USB/Src/usbd_desc.o
                0x000000000800c8f8                USBD_FS_DeviceDescriptor_Composite
 .text.USBD_FS_LangIDStrDescriptor
                0x000000000800c904        0xc ./USB/Src/usbd_desc.o
                0x000000000800c904                USBD_FS_LangIDStrDescriptor
 .text.USBD_FS_ManufacturerStrDescriptor
                0x000000000800c910       0x1c ./USB/Src/usbd_desc.o
                0x000000000800c910                USBD_FS_ManufacturerStrDescriptor
 .text.USBD_FS_ProductStrDescriptor
                0x000000000800c92c       0x1c ./USB/Src/usbd_desc.o
                0x000000000800c92c                USBD_FS_ProductStrDescriptor
 .text.USBD_FS_SerialStrDescriptor
                0x000000000800c948       0x1c ./USB/Src/usbd_desc.o
                0x000000000800c948                USBD_FS_SerialStrDescriptor
 .text.USBD_FS_ConfigStrDescriptor
                0x000000000800c964       0x1c ./USB/Src/usbd_desc.o
                0x000000000800c964                USBD_FS_ConfigStrDescriptor
 .text.USBD_FS_InterfaceStrDescriptor
                0x000000000800c980       0x1c ./USB/Src/usbd_desc.o
                0x000000000800c980                USBD_FS_InterfaceStrDescriptor
 .text.USBD_CtlSendData
                0x000000000800c99c       0x1c ./USB/Src/usbd_ioreq.o
                0x000000000800c99c                USBD_CtlSendData
 .text.USBD_CtlContinueSendData
                0x000000000800c9b8       0x14 ./USB/Src/usbd_ioreq.o
                0x000000000800c9b8                USBD_CtlContinueSendData
 .text.USBD_CtlPrepareRx
                0x000000000800c9cc       0x1c ./USB/Src/usbd_ioreq.o
                0x000000000800c9cc                USBD_CtlPrepareRx
 .text.USBD_CtlContinueRx
                0x000000000800c9e8       0x14 ./USB/Src/usbd_ioreq.o
                0x000000000800c9e8                USBD_CtlContinueRx
 .text.USBD_CtlSendStatus
                0x000000000800c9fc       0x18 ./USB/Src/usbd_ioreq.o
                0x000000000800c9fc                USBD_CtlSendStatus
 .text.USBD_CtlReceiveStatus
                0x000000000800ca14       0x18 ./USB/Src/usbd_ioreq.o
                0x000000000800ca14                USBD_CtlReceiveStatus
 .text._ZdlPv   0x000000000800ca2c        0x4 f:/stm32cubeide_1.3.0/stm32cubeide/plugins/com.st.stm32cube.ide.mcu.externaltools.gnu-tools-for-stm32.9-2020-q2-update.win32_2.0.0.202105311346/tools/bin/../lib/gcc/arm-none-eabi/9.3.1/../../../../arm-none-eabi/lib/thumb/v7-m/nofp\libstdc++_nano.a(del_op.o)
                0x000000000800ca2c                operator delete(void*)
 .text._ZdlPvj  0x000000000800ca30        0x4 f:/stm32cubeide_1.3.0/stm32cubeide/plugins/com.st.stm32cube.ide.mcu.externaltools.gnu-tools-for-stm32.9-2020-q2-update.win32_2.0.0.202105311346/tools/bin/../lib/gcc/arm-none-eabi/9.3.1/../../../../arm-none-eabi/lib/thumb/v7-m/nofp\libstdc++_nano.a(del_ops.o)
                0x000000000800ca30                operator delete(void*, unsigned int)
 .text._Znwj    0x000000000800ca34       0x22 f:/stm32cubeide_1.3.0/stm32cubeide/plugins/com.st.stm32cube.ide.mcu.externaltools.gnu-tools-for-stm32.9-2020-q2-update.win32_2.0.0.202105311346/tools/bin/../lib/gcc/arm-none-eabi/9.3.1/../../../../arm-none-eabi/lib/thumb/v7-m/nofp\libstdc++_nano.a(new_op.o)
                0x000000000800ca34                operator new(unsigned int)
 .text._Znaj    0x000000000800ca56        0x4 f:/stm32cubeide_1.3.0/stm32cubeide/plugins/com.st.stm32cube.ide.mcu.externaltools.gnu-tools-for-stm32.9-2020-q2-update.win32_2.0.0.202105311346/tools/bin/../lib/gcc/arm-none-eabi/9.3.1/../../../../arm-none-eabi/lib/thumb/v7-m/nofp\libstdc++_nano.a(new_opv.o)
                0x000000000800ca56                operator new[](unsigned int)
 .text.unlikely._ZSt17__throw_bad_allocv
                0x000000000800ca5a        0x6 f:/stm32cubeide_1.3.0/stm32cubeide/plugins/com.st.stm32cube.ide.mcu.externaltools.gnu-tools-for-stm32.9-2020-q2-update.win32_2.0.0.202105311346/tools/bin/../lib/gcc/arm-none-eabi/9.3.1/../../../../arm-none-eabi/lib/thumb/v7-m/nofp\libstdc++_nano.a(functexcept.o)
                0x000000000800ca5a                std::__throw_bad_alloc()
 .text.unlikely._ZSt19__throw_logic_errorPKc
                0x000000000800ca60        0x6 f:/stm32cubeide_1.3.0/stm32cubeide/plugins/com.st.stm32cube.ide.mcu.externaltools.gnu-tools-for-stm32.9-2020-q2-update.win32_2.0.0.202105311346/tools/bin/../lib/gcc/arm-none-eabi/9.3.1/../../../../arm-none-eabi/lib/thumb/v7-m/nofp\libstdc++_nano.a(functexcept.o)
                0x000000000800ca60                std::__throw_logic_error(char const*)
 .text.unlikely._ZSt24__throw_invalid_argumentPKc
                0x000000000800ca66        0x6 f:/stm32cubeide_1.3.0/stm32cubeide/plugins/com.st.stm32cube.ide.mcu.externaltools.gnu-tools-for-stm32.9-2020-q2-update.win32_2.0.0.202105311346/tools/bin/../lib/gcc/arm-none-eabi/9.3.1/../../../../arm-none-eabi/lib/thumb/v7-m/nofp\libstdc++_nano.a(functexcept.o)
                0x000000000800ca66                std::__throw_invalid_argument(char const*)
 .text.unlikely._ZSt20__throw_length_errorPKc
                0x000000000800ca6c        0x6 f:/stm32cubeide_1.3.0/stm32cubeide/plugins/com.st.stm32cube.ide.mcu.externaltools.gnu-tools-for-stm32.9-2020-q2-update.win32_2.0.0.202105311346/tools/bin/../lib/gcc/arm-none-eabi/9.3.1/../../../../arm-none-eabi/lib/thumb/v7-m/nofp\libstdc++_nano.a(functexcept.o)
                0x000000000800ca6c                std::__throw_length_error(char const*)
 .text.unlikely._ZSt20__throw_out_of_rangePKc
                0x000000000800ca72        0x6 f:/stm32cubeide_1.3.0/stm32cubeide/plugins/com.st.stm32cube.ide.mcu.externaltools.gnu-tools-for-stm32.9-2020-q2-update.win32_2.0.0.202105311346/tools/bin/../lib/gcc/arm-none-eabi/9.3.1/../../../../arm-none-eabi/lib/thumb/v7-m/nofp\libstdc++_nano.a(functexcept.o)
                0x000000000800ca72                std::__throw_out_of_range(char const*)
 .text._ZSt24__throw_out_of_range_fmtPKcz
                0x000000000800ca78       0x36 f:/stm32cubeide_1.3.0/stm32cubeide/plugins/com.st.stm32cube.ide.mcu.externaltools.gnu-tools-for-stm32.9-2020-q2-update.win32_2.0.0.202105311346/tools/bin/../lib/gcc/arm-none-eabi/9.3.1/../../../../arm-none-eabi/lib/thumb/v7-m/nofp\libstdc++_nano.a(functexcept.o)
                0x000000000800ca78                std::__throw_out_of_range_fmt(char const*, ...)
 *fill*         0x000000000800caae        0x2 
 .text._ZN9__gnu_cxx26__throw_insufficient_spaceEPKcS1_
                0x000000000800cab0       0x4c f:/stm32cubeide_1.3.0/stm32cubeide/plugins/com.st.stm32cube.ide.mcu.externaltools.gnu-tools-for-stm32.9-2020-q2-update.win32_2.0.0.202105311346/tools/bin/../lib/gcc/arm-none-eabi/9.3.1/../../../../arm-none-eabi/lib/thumb/v7-m/nofp\libstdc++_nano.a(snprintf_lite.o)
                0x000000000800cab0                __gnu_cxx::__throw_insufficient_space(char const*, char const*)
 .text._ZN9__gnu_cxx15__concat_size_tEPcjj
                0x000000000800cafc       0x58 f:/stm32cubeide_1.3.0/stm32cubeide/plugins/com.st.stm32cube.ide.mcu.externaltools.gnu-tools-for-stm32.9-2020-q2-update.win32_2.0.0.202105311346/tools/bin/../lib/gcc/arm-none-eabi/9.3.1/../../../../arm-none-eabi/lib/thumb/v7-m/nofp\libstdc++_nano.a(snprintf_lite.o)
                0x000000000800cafc                __gnu_cxx::__concat_size_t(char*, unsigned int, unsigned int)
 .text._ZN9__gnu_cxx15__snprintf_liteEPcjPKcSt9__va_list
                0x000000000800cb54       0x82 f:/stm32cubeide_1.3.0/stm32cubeide/plugins/com.st.stm32cube.ide.mcu.externaltools.gnu-tools-for-stm32.9-2020-q2-update.win32_2.0.0.202105311346/tools/bin/../lib/gcc/arm-none-eabi/9.3.1/../../../../arm-none-eabi/lib/thumb/v7-m/nofp\libstdc++_nano.a(snprintf_lite.o)
                0x000000000800cb54                __gnu_cxx::__snprintf_lite(char*, unsigned int, char const*, std::__va_list)
 .text._ZNSt11char_traitsIcE7compareEPKcS2_j
                0x000000000800cbd6        0xa f:/stm32cubeide_1.3.0/stm32cubeide/plugins/com.st.stm32cube.ide.mcu.externaltools.gnu-tools-for-stm32.9-2020-q2-update.win32_2.0.0.202105311346/tools/bin/../lib/gcc/arm-none-eabi/9.3.1/../../../../arm-none-eabi/lib/thumb/v7-m/nofp\libstdc++_nano.a(string-inst.o)
                0x000000000800cbd6                std::char_traits<char>::compare(char const*, char const*, unsigned int)
 .text._ZNSt11char_traitsIcE4findEPKcjRS1_
                0x000000000800cbe0       0x10 f:/stm32cubeide_1.3.0/stm32cubeide/plugins/com.st.stm32cube.ide.mcu.externaltools.gnu-tools-for-stm32.9-2020-q2-update.win32_2.0.0.202105311346/tools/bin/../lib/gcc/arm-none-eabi/9.3.1/../../../../arm-none-eabi/lib/thumb/v7-m/nofp\libstdc++_nano.a(string-inst.o)
                0x000000000800cbe0                std::char_traits<char>::find(char const*, unsigned int, char const&)
 .text._ZNSt11char_traitsIcE4copyEPcPKcj
                0x000000000800cbf0        0x8 f:/stm32cubeide_1.3.0/stm32cubeide/plugins/com.st.stm32cube.ide.mcu.externaltools.gnu-tools-for-stm32.9-2020-q2-update.win32_2.0.0.202105311346/tools/bin/../lib/gcc/arm-none-eabi/9.3.1/../../../../arm-none-eabi/lib/thumb/v7-m/nofp\libstdc++_nano.a(string-inst.o)
                0x000000000800cbf0                std::char_traits<char>::copy(char*, char const*, unsigned int)
 .text._ZNSt7__cxx1112basic_stringIcSt11char_traitsIcESaIcEE9_M_createERjj
                0x000000000800cbf8       0x44 f:/stm32cubeide_1.3.0/stm32cubeide/plugins/com.st.stm32cube.ide.mcu.externaltools.gnu-tools-for-stm32.9-2020-q2-update.win32_2.0.0.202105311346/tools/bin/../lib/gcc/arm-none-eabi/9.3.1/../../../../arm-none-eabi/lib/thumb/v7-m/nofp\libstdc++_nano.a(string-inst.o)
                0x000000000800cbf8                std::__cxx11::basic_string<char, std::char_traits<char>, std::allocator<char> >::_M_create(unsigned int&, unsigned int)
 .text._ZNSt7__cxx1112basic_stringIcSt11char_traitsIcESaIcEE10_M_disposeEv
                0x000000000800cc3c       0x10 f:/stm32cubeide_1.3.0/stm32cubeide/plugins/com.st.stm32cube.ide.mcu.externaltools.gnu-tools-for-stm32.9-2020-q2-update.win32_2.0.0.202105311346/tools/bin/../lib/gcc/arm-none-eabi/9.3.1/../../../../arm-none-eabi/lib/thumb/v7-m/nofp\libstdc++_nano.a(string-inst.o)
                0x000000000800cc3c                std::__cxx11::basic_string<char, std::char_traits<char>, std::allocator<char> >::_M_dispose()
 .text._ZNKSt7__cxx1112basic_stringIcSt11char_traitsIcESaIcEE15_M_check_lengthEjjPKc
                0x000000000800cc4c       0x18 f:/stm32cubeide_1.3.0/stm32cubeide/plugins/com.st.stm32cube.ide.mcu.externaltools.gnu-tools-for-stm32.9-2020-q2-update.win32_2.0.0.202105311346/tools/bin/../lib/gcc/arm-none-eabi/9.3.1/../../../../arm-none-eabi/lib/thumb/v7-m/nofp\libstdc++_nano.a(string-inst.o)
                0x000000000800cc4c                std::__cxx11::basic_string<char, std::char_traits<char>, std::allocator<char> >::_M_check_length(unsigned int, unsigned int, char const*) const
 .text._ZNSt7__cxx1112basic_stringIcSt11char_traitsIcESaIcEE7_S_copyEPcPKcj
                0x000000000800cc64       0x12 f:/stm32cubeide_1.3.0/stm32cubeide/plugins/com.st.stm32cube.ide.mcu.externaltools.gnu-tools-for-stm32.9-2020-q2-update.win32_2.0.0.202105311346/tools/bin/../lib/gcc/arm-none-eabi/9.3.1/../../../../arm-none-eabi/lib/thumb/v7-m/nofp\libstdc++_nano.a(string-inst.o)
                0x000000000800cc64                std::__cxx11::basic_string<char, std::char_traits<char>, std::allocator<char> >::_S_copy(char*, char const*, unsigned int)
 .text._ZNSt7__cxx1112basic_stringIcSt11char_traitsIcESaIcEE9_M_assignERKS4_
                0x000000000800cc76       0x4c f:/stm32cubeide_1.3.0/stm32cubeide/plugins/com.st.stm32cube.ide.mcu.externaltools.gnu-tools-for-stm32.9-2020-q2-update.win32_2.0.0.202105311346/tools/bin/../lib/gcc/arm-none-eabi/9.3.1/../../../../arm-none-eabi/lib/thumb/v7-m/nofp\libstdc++_nano.a(string-inst.o)
                0x000000000800cc76                std::__cxx11::basic_string<char, std::char_traits<char>, std::allocator<char> >::_M_assign(std::__cxx11::basic_string<char, std::char_traits<char>, std::allocator<char> > const&)
 .text._ZNSt7__cxx1112basic_stringIcSt11char_traitsIcESaIcEE9_M_mutateEjjPKcj
                0x000000000800ccc2       0x76 f:/stm32cubeide_1.3.0/stm32cubeide/plugins/com.st.stm32cube.ide.mcu.externaltools.gnu-tools-for-stm32.9-2020-q2-update.win32_2.0.0.202105311346/tools/bin/../lib/gcc/arm-none-eabi/9.3.1/../../../../arm-none-eabi/lib/thumb/v7-m/nofp\libstdc++_nano.a(string-inst.o)
                0x000000000800ccc2                std::__cxx11::basic_string<char, std::char_traits<char>, std::allocator<char> >::_M_mutate(unsigned int, unsigned int, char const*, unsigned int)
 .text._ZNSt7__cxx1112basic_stringIcSt11char_traitsIcESaIcEE9push_backEc
                0x000000000800cd38       0x3a f:/stm32cubeide_1.3.0/stm32cubeide/plugins/com.st.stm32cube.ide.mcu.externaltools.gnu-tools-for-stm32.9-2020-q2-update.win32_2.0.0.202105311346/tools/bin/../lib/gcc/arm-none-eabi/9.3.1/../../../../arm-none-eabi/lib/thumb/v7-m/nofp\libstdc++_nano.a(string-inst.o)
                0x000000000800cd38                std::__cxx11::basic_string<char, std::char_traits<char>, std::allocator<char> >::push_back(char)
 .text._ZNSt7__cxx1112basic_stringIcSt11char_traitsIcESaIcEE9_M_appendEPKcj
                0x000000000800cd72       0x40 f:/stm32cubeide_1.3.0/stm32cubeide/plugins/com.st.stm32cube.ide.mcu.externaltools.gnu-tools-for-stm32.9-2020-q2-update.win32_2.0.0.202105311346/tools/bin/../lib/gcc/arm-none-eabi/9.3.1/../../../../arm-none-eabi/lib/thumb/v7-m/nofp\libstdc++_nano.a(string-inst.o)
                0x000000000800cd72                std::__cxx11::basic_string<char, std::char_traits<char>, std::allocator<char> >::_M_append(char const*, unsigned int)
 *fill*         0x000000000800cdb2        0x2 
 .text._ZNSt7__cxx1112basic_stringIcSt11char_traitsIcESaIcEE6appendEPKc
                0x000000000800cdb4       0x2c f:/stm32cubeide_1.3.0/stm32cubeide/plugins/com.st.stm32cube.ide.mcu.externaltools.gnu-tools-for-stm32.9-2020-q2-update.win32_2.0.0.202105311346/tools/bin/../lib/gcc/arm-none-eabi/9.3.1/../../../../arm-none-eabi/lib/thumb/v7-m/nofp\libstdc++_nano.a(string-inst.o)