usbd_conf.c:38:6:HAL_PCD_SetupStageCallback	16	static
usbd_conf.c:53:6:HAL_PCD_DataOutStageCallback	16	static
usbd_conf.c:68:6:HAL_PCD_DataInStageCallback	16	static
usbd_conf.c:82:6:HAL_PCD_SOFCallback	16	static
usbd_conf.c:96:6:HAL_PCD_ResetCallback	24	static
usbd_conf.c:121:6:HAL_PCD_SuspendCallback	16	static
usbd_conf.c:145:6:HAL_PCD_ResumeCallback	16	static
usbd_conf.c:163:6:HAL_PCD_ISOOUTIncompleteCallback	16	static
usbd_conf.c:178:6:HAL_PCD_ISOINIncompleteCallback	16	static
usbd_conf.c:192:6:HAL_PCD_ConnectCallback	16	static
usbd_conf.c:206:6:HAL_PCD_DisconnectCallback	16	static
usbd_conf.c:221:20:USBD_LL_Init	16	static
usbd_conf.c:276:20:USBD_LL_DeInit	24	static
usbd_conf.c:293:20:USBD_LL_Start	24	static
usbd_conf.c:310:20:USBD_LL_Stop	24	static
usbd_conf.c:330:20:USBD_LL_OpenEP	24	static
usbd_conf.c:348:20:USBD_LL_CloseEP	24	static
usbd_conf.c:366:20:USBD_LL_FlushEP	24	static
usbd_conf.c:384:20:USBD_LL_StallEP	24	static
usbd_conf.c:402:20:USBD_LL_ClearStallEP	24	static
usbd_conf.c:420:9:USBD_LL_IsStallEP	24	static
usbd_conf.c:440:20:USBD_LL_SetUSBAddress	24	static
usbd_conf.c:460:20:USBD_LL_Transmit	32	static
usbd_conf.c:480:20:USBD_LL_PrepareReceive	32	static
usbd_conf.c:498:10:USBD_LL_GetRxDataSize	16	static
usbd_conf.c:508:6:USBD_LL_Delay	16	static
usbd_conf.c:524:6:HAL_PCDEx_SetConnectionState	16	static
usbd_conf.c:546:20:USBD_Get_USB_Status	24	static
